position=1 candidate=df9ef8675c4e1bc453463bbb8c9954837070d50ab9e9847c51fe312f11ed9908 stderr=/home/orange/code/tvm/python/tvm/target/target.py:301: UserWarning: target_host parameter is going to be deprecated. Please pass in tvm.target.Target(target, host=target_host) instead.
  warnings.warn(
2026-09-11 00:36:54.449 INFO load_module /tmp/tmpf1gsg1ck/df9ef8675c4e1bc453463bbb8c9954837070d50ab9e9847c51fe312f11ed9908.o

position=2 candidate=a7157fccec480fdb7db359c9643912303ae06e6e5d2a642071a496f35c1de7f5 stderr=/home/orange/code/tvm/python/tvm/target/target.py:301: UserWarning: target_host parameter is going to be deprecated. Please pass in tvm.target.Target(target, host=target_host) instead.
  warnings.warn(
2026-09-11 00:36:56.235 INFO load_module /tmp/tmpijlsehuh/a7157fccec480fdb7db359c9643912303ae06e6e5d2a642071a496f35c1de7f5.o

position=3 candidate=707d20f4efc2df03447f1c6647f8e8dec45fc13cabffafaa6e41b9d0b7daf0d1 stderr=/home/orange/code/tvm/python/tvm/target/target.py:301: UserWarning: target_host parameter is going to be deprecated. Please pass in tvm.target.Target(target, host=target_host) instead.
  warnings.warn(
2026-09-11 00:36:57.997 INFO load_module /tmp/tmp74p5545n/707d20f4efc2df03447f1c6647f8e8dec45fc13cabffafaa6e41b9d0b7daf0d1.o

position=5 candidate=b22851fec3cd6fd024bbe984b69e90e811c1e1b127f3e8e9b811246972b02462 stderr=/home/orange/code/tvm/python/tvm/target/target.py:301: UserWarning: target_host parameter is going to be deprecated. Please pass in tvm.target.Target(target, host=target_host) instead.
  warnings.warn(
2026-09-11 00:36:59.869 INFO load_module /tmp/tmphijtz740/b22851fec3cd6fd024bbe984b69e90e811c1e1b127f3e8e9b811246972b02462.o

position=7 candidate=0ce077ce31a18afee6ee51aa01ce86f53c1a7d8c01d117fec50fc4664b7c51e5 stderr=/home/orange/code/tvm/python/tvm/target/target.py:301: UserWarning: target_host parameter is going to be deprecated. Please pass in tvm.target.Target(target, host=target_host) instead.
  warnings.warn(
2026-09-11 00:37:01.836 INFO load_module /tmp/tmplr30bd_c/0ce077ce31a18afee6ee51aa01ce86f53c1a7d8c01d117fec50fc4664b7c51e5.o

position=8 candidate=9d5e7942d097e177310cbb05d33915ea7691399f2108835afe29f463eb946109 stderr=/home/orange/code/tvm/python/tvm/target/target.py:301: UserWarning: target_host parameter is going to be deprecated. Please pass in tvm.target.Target(target, host=target_host) instead.
  warnings.warn(
2026-09-11 00:37:03.492 INFO load_module /tmp/tmpuadvi7tn/9d5e7942d097e177310cbb05d33915ea7691399f2108835afe29f463eb946109.o

position=9 candidate=819d5ba4a81f36d6eff12c6fca6a2bf1ed30c923bf2c864ad6172a874a4086cc stderr=/home/orange/code/tvm/python/tvm/target/target.py:301: UserWarning: target_host parameter is going to be deprecated. Please pass in tvm.target.Target(target, host=target_host) instead.
  warnings.warn(
2026-09-11 00:37:05.194 INFO load_module /tmp/tmppwbno5ts/819d5ba4a81f36d6eff12c6fca6a2bf1ed30c923bf2c864ad6172a874a4086cc.o

position=11 candidate=9b9a1f95d708768e187044510abbdbb742ff871923b7e33ccef303e83aea3410 stderr=/home/orange/code/tvm/python/tvm/target/target.py:301: UserWarning: target_host parameter is going to be deprecated. Please pass in tvm.target.Target(target, host=target_host) instead.
  warnings.warn(
2026-09-11 00:37:06.961 INFO load_module /tmp/tmpnzqv9wrc/9b9a1f95d708768e187044510abbdbb742ff871923b7e33ccef303e83aea3410.o

position=13 candidate=b975b5e12b53db2d6ef72f8ce10b839cca0c9a7495115f8d7172deaf0996f77a stderr=/home/orange/code/tvm/python/tvm/target/target.py:301: UserWarning: target_host parameter is going to be deprecated. Please pass in tvm.target.Target(target, host=target_host) instead.
  warnings.warn(
2026-09-11 00:37:09.012 INFO load_module /tmp/tmp5mc_8c17/b975b5e12b53db2d6ef72f8ce10b839cca0c9a7495115f8d7172deaf0996f77a.o

position=14 candidate=9a678c58e172e0741dda80aadce44e70ae7e56c9de3fd75c1c138e17b78197f9 stderr=/home/orange/code/tvm/python/tvm/target/target.py:301: UserWarning: target_host parameter is going to be deprecated. Please pass in tvm.target.Target(target, host=target_host) instead.
  warnings.warn(
2026-09-11 00:37:11.096 INFO load_module /tmp/tmpwyh9k0ym/9a678c58e172e0741dda80aadce44e70ae7e56c9de3fd75c1c138e17b78197f9.o

position=15 candidate=f09f263b8c5f798b4950d2a54d3dd12c0e4b44d8bd0850646c94a47c18958a08 stderr=/home/orange/code/tvm/python/tvm/target/target.py:301: UserWarning: target_host parameter is going to be deprecated. Please pass in tvm.target.Target(target, host=target_host) instead.
  warnings.warn(
2026-09-11 00:37:12.963 INFO load_module /tmp/tmpth4ys2a3/f09f263b8c5f798b4950d2a54d3dd12c0e4b44d8bd0850646c94a47c18958a08.o

position=17 candidate=25c27a04cb4d1e915c221d1b623f057909ed518ee4fc36bda84c077d89b6ab32 stderr=/home/orange/code/tvm/python/tvm/target/target.py:301: UserWarning: target_host parameter is going to be deprecated. Please pass in tvm.target.Target(target, host=target_host) instead.
  warnings.warn(
2026-09-11 00:37:14.994 INFO load_module /tmp/tmp1v4vdgg9/25c27a04cb4d1e915c221d1b623f057909ed518ee4fc36bda84c077d89b6ab32.o

position=19 candidate=f748d95031828a1dcce6396e3b2c0e44929b7dd599b9ab5d210fe3b9e5b48991 stderr=/home/orange/code/tvm/python/tvm/target/target.py:301: UserWarning: target_host parameter is going to be deprecated. Please pass in tvm.target.Target(target, host=target_host) instead.
  warnings.warn(
2026-09-11 00:37:16.826 INFO load_module /tmp/tmpo_91pzal/f748d95031828a1dcce6396e3b2c0e44929b7dd599b9ab5d210fe3b9e5b48991.o

position=20 candidate=a457ba657eb7b2c9df0cf0559e4d1dca64afa600bf6edb2a9d9bbf735022a51d stderr=/home/orange/code/tvm/python/tvm/target/target.py:301: UserWarning: target_host parameter is going to be deprecated. Please pass in tvm.target.Target(target, host=target_host) instead.
  warnings.warn(
2026-09-11 00:37:18.427 INFO load_module /tmp/tmpifpmy__q/a457ba657eb7b2c9df0cf0559e4d1dca64afa600bf6edb2a9d9bbf735022a51d.o

position=21 candidate=c57c8913a831859e38c888df889d2996bb179c9ad318ada0176b69399aa74671 stderr=/home/orange/code/tvm/python/tvm/target/target.py:301: UserWarning: target_host parameter is going to be deprecated. Please pass in tvm.target.Target(target, host=target_host) instead.
  warnings.warn(
2026-09-11 00:37:20.476 INFO load_module /tmp/tmpszezu7fp/c57c8913a831859e38c888df889d2996bb179c9ad318ada0176b69399aa74671.o

position=23 candidate=a9f932ce145fecf8b1847650f8ac52ae1ddc69f879943953365d8feb7306d25d stderr=/home/orange/code/tvm/python/tvm/target/target.py:301: UserWarning: target_host parameter is going to be deprecated. Please pass in tvm.target.Target(target, host=target_host) instead.
  warnings.warn(
2026-09-11 00:37:22.101 INFO load_module /tmp/tmp_c3wbaz6/a9f932ce145fecf8b1847650f8ac52ae1ddc69f879943953365d8feb7306d25d.o

position=24 candidate=eafb825da0afd4d49a585dc62c7341ee73e877339ab8480e6c1837042f7f4b09 stderr=/home/orange/code/tvm/python/tvm/target/target.py:301: UserWarning: target_host parameter is going to be deprecated. Please pass in tvm.target.Target(target, host=target_host) instead.
  warnings.warn(
2026-09-11 00:37:25.723 INFO load_module /tmp/tmpmug65cib/eafb825da0afd4d49a585dc62c7341ee73e877339ab8480e6c1837042f7f4b09.o

position=26 candidate=2ad0ed6e87936bf9d4c2eba7e7ae3b16e0f3a066b89996d6074c04fe11882673 stderr=/home/orange/code/tvm/python/tvm/target/target.py:301: UserWarning: target_host parameter is going to be deprecated. Please pass in tvm.target.Target(target, host=target_host) instead.
  warnings.warn(
2026-09-11 00:37:27.494 INFO load_module /tmp/tmpcb_mvst_/2ad0ed6e87936bf9d4c2eba7e7ae3b16e0f3a066b89996d6074c04fe11882673.o

position=27 candidate=fd40e99d0206e64df5ca35916e3768d19aa1afabaf30065edba1c2f0f0a5010b stderr=/home/orange/code/tvm/python/tvm/target/target.py:301: UserWarning: target_host parameter is going to be deprecated. Please pass in tvm.target.Target(target, host=target_host) instead.
  warnings.warn(
2026-09-11 00:37:29.359 INFO load_module /tmp/tmphamjdm7x/fd40e99d0206e64df5ca35916e3768d19aa1afabaf30065edba1c2f0f0a5010b.o

position=29 candidate=9e080bbf7e26bc73f3577a5e0a31fe808847700188e9982ccd173880488166e0 stderr=/home/orange/code/tvm/python/tvm/target/target.py:301: UserWarning: target_host parameter is going to be deprecated. Please pass in tvm.target.Target(target, host=target_host) instead.
  warnings.warn(
2026-09-11 00:37:31.210 INFO load_module /tmp/tmpeffim6wg/9e080bbf7e26bc73f3577a5e0a31fe808847700188e9982ccd173880488166e0.o

position=30 candidate=37a98ebff4432e58c3123460ec2d3209e9902b357111624cf9847433d1ab3528 stderr=/home/orange/code/tvm/python/tvm/target/target.py:301: UserWarning: target_host parameter is going to be deprecated. Please pass in tvm.target.Target(target, host=target_host) instead.
  warnings.warn(
2026-09-11 00:37:32.982 INFO load_module /tmp/tmp10tw5gmm/37a98ebff4432e58c3123460ec2d3209e9902b357111624cf9847433d1ab3528.o

position=32 candidate=bb0a666eb5bfec6a986b98adb9b91322a834bbf0ececde7d0036a99402aa1def stderr=/home/orange/code/tvm/python/tvm/target/target.py:301: UserWarning: target_host parameter is going to be deprecated. Please pass in tvm.target.Target(target, host=target_host) instead.
  warnings.warn(
2026-09-11 00:37:34.896 INFO load_module /tmp/tmpxzmrtoxu/bb0a666eb5bfec6a986b98adb9b91322a834bbf0ececde7d0036a99402aa1def.o

position=33 candidate=e2e231251fa3710a6002c51195a63b76f2d9b0e3db4093af058454f9f94ca6e9 stderr=/home/orange/code/tvm/python/tvm/target/target.py:301: UserWarning: target_host parameter is going to be deprecated. Please pass in tvm.target.Target(target, host=target_host) instead.
  warnings.warn(
2026-09-11 00:37:36.783 INFO load_module /tmp/tmp8k2fpnll/e2e231251fa3710a6002c51195a63b76f2d9b0e3db4093af058454f9f94ca6e9.o

position=36 candidate=46c4ff89d99e7faa168d1b6a6fbe76a9fc3a4f05d60b10aca9ef92f8f9fc0641 stderr=/home/orange/code/tvm/python/tvm/target/target.py:301: UserWarning: target_host parameter is going to be deprecated. Please pass in tvm.target.Target(target, host=target_host) instead.
  warnings.warn(
2026-09-11 00:37:38.710 INFO load_module /tmp/tmp6esrs_ux/46c4ff89d99e7faa168d1b6a6fbe76a9fc3a4f05d60b10aca9ef92f8f9fc0641.o

position=38 candidate=72bcff21298c8aab45cf136d612ec7519f5bd57cfb1a028b6cc75495520b2621 stderr=/home/orange/code/tvm/python/tvm/target/target.py:301: UserWarning: target_host parameter is going to be deprecated. Please pass in tvm.target.Target(target, host=target_host) instead.
  warnings.warn(
2026-09-11 00:37:40.475 INFO load_module /tmp/tmpv055386i/72bcff21298c8aab45cf136d612ec7519f5bd57cfb1a028b6cc75495520b2621.o

position=39 candidate=6387c94344b7590f1a0203542e83246f2bbebfda529bd6b8dd1dbf5ae305aab3 stderr=/home/orange/code/tvm/python/tvm/target/target.py:301: UserWarning: target_host parameter is going to be deprecated. Please pass in tvm.target.Target(target, host=target_host) instead.
  warnings.warn(
2026-09-11 00:37:42.194 INFO load_module /tmp/tmprkxtr7lr/6387c94344b7590f1a0203542e83246f2bbebfda529bd6b8dd1dbf5ae305aab3.o

position=41 candidate=26fa4edb689d784d2b48b4d330dc6f7e7628e8c2a75d19a95daca32ff7dfbc4c stderr=/home/orange/code/tvm/python/tvm/target/target.py:301: UserWarning: target_host parameter is going to be deprecated. Please pass in tvm.target.Target(target, host=target_host) instead.
  warnings.warn(
2026-09-11 00:37:43.862 INFO load_module /tmp/tmpcnpveopd/26fa4edb689d784d2b48b4d330dc6f7e7628e8c2a75d19a95daca32ff7dfbc4c.o

position=54 candidate=172d49058f48b25231d8ab5bc430be3e450d71afe90d435c20be2beca204a8cf stderr=/home/orange/code/tvm/python/tvm/target/target.py:301: UserWarning: target_host parameter is going to be deprecated. Please pass in tvm.target.Target(target, host=target_host) instead.
  warnings.warn(
2026-09-11 00:37:45.568 INFO load_module /tmp/tmpxq8hbxlw/172d49058f48b25231d8ab5bc430be3e450d71afe90d435c20be2beca204a8cf.o

position=55 candidate=de01e9a80a4e99f1697e03af6539b5550c15929672e13429a8a1a38ca1048985 stderr=/home/orange/code/tvm/python/tvm/target/target.py:301: UserWarning: target_host parameter is going to be deprecated. Please pass in tvm.target.Target(target, host=target_host) instead.
  warnings.warn(
2026-09-11 00:37:47.302 INFO load_module /tmp/tmp1i018_1o/de01e9a80a4e99f1697e03af6539b5550c15929672e13429a8a1a38ca1048985.o

position=56 candidate=24953281a2465eacf558acf79ba57ad12c654060a60790cc46dde705c8369d22 stderr=/home/orange/code/tvm/python/tvm/target/target.py:301: UserWarning: target_host parameter is going to be deprecated. Please pass in tvm.target.Target(target, host=target_host) instead.
  warnings.warn(
2026-09-11 00:37:49.045 INFO load_module /tmp/tmp70frgfup/24953281a2465eacf558acf79ba57ad12c654060a60790cc46dde705c8369d22.o

position=57 candidate=4d6e8e9d86e58fd12689afc0f337afe6635ef114392feb3db76d4588fd9001d5 stderr=/home/orange/code/tvm/python/tvm/target/target.py:301: UserWarning: target_host parameter is going to be deprecated. Please pass in tvm.target.Target(target, host=target_host) instead.
  warnings.warn(
2026-09-11 00:37:50.822 INFO load_module /tmp/tmplmroqizb/4d6e8e9d86e58fd12689afc0f337afe6635ef114392feb3db76d4588fd9001d5.o

position=59 candidate=77f42c731bc1419fdac95173c2bf04cdbc8652d19dd66bca0c86db6e6459f26a stderr=/home/orange/code/tvm/python/tvm/target/target.py:301: UserWarning: target_host parameter is going to be deprecated. Please pass in tvm.target.Target(target, host=target_host) instead.
  warnings.warn(
2026-09-11 00:37:52.558 INFO load_module /tmp/tmpqsi6rs0o/77f42c731bc1419fdac95173c2bf04cdbc8652d19dd66bca0c86db6e6459f26a.o

