candidate=0e45a111f516dcd52ea2ca284780a440a7c2785bce9f79f5acba3122f0c6575f stderr=/home/orange/code/tvm/python/tvm/target/target.py:301: UserWarning: target_host parameter is going to be deprecated. Please pass in tvm.target.Target(target, host=target_host) instead.
  warnings.warn(
2026-09-10 23:54:56.561 INFO load_module /tmp/tmp15pmlmzl/0e45a111f516dcd52ea2ca284780a440a7c2785bce9f79f5acba3122f0c6575f.o


candidate=1f86ee57101457988ed45ce1457d9dc5bba90e98a043ec9b66a9784008b03660 stderr=/home/orange/code/tvm/python/tvm/target/target.py:301: UserWarning: target_host parameter is going to be deprecated. Please pass in tvm.target.Target(target, host=target_host) instead.
  warnings.warn(
2026-09-10 23:54:57.982 INFO load_module /tmp/tmpv36yx1gv/1f86ee57101457988ed45ce1457d9dc5bba90e98a043ec9b66a9784008b03660.o


candidate=3c3f0c2f61935d8c6cf066a489be489304555321c7544a7ddfd7f27dc090f20f stderr=/home/orange/code/tvm/python/tvm/target/target.py:301: UserWarning: target_host parameter is going to be deprecated. Please pass in tvm.target.Target(target, host=target_host) instead.
  warnings.warn(
2026-09-10 23:54:59.253 INFO load_module /tmp/tmpev3h0bbd/3c3f0c2f61935d8c6cf066a489be489304555321c7544a7ddfd7f27dc090f20f.o


candidate=804e622fc926c4ee6b0440a37de14107f2c8dc32751c84f552594625d90dcbdd stderr=/home/orange/code/tvm/python/tvm/target/target.py:301: UserWarning: target_host parameter is going to be deprecated. Please pass in tvm.target.Target(target, host=target_host) instead.
  warnings.warn(
2026-09-10 23:55:00.600 INFO load_module /tmp/tmpvw27x74d/804e622fc926c4ee6b0440a37de14107f2c8dc32751c84f552594625d90dcbdd.o


candidate=370da00bf437f244b294468d86bcefbaa7328e0193c21c75fbc9eb757cb51c14 stderr=/home/orange/code/tvm/python/tvm/target/target.py:301: UserWarning: target_host parameter is going to be deprecated. Please pass in tvm.target.Target(target, host=target_host) instead.
  warnings.warn(
2026-09-10 23:55:01.903 INFO load_module /tmp/tmp_7zt_yja/370da00bf437f244b294468d86bcefbaa7328e0193c21c75fbc9eb757cb51c14.o


candidate=524c211dfccdae55a723cd6788bc47ce342d54f3e33d8cac8aeac73e1281fe9f stderr=/home/orange/code/tvm/python/tvm/target/target.py:301: UserWarning: target_host parameter is going to be deprecated. Please pass in tvm.target.Target(target, host=target_host) instead.
  warnings.warn(
2026-09-10 23:55:03.179 INFO load_module /tmp/tmpf4izmrnk/524c211dfccdae55a723cd6788bc47ce342d54f3e33d8cac8aeac73e1281fe9f.o


candidate=c93af1b80b3626570d5f1f07c270872cf573e71ec220e786d2baa2eaed54cb74 stderr=/home/orange/code/tvm/python/tvm/target/target.py:301: UserWarning: target_host parameter is going to be deprecated. Please pass in tvm.target.Target(target, host=target_host) instead.
  warnings.warn(
2026-09-10 23:55:04.328 INFO load_module /tmp/tmp3nxh5igj/c93af1b80b3626570d5f1f07c270872cf573e71ec220e786d2baa2eaed54cb74.o


candidate=d3f7c60b3cecaa19245359c29c2aff6bd33aa95512a82be94c2fe7d5eb0ec48e stderr=/home/orange/code/tvm/python/tvm/target/target.py:301: UserWarning: target_host parameter is going to be deprecated. Please pass in tvm.target.Target(target, host=target_host) instead.
  warnings.warn(
2026-09-10 23:55:05.443 INFO load_module /tmp/tmpph8wmaen/d3f7c60b3cecaa19245359c29c2aff6bd33aa95512a82be94c2fe7d5eb0ec48e.o


candidate=03ccebecbf2c3e75ea90cfaf122638a668034af7c21c053c36925155c063e188 stderr=/home/orange/code/tvm/python/tvm/target/target.py:301: UserWarning: target_host parameter is going to be deprecated. Please pass in tvm.target.Target(target, host=target_host) instead.
  warnings.warn(
2026-09-10 23:55:06.612 INFO load_module /tmp/tmp9buc0kx1/03ccebecbf2c3e75ea90cfaf122638a668034af7c21c053c36925155c063e188.o


candidate=53bc1b1555d281e271367dda00465d1c519583e7d8de046a857ee33ba7b0445d stderr=/home/orange/code/tvm/python/tvm/target/target.py:301: UserWarning: target_host parameter is going to be deprecated. Please pass in tvm.target.Target(target, host=target_host) instead.
  warnings.warn(
2026-09-10 23:55:07.990 INFO load_module /tmp/tmpjs7bvjvy/53bc1b1555d281e271367dda00465d1c519583e7d8de046a857ee33ba7b0445d.o


candidate=b492d3d90d9a6816ec25199f610b50b96390d38e6646a3ae4ceafcf88c6f6d75 stderr=/home/orange/code/tvm/python/tvm/target/target.py:301: UserWarning: target_host parameter is going to be deprecated. Please pass in tvm.target.Target(target, host=target_host) instead.
  warnings.warn(
2026-09-10 23:55:09.307 INFO load_module /tmp/tmpiz9wk41u/b492d3d90d9a6816ec25199f610b50b96390d38e6646a3ae4ceafcf88c6f6d75.o


candidate=df13db54326e1d1a276dc3baaefd864a53bc7a36f75ec346fda3957cc3f972b0 stderr=/home/orange/code/tvm/python/tvm/target/target.py:301: UserWarning: target_host parameter is going to be deprecated. Please pass in tvm.target.Target(target, host=target_host) instead.
  warnings.warn(
2026-09-10 23:55:10.574 INFO load_module /tmp/tmpmtrjts27/df13db54326e1d1a276dc3baaefd864a53bc7a36f75ec346fda3957cc3f972b0.o


candidate=02949137676012e7ac3367e291b17afaaa312240ff06b5e0bd35628c79c53a35 stderr=/home/orange/code/tvm/python/tvm/target/target.py:301: UserWarning: target_host parameter is going to be deprecated. Please pass in tvm.target.Target(target, host=target_host) instead.
  warnings.warn(
2026-09-10 23:55:11.835 INFO load_module /tmp/tmp3f16jv1t/02949137676012e7ac3367e291b17afaaa312240ff06b5e0bd35628c79c53a35.o


candidate=a4b61663b63fe05a66b50d96c24df5c856867762e0f5d39696fb06018fadd9a3 stderr=/home/orange/code/tvm/python/tvm/target/target.py:301: UserWarning: target_host parameter is going to be deprecated. Please pass in tvm.target.Target(target, host=target_host) instead.
  warnings.warn(
2026-09-10 23:55:13.063 INFO load_module /tmp/tmp0ab6_570/a4b61663b63fe05a66b50d96c24df5c856867762e0f5d39696fb06018fadd9a3.o


candidate=b888d615d5cee94c95c26de85ffd063120de6448b1c9fabe2e99f346a698a950 stderr=/home/orange/code/tvm/python/tvm/target/target.py:301: UserWarning: target_host parameter is going to be deprecated. Please pass in tvm.target.Target(target, host=target_host) instead.
  warnings.warn(
2026-09-10 23:55:16.165 INFO load_module /tmp/tmpxf9m_k1_/b888d615d5cee94c95c26de85ffd063120de6448b1c9fabe2e99f346a698a950.o


candidate=de60980e298c03c38a049c84c3d3305367c85c51af4ac99529b04cc315013ca3 stderr=/home/orange/code/tvm/python/tvm/target/target.py:301: UserWarning: target_host parameter is going to be deprecated. Please pass in tvm.target.Target(target, host=target_host) instead.
  warnings.warn(
2026-09-10 23:55:17.204 INFO load_module /tmp/tmpm3veiduj/de60980e298c03c38a049c84c3d3305367c85c51af4ac99529b04cc315013ca3.o


candidate=056aba501b8dc2b43c91d52c4449f201db368fe8458fae6b42d4717fecefcbae stderr=/home/orange/code/tvm/python/tvm/target/target.py:301: UserWarning: target_host parameter is going to be deprecated. Please pass in tvm.target.Target(target, host=target_host) instead.
  warnings.warn(
2026-09-10 23:55:18.200 INFO load_module /tmp/tmpi_n0o991/056aba501b8dc2b43c91d52c4449f201db368fe8458fae6b42d4717fecefcbae.o


candidate=46d26bf4160e1be1b4d14737f2b63b361576e8025940330dabbbb42f6bde585b stderr=/home/orange/code/tvm/python/tvm/target/target.py:301: UserWarning: target_host parameter is going to be deprecated. Please pass in tvm.target.Target(target, host=target_host) instead.
  warnings.warn(
2026-09-10 23:55:19.340 INFO load_module /tmp/tmp55eogo9_/46d26bf4160e1be1b4d14737f2b63b361576e8025940330dabbbb42f6bde585b.o


candidate=4be453718b76f28cc514749c797bca1f231bd5f2c11dab8d3d106734f9de981b stderr=/home/orange/code/tvm/python/tvm/target/target.py:301: UserWarning: target_host parameter is going to be deprecated. Please pass in tvm.target.Target(target, host=target_host) instead.
  warnings.warn(
2026-09-10 23:55:20.586 INFO load_module /tmp/tmpfpgwzyfi/4be453718b76f28cc514749c797bca1f231bd5f2c11dab8d3d106734f9de981b.o


candidate=5b985f077fea1f0aef609f0da5bf4d36e09b98ffe029198cb9f2176d489fc273 stderr=/home/orange/code/tvm/python/tvm/target/target.py:301: UserWarning: target_host parameter is going to be deprecated. Please pass in tvm.target.Target(target, host=target_host) instead.
  warnings.warn(
2026-09-10 23:55:21.715 INFO load_module /tmp/tmpmg9e2q3k/5b985f077fea1f0aef609f0da5bf4d36e09b98ffe029198cb9f2176d489fc273.o


candidate=7d789aaad11af9efbba8b42f9419268a67f4fa001b817d444de73463a0140bda stderr=/home/orange/code/tvm/python/tvm/target/target.py:301: UserWarning: target_host parameter is going to be deprecated. Please pass in tvm.target.Target(target, host=target_host) instead.
  warnings.warn(
2026-09-10 23:55:22.854 INFO load_module /tmp/tmpg92n94fl/7d789aaad11af9efbba8b42f9419268a67f4fa001b817d444de73463a0140bda.o


candidate=23865c51fa1a0f364e1f5ea2bd3c003f39160ae5c1460b7ad4989486a6f23fe3 stderr=/home/orange/code/tvm/python/tvm/target/target.py:301: UserWarning: target_host parameter is going to be deprecated. Please pass in tvm.target.Target(target, host=target_host) instead.
  warnings.warn(
2026-09-10 23:55:24.004 INFO load_module /tmp/tmpsxinqg3q/23865c51fa1a0f364e1f5ea2bd3c003f39160ae5c1460b7ad4989486a6f23fe3.o


candidate=476ecde0a0640c127aa72c4b213d1df4d118dd49d1c981f6cb0ba038721031d2 stderr=/home/orange/code/tvm/python/tvm/target/target.py:301: UserWarning: target_host parameter is going to be deprecated. Please pass in tvm.target.Target(target, host=target_host) instead.
  warnings.warn(
2026-09-10 23:55:25.420 INFO load_module /tmp/tmpz5yf7ad8/476ecde0a0640c127aa72c4b213d1df4d118dd49d1c981f6cb0ba038721031d2.o


candidate=6ffd97181f8696354b417bdc2574533d833d1475a2de1a176b19a3317b6eb184 stderr=/home/orange/code/tvm/python/tvm/target/target.py:301: UserWarning: target_host parameter is going to be deprecated. Please pass in tvm.target.Target(target, host=target_host) instead.
  warnings.warn(
2026-09-10 23:55:26.676 INFO load_module /tmp/tmppnrwn0ef/6ffd97181f8696354b417bdc2574533d833d1475a2de1a176b19a3317b6eb184.o


candidate=b3382629d4b16bd9c03d448d5273e461f4bd53fdb3bcc35b99ac0955739937b3 stderr=/home/orange/code/tvm/python/tvm/target/target.py:301: UserWarning: target_host parameter is going to be deprecated. Please pass in tvm.target.Target(target, host=target_host) instead.
  warnings.warn(
2026-09-10 23:55:27.938 INFO load_module /tmp/tmpr4bzo6zz/b3382629d4b16bd9c03d448d5273e461f4bd53fdb3bcc35b99ac0955739937b3.o


candidate=db288134e5b59d3a762e09de6cfe20c5813f0fcdd93ce2c023a509e89a95b9de stderr=/home/orange/code/tvm/python/tvm/target/target.py:301: UserWarning: target_host parameter is going to be deprecated. Please pass in tvm.target.Target(target, host=target_host) instead.
  warnings.warn(
2026-09-10 23:55:29.222 INFO load_module /tmp/tmp3dvjrbgg/db288134e5b59d3a762e09de6cfe20c5813f0fcdd93ce2c023a509e89a95b9de.o


candidate=32273b948e4c90cef101a582c406e0c563739f6305ecd8bf25de3c983799fe72 stderr=/home/orange/code/tvm/python/tvm/target/target.py:301: UserWarning: target_host parameter is going to be deprecated. Please pass in tvm.target.Target(target, host=target_host) instead.
  warnings.warn(
2026-09-10 23:55:30.488 INFO load_module /tmp/tmp6xzgubq3/32273b948e4c90cef101a582c406e0c563739f6305ecd8bf25de3c983799fe72.o


candidate=6e40612494220a4dfd661da57f333cc5871d5d6ce3043dd517f635b51a08643c stderr=/home/orange/code/tvm/python/tvm/target/target.py:301: UserWarning: target_host parameter is going to be deprecated. Please pass in tvm.target.Target(target, host=target_host) instead.
  warnings.warn(
2026-09-10 23:55:31.638 INFO load_module /tmp/tmpqr_qyfhu/6e40612494220a4dfd661da57f333cc5871d5d6ce3043dd517f635b51a08643c.o


candidate=875d50d51798917cb50f17baeaaf9a234b09f84b3ac0e8a1fa0f3c9ae5f759de stderr=/home/orange/code/tvm/python/tvm/target/target.py:301: UserWarning: target_host parameter is going to be deprecated. Please pass in tvm.target.Target(target, host=target_host) instead.
  warnings.warn(
2026-09-10 23:55:32.653 INFO load_module /tmp/tmpnnxanfn3/875d50d51798917cb50f17baeaaf9a234b09f84b3ac0e8a1fa0f3c9ae5f759de.o


candidate=c0c1f4cd16a3c5dec11ad092956fe34afb0a1435fae11485a88b4fdcfeaf73d2 stderr=/home/orange/code/tvm/python/tvm/target/target.py:301: UserWarning: target_host parameter is going to be deprecated. Please pass in tvm.target.Target(target, host=target_host) instead.
  warnings.warn(
2026-09-10 23:55:33.705 INFO load_module /tmp/tmp3thayuue/c0c1f4cd16a3c5dec11ad092956fe34afb0a1435fae11485a88b4fdcfeaf73d2.o


candidate=1c900bc3c0ca65df5d6908cc8aedc62ad00a80b7bfaa5adcacc0f1374923f2e5 stderr=/home/orange/code/tvm/python/tvm/target/target.py:301: UserWarning: target_host parameter is going to be deprecated. Please pass in tvm.target.Target(target, host=target_host) instead.
  warnings.warn(
2026-09-10 23:55:34.710 INFO load_module /tmp/tmp97hbskar/1c900bc3c0ca65df5d6908cc8aedc62ad00a80b7bfaa5adcacc0f1374923f2e5.o


candidate=3950ea3383898e264485553150adf0f99284c18b491b30c5d25d65907a1f309b stderr=/home/orange/code/tvm/python/tvm/target/target.py:301: UserWarning: target_host parameter is going to be deprecated. Please pass in tvm.target.Target(target, host=target_host) instead.
  warnings.warn(
2026-09-10 23:55:35.959 INFO load_module /tmp/tmprpyzqj7u/3950ea3383898e264485553150adf0f99284c18b491b30c5d25d65907a1f309b.o


candidate=7ed57af662ccaa93d3044626d7739fb7b1d9e72639b4c66dc21e2f14382efb84 stderr=/home/orange/code/tvm/python/tvm/target/target.py:301: UserWarning: target_host parameter is going to be deprecated. Please pass in tvm.target.Target(target, host=target_host) instead.
  warnings.warn(
2026-09-10 23:55:37.169 INFO load_module /tmp/tmpn54eyu40/7ed57af662ccaa93d3044626d7739fb7b1d9e72639b4c66dc21e2f14382efb84.o


candidate=88437bb1870cdb9211ba4dac8a03aaf0709433b4ad684a9e3c2cc49b8e096a3d stderr=/home/orange/code/tvm/python/tvm/target/target.py:301: UserWarning: target_host parameter is going to be deprecated. Please pass in tvm.target.Target(target, host=target_host) instead.
  warnings.warn(
2026-09-10 23:55:38.328 INFO load_module /tmp/tmp9mxnqidr/88437bb1870cdb9211ba4dac8a03aaf0709433b4ad684a9e3c2cc49b8e096a3d.o


candidate=cb6876503f73247bedd0713f85418b2719bbd623f750f07af128fccfd285a842 stderr=/home/orange/code/tvm/python/tvm/target/target.py:301: UserWarning: target_host parameter is going to be deprecated. Please pass in tvm.target.Target(target, host=target_host) instead.
  warnings.warn(
2026-09-10 23:55:39.539 INFO load_module /tmp/tmp13bqn1mw/cb6876503f73247bedd0713f85418b2719bbd623f750f07af128fccfd285a842.o


candidate=11918729f1abd718ea7f86f1ea84145c920fba9f34e8efaffd5bcd71436e4c0b stderr=/home/orange/code/tvm/python/tvm/target/target.py:301: UserWarning: target_host parameter is going to be deprecated. Please pass in tvm.target.Target(target, host=target_host) instead.
  warnings.warn(
2026-09-10 23:55:40.741 INFO load_module /tmp/tmp0mejdlx6/11918729f1abd718ea7f86f1ea84145c920fba9f34e8efaffd5bcd71436e4c0b.o


candidate=15a0bc0072179f6867310059d87ac82c0b20d184fa6bbec0b24435c6fe9e13b4 stderr=/home/orange/code/tvm/python/tvm/target/target.py:301: UserWarning: target_host parameter is going to be deprecated. Please pass in tvm.target.Target(target, host=target_host) instead.
  warnings.warn(
2026-09-10 23:55:42.056 INFO load_module /tmp/tmpukzxqvcw/15a0bc0072179f6867310059d87ac82c0b20d184fa6bbec0b24435c6fe9e13b4.o


candidate=256dc4cd5963e1d5932ae0f65af3a7f589f56c46f0b5ef0dfea528c646c70d87 stderr=/home/orange/code/tvm/python/tvm/target/target.py:301: UserWarning: target_host parameter is going to be deprecated. Please pass in tvm.target.Target(target, host=target_host) instead.
  warnings.warn(
2026-09-10 23:55:43.377 INFO load_module /tmp/tmpk2daxd8p/256dc4cd5963e1d5932ae0f65af3a7f589f56c46f0b5ef0dfea528c646c70d87.o


candidate=62a9febae299c2b3620b385fdd0a5e670bd106ad81e533d23a646bd17cfe1507 stderr=/home/orange/code/tvm/python/tvm/target/target.py:301: UserWarning: target_host parameter is going to be deprecated. Please pass in tvm.target.Target(target, host=target_host) instead.
  warnings.warn(
2026-09-10 23:55:44.647 INFO load_module /tmp/tmpoqhbzqr9/62a9febae299c2b3620b385fdd0a5e670bd106ad81e533d23a646bd17cfe1507.o


candidate=f7add61579ab45f0f373554308d40e0fd2e98853a7ee88399a5b155771f62172 stderr=/home/orange/code/tvm/python/tvm/target/target.py:301: UserWarning: target_host parameter is going to be deprecated. Please pass in tvm.target.Target(target, host=target_host) instead.
  warnings.warn(
2026-09-10 23:55:45.989 INFO load_module /tmp/tmpdmdokki1/f7add61579ab45f0f373554308d40e0fd2e98853a7ee88399a5b155771f62172.o


candidate=3a93525051c90cf812d5ee311c67bc28b377ffa5afe6e553121f32e4831d8975 stderr=/home/orange/code/tvm/python/tvm/target/target.py:301: UserWarning: target_host parameter is going to be deprecated. Please pass in tvm.target.Target(target, host=target_host) instead.
  warnings.warn(
2026-09-10 23:55:47.262 INFO load_module /tmp/tmpiyl_ubt7/3a93525051c90cf812d5ee311c67bc28b377ffa5afe6e553121f32e4831d8975.o


candidate=612a1b250bdb4c6bd444a00fc1a4dcc161a3b237245fa9334bac2edd1a0af8c6 stderr=/home/orange/code/tvm/python/tvm/target/target.py:301: UserWarning: target_host parameter is going to be deprecated. Please pass in tvm.target.Target(target, host=target_host) instead.
  warnings.warn(
2026-09-10 23:55:48.270 INFO load_module /tmp/tmpqf0foq8w/612a1b250bdb4c6bd444a00fc1a4dcc161a3b237245fa9334bac2edd1a0af8c6.o


candidate=630d20c56910c8d950147e32dc6d64dd7205d4540f070691850d561bdcc8495f stderr=/home/orange/code/tvm/python/tvm/target/target.py:301: UserWarning: target_host parameter is going to be deprecated. Please pass in tvm.target.Target(target, host=target_host) instead.
  warnings.warn(
2026-09-10 23:55:51.254 INFO load_module /tmp/tmp5uskpd_x/630d20c56910c8d950147e32dc6d64dd7205d4540f070691850d561bdcc8495f.o


candidate=66a82198311f207e1b96c85c2da570fc4bf65c794e21ebeb6dc6d645882a7502 stderr=/home/orange/code/tvm/python/tvm/target/target.py:301: UserWarning: target_host parameter is going to be deprecated. Please pass in tvm.target.Target(target, host=target_host) instead.
  warnings.warn(
2026-09-10 23:55:52.263 INFO load_module /tmp/tmpblw68or3/66a82198311f207e1b96c85c2da570fc4bf65c794e21ebeb6dc6d645882a7502.o


candidate=bacc7542543af99aa5da2f9f39e45f3a658698631e381a14ba278891ba0bb338 stderr=/home/orange/code/tvm/python/tvm/target/target.py:301: UserWarning: target_host parameter is going to be deprecated. Please pass in tvm.target.Target(target, host=target_host) instead.
  warnings.warn(
2026-09-10 23:55:53.431 INFO load_module /tmp/tmp678tn74x/bacc7542543af99aa5da2f9f39e45f3a658698631e381a14ba278891ba0bb338.o

