1/165 W00 original referenced_p2_run02_cross_compile passed
2/165 W00 weight_stationary fresh_isolated_cross_compile passed
3/165 W00 input_stationary fresh_isolated_cross_compile passed
4/165 W00 weight_stationary fresh_isolated_cross_compile passed
5/165 W00 weight_stationary fresh_isolated_cross_compile passed
6/165 W00 paper_inspired_hybrid fresh_isolated_cross_compile passed
7/165 W00 input_stationary fresh_isolated_cross_compile passed
8/165 W00 paper_inspired_hybrid fresh_isolated_cross_compile passed
9/165 W00 weight_stationary fresh_isolated_cross_compile passed
10/165 W00 paper_inspired_hybrid fresh_isolated_cross_compile passed
11/165 W00 input_stationary fresh_isolated_cross_compile passed
12/165 W00 original fresh_isolated_cross_compile passed
13/165 W00 original fresh_isolated_cross_compile passed
14/165 W00 original fresh_isolated_cross_compile passed
15/165 W00 original fresh_isolated_cross_compile passed
16/165 W01 original referenced_p2_run02_cross_compile passed
17/165 W01 weight_stationary fresh_isolated_cross_compile passed
18/165 W01 input_stationary fresh_isolated_cross_compile passed
19/165 W01 input_stationary fresh_isolated_cross_compile passed
20/165 W01 weight_stationary fresh_isolated_cross_compile passed
21/165 W01 weight_stationary fresh_isolated_cross_compile passed
22/165 W01 weight_stationary fresh_isolated_cross_compile passed
23/165 W01 paper_inspired_hybrid fresh_isolated_cross_compile passed
24/165 W01 paper_inspired_hybrid fresh_isolated_cross_compile passed
25/165 W01 paper_inspired_hybrid fresh_isolated_cross_compile passed
26/165 W01 input_stationary fresh_isolated_cross_compile passed
27/165 W01 original fresh_isolated_cross_compile passed
28/165 W01 original fresh_isolated_cross_compile passed
29/165 W01 original fresh_isolated_cross_compile passed
30/165 W01 original fresh_isolated_cross_compile passed
31/165 W02 original referenced_p2_run02_cross_compile passed
32/165 W02 weight_stationary fresh_isolated_cross_compile passed
33/165 W02 weight_stationary fresh_isolated_cross_compile passed
34/165 W02 paper_inspired_hybrid fresh_isolated_cross_compile passed
35/165 W02 paper_inspired_hybrid fresh_isolated_cross_compile passed
36/165 W02 input_stationary fresh_isolated_cross_compile passed
37/165 W02 weight_stationary fresh_isolated_cross_compile passed
38/165 W02 weight_stationary fresh_isolated_cross_compile passed
39/165 W02 original fresh_isolated_cross_compile passed
40/165 W02 original fresh_isolated_cross_compile passed
41/165 W02 original fresh_isolated_cross_compile passed
42/165 W02 original fresh_isolated_cross_compile passed
43/165 W03 original referenced_p2_run02_cross_compile passed
44/165 W03 paper_inspired_hybrid fresh_isolated_cross_compile passed
45/165 W03 input_stationary fresh_isolated_cross_compile passed
46/165 W03 paper_inspired_hybrid fresh_isolated_cross_compile passed
47/165 W03 weight_stationary fresh_isolated_cross_compile passed
48/165 W03 paper_inspired_hybrid fresh_isolated_cross_compile passed
49/165 W03 weight_stationary fresh_isolated_cross_compile passed
50/165 W03 input_stationary fresh_isolated_cross_compile passed
51/165 W03 weight_stationary fresh_isolated_cross_compile passed
52/165 W03 input_stationary fresh_isolated_cross_compile passed
53/165 W03 weight_stationary fresh_isolated_cross_compile passed
54/165 W03 original fresh_isolated_cross_compile passed
55/165 W03 original fresh_isolated_cross_compile passed
56/165 W03 original fresh_isolated_cross_compile passed
57/165 W03 original fresh_isolated_cross_compile passed
58/165 W04 original referenced_p2_run02_cross_compile passed
59/165 W04 weight_stationary fresh_isolated_cross_compile passed
60/165 W04 paper_inspired_hybrid fresh_isolated_cross_compile passed
61/165 W04 weight_stationary fresh_isolated_cross_compile passed
62/165 W04 input_stationary fresh_isolated_cross_compile passed
63/165 W04 paper_inspired_hybrid fresh_isolated_cross_compile passed
64/165 W04 weight_stationary fresh_isolated_cross_compile passed
65/165 W04 input_stationary fresh_isolated_cross_compile passed
66/165 W04 paper_inspired_hybrid fresh_isolated_cross_compile passed
67/165 W04 weight_stationary fresh_isolated_cross_compile passed
68/165 W04 original fresh_isolated_cross_compile passed
69/165 W04 original fresh_isolated_cross_compile passed
70/165 W04 original fresh_isolated_cross_compile passed
71/165 W04 original fresh_isolated_cross_compile passed
72/165 W04 original fresh_isolated_cross_compile passed
73/165 W05 original referenced_p2_run02_cross_compile passed
74/165 W05 paper_inspired_hybrid fresh_isolated_cross_compile passed
75/165 W05 paper_inspired_hybrid fresh_isolated_cross_compile passed
76/165 W05 weight_stationary fresh_isolated_cross_compile passed
77/165 W05 weight_stationary fresh_isolated_cross_compile passed
78/165 W05 weight_stationary fresh_isolated_cross_compile passed
79/165 W05 input_stationary fresh_isolated_cross_compile passed
80/165 W05 weight_stationary fresh_isolated_cross_compile passed
81/165 W05 input_stationary fresh_isolated_cross_compile passed
82/165 W05 paper_inspired_hybrid fresh_isolated_cross_compile passed
83/165 W05 original fresh_isolated_cross_compile passed
84/165 W05 original fresh_isolated_cross_compile passed
85/165 W05 original fresh_isolated_cross_compile passed
86/165 W05 original fresh_isolated_cross_compile passed
87/165 W05 original fresh_isolated_cross_compile passed
88/165 W06 original referenced_p2_run02_cross_compile passed
89/165 W06 paper_inspired_hybrid fresh_isolated_cross_compile passed
90/165 W06 paper_inspired_hybrid fresh_isolated_cross_compile passed
91/165 W06 paper_inspired_hybrid fresh_isolated_cross_compile passed
92/165 W06 weight_stationary fresh_isolated_cross_compile passed
93/165 W06 weight_stationary fresh_isolated_cross_compile passed
94/165 W06 input_stationary fresh_isolated_cross_compile passed
95/165 W06 input_stationary fresh_isolated_cross_compile passed
96/165 W06 input_stationary fresh_isolated_cross_compile passed
97/165 W06 weight_stationary fresh_isolated_cross_compile passed
98/165 W06 weight_stationary fresh_isolated_cross_compile passed
99/165 W06 original fresh_isolated_cross_compile passed
100/165 W06 original fresh_isolated_cross_compile passed
101/165 W06 original fresh_isolated_cross_compile passed
102/165 W06 original fresh_isolated_cross_compile passed
103/165 W07 original referenced_p2_run02_cross_compile passed
104/165 W07 weight_stationary fresh_isolated_cross_compile passed
105/165 W07 paper_inspired_hybrid fresh_isolated_cross_compile passed
106/165 W07 weight_stationary fresh_isolated_cross_compile passed
107/165 W07 paper_inspired_hybrid fresh_isolated_cross_compile passed
108/165 W07 input_stationary fresh_isolated_cross_compile passed
109/165 W07 paper_inspired_hybrid fresh_isolated_cross_compile passed
110/165 W07 weight_stationary fresh_isolated_cross_compile passed
111/165 W07 paper_inspired_hybrid fresh_isolated_cross_compile passed
112/165 W07 input_stationary fresh_isolated_cross_compile passed
113/165 W07 input_stationary fresh_isolated_cross_compile passed
114/165 W07 input_stationary fresh_isolated_cross_compile passed
115/165 W07 weight_stationary fresh_isolated_cross_compile passed
116/165 W07 input_stationary fresh_isolated_cross_compile passed
117/165 W07 paper_inspired_hybrid fresh_isolated_cross_compile passed
118/165 W07 weight_stationary fresh_isolated_cross_compile passed
119/165 W07 original fresh_isolated_cross_compile passed
120/165 W07 original fresh_isolated_cross_compile passed
121/165 W07 original fresh_isolated_cross_compile passed
122/165 W07 original fresh_isolated_cross_compile passed
123/165 W07 original fresh_isolated_cross_compile passed
124/165 W08 original referenced_p2_run02_cross_compile passed
125/165 W08 input_stationary fresh_isolated_cross_compile passed
126/165 W08 paper_inspired_hybrid fresh_isolated_cross_compile passed
127/165 W08 input_stationary fresh_isolated_cross_compile passed
128/165 W08 weight_stationary fresh_isolated_cross_compile passed
129/165 W08 weight_stationary fresh_isolated_cross_compile passed
130/165 W08 input_stationary fresh_isolated_cross_compile passed
131/165 W08 weight_stationary fresh_isolated_cross_compile passed
132/165 W08 paper_inspired_hybrid fresh_isolated_cross_compile passed
133/165 W08 weight_stationary fresh_isolated_cross_compile passed
134/165 W08 paper_inspired_hybrid fresh_isolated_cross_compile passed
135/165 W08 input_stationary fresh_isolated_cross_compile passed
136/165 W08 weight_stationary fresh_isolated_cross_compile passed
137/165 W08 paper_inspired_hybrid fresh_isolated_cross_compile passed
138/165 W08 input_stationary fresh_isolated_cross_compile passed
139/165 W08 paper_inspired_hybrid fresh_isolated_cross_compile passed
140/165 W08 original fresh_isolated_cross_compile passed
141/165 W08 original fresh_isolated_cross_compile passed
142/165 W08 original fresh_isolated_cross_compile passed
143/165 W08 original fresh_isolated_cross_compile passed
144/165 W08 original fresh_isolated_cross_compile passed
145/165 W09 original referenced_p2_run02_cross_compile passed
146/165 W09 paper_inspired_hybrid fresh_isolated_cross_compile passed
147/165 W09 input_stationary fresh_isolated_cross_compile passed
148/165 W09 paper_inspired_hybrid fresh_isolated_cross_compile passed
149/165 W09 weight_stationary fresh_isolated_cross_compile passed
150/165 W09 paper_inspired_hybrid fresh_isolated_cross_compile passed
151/165 W09 paper_inspired_hybrid fresh_isolated_cross_compile passed
152/165 W09 weight_stationary fresh_isolated_cross_compile passed
153/165 W09 paper_inspired_hybrid fresh_isolated_cross_compile passed
154/165 W09 weight_stationary fresh_isolated_cross_compile passed
155/165 W09 input_stationary fresh_isolated_cross_compile passed
156/165 W09 input_stationary fresh_isolated_cross_compile passed
157/165 W09 input_stationary fresh_isolated_cross_compile passed
158/165 W09 weight_stationary fresh_isolated_cross_compile passed
159/165 W09 weight_stationary fresh_isolated_cross_compile passed
160/165 W09 input_stationary fresh_isolated_cross_compile passed
161/165 W09 original fresh_isolated_cross_compile passed
162/165 W09 original fresh_isolated_cross_compile passed
163/165 W09 original fresh_isolated_cross_compile passed
164/165 W09 original fresh_isolated_cross_compile passed
165/165 W09 original fresh_isolated_cross_compile passed
