$ /home/orange/miniconda3/envs/vta-resnet/bin/python vta/tutorials/frontend/profile_split_resnet18_stages.py --scheme three_stage_a --host 192.168.1.133 --port 9090 --image-size 224 --vta-stage-mode vta_build --run-stages --repeat 10 --warmup-repeat 1 --print-vta-runtime-profile --vta-runtime-profile-dir /home/orange/code/tvm/vta/tutorials/frontend/hp_hpc_quant/results/stage_profile_sweeps/1hpc/three_stage_a/profile --vta-runtime-profile-events-limit 4096 --save-partition-viz /home/orange/code/tvm/vta/tutorials/frontend/hp_hpc_quant/results/stage_profile_sweeps/1hpc/three_stage_a/partition.svg --stage0-num-threads 4 --stage2-num-threads 4 --timer-number 1 --timer-repeat 3

[RPC] connecting directly to 192.168.1.133:9090 ...
[RPC] runtime thread pool: requested=- before=4 after=4 config_available=yes num_threads_available=yes
========== Stage Split ==========
scheme      = three_stage_a
input       = (1, 3, 224, 224)
model       = resnet18_v1
=================================
stage0_cpu  device=cpu  units=['stem', 'layer1_block0_main_preadd', 'layer1_block0_add_relu_tail', 'layer1_block1_main_preadd', 'layer1_block1_add_relu_tail']
stage1_vta  device=vta  units=['layer2_block0_main_preadd', 'layer2_block0_skip_proj', 'layer2_block0_add_relu_tail', 'layer2_block1_main_preadd', 'layer2_block1_add_relu_tail', 'layer3_block0_main_preadd', 'layer3_block0_skip_proj', 'layer3_block0_add_relu_tail', 'layer3_block1_main_preadd', 'layer3_block1_add_relu_tail']
stage2_cpu  device=cpu  units=['layer4_block0_main_preadd', 'layer4_block0_skip_proj', 'layer4_block0_add_relu_tail', 'layer4_block1_main_preadd', 'layer4_block1_add_relu_tail', 'head']
========== Feature Blocks ==========
len(features) = 9
feature[0] = Conv2D
feature[1] = BatchNorm
feature[2] = Activation
feature[3] = MaxPool2D
feature[4] = HybridSequential
feature[5] = HybridSequential
feature[6] = HybridSequential
feature[7] = HybridSequential
feature[8] = GlobalAvgPool2D
output      = Dense
====================================
========== Atomic Units ==========
len(units) = 21
unit[0] = stem
unit[1] = head
unit[2] = layer1_block0_main_preadd
unit[3] = layer1_block0_add_relu_tail
unit[4] = layer1_block1_main_preadd
unit[5] = layer1_block1_add_relu_tail
unit[6] = layer2_block0_main_preadd
unit[7] = layer2_block0_skip_proj
unit[8] = layer2_block0_add_relu_tail
unit[9] = layer2_block1_main_preadd
unit[10] = layer2_block1_add_relu_tail
unit[11] = layer3_block0_main_preadd
unit[12] = layer3_block0_skip_proj
unit[13] = layer3_block0_add_relu_tail
unit[14] = layer3_block1_main_preadd
unit[15] = layer3_block1_add_relu_tail
unit[16] = layer4_block0_main_preadd
unit[17] = layer4_block0_skip_proj
unit[18] = layer4_block0_add_relu_tail
unit[19] = layer4_block1_main_preadd
unit[20] = layer4_block1_add_relu_tail
==================================
[VIZ] saved partition visualization -> /home/orange/code/tvm/vta/tutorials/frontend/hp_hpc_quant/results/stage_profile_sweeps/1hpc/three_stage_a/partition.svg

========== stage0_cpu ==========
[STAGE] device      = cpu
[STAGE] input_schema = {'slots': [{'slot_index': 0, 'role': 'data', 'shape': (1, 3, 224, 224), 'dtype': 'float32'}], 'arity': 1, 'kind': 'tensor'}
[STAGE] output_schema= {'kind': 'tensor', 'arity': 1, 'slots': [{'slot_index': 0, 'role': 'out', 'shape': (1, 64, 56, 56), 'dtype': 'float32'}]}
[STAGE] params      = 25
pool is not optimized for arm cpu.
/home/orange/code/tvm/vta/tutorials/frontend/profile_split_resnet18_stages.py:238: DeprecationWarning: legacy graph executor behavior of producing json / lib / params will be removed in the next release. Please see documents of tvm.contrib.graph_executor.GraphModule for the  new recommended usage.
  graph, lib, lowered_params = relay.build(mod, target=target, params=params)
[BUILD] stage0_cpu -> CPU build ok
[GRAPH] stage0_cpu
  num_nodes = 17
  arg_nodes = 11
  heads     = [[16, 0, 0]]
  attr device_index = ['list_int', [1, 1, 1, 1, 1, 1, 1, 1, 1, 1, 1, 1, 1, 1, 1, 1, 1]]
[BUILD] stage0_cpu params=10
[RUN] stage0_cpu graph executor created on cpu

========== stage1_vta ==========
[STAGE] device      = vta
[STAGE] input_schema = {'slots': [{'slot_index': 0, 'role': 'data', 'shape': (1, 64, 56, 56), 'dtype': 'float32'}], 'arity': 1, 'kind': 'tensor'}
[STAGE] output_schema= {'kind': 'tensor', 'arity': 1, 'slots': [{'slot_index': 0, 'role': 'out', 'shape': (1, 256, 14, 14), 'dtype': 'float32'}]}
[STAGE] params      = 50
/home/orange/code/tvm/vta/tutorials/frontend/profile_split_resnet18_stages.py:385: DeprecationWarning: legacy graph executor behavior of producing json / lib / params will be removed in the next release. Please see documents of tvm.contrib.graph_executor.GraphModule for the  new recommended usage.
  graph, lib, lowered_params = relay.build(
[BUILD] stage1_vta -> VTA build ok
[GRAPH] stage1_vta
  num_nodes = 39
  arg_nodes = 21
  heads     = [[38, 0, 0]]
  attr device_index = ['list_int', [1, 12, 12, 12, 12, 12, 12, 12, 12, 12, 12, 12, 12, 12, 12, 12, 12, 12, 12, 12, 12, 12, 12, 12, 12, 12, 12, 12, 12, 12, 12, 12, 12, 12, 12, 12, 12, 1, 1]]
[BUILD] stage1_vta params=20
[RUN] stage1_vta graph executor created on vta

========== stage2_cpu ==========
[STAGE] device      = cpu
[STAGE] input_schema = {'slots': [{'slot_index': 0, 'role': 'data', 'shape': (1, 256, 14, 14), 'dtype': 'float32'}], 'arity': 1, 'kind': 'tensor'}
[STAGE] output_schema= {'kind': 'tensor', 'arity': 1, 'slots': [{'slot_index': 0, 'role': 'out', 'shape': (1, 1000), 'dtype': 'float32'}]}
[STAGE] params      = 27
dense is not optimized for arm cpu.
dense is not optimized for arm cpu.
/home/orange/code/tvm/vta/tutorials/frontend/profile_split_resnet18_stages.py:238: DeprecationWarning: legacy graph executor behavior of producing json / lib / params will be removed in the next release. Please see documents of tvm.contrib.graph_executor.GraphModule for the  new recommended usage.
  graph, lib, lowered_params = relay.build(mod, target=target, params=params)
[BUILD] stage2_cpu -> CPU build ok
[GRAPH] stage2_cpu
  num_nodes = 21
  arg_nodes = 13
  heads     = [[20, 0, 0]]
  attr device_index = ['list_int', [1, 1, 1, 1, 1, 1, 1, 1, 1, 1, 1, 1, 1, 1, 1, 1, 1, 1, 1, 1, 1]]
[BUILD] stage2_cpu params=12
[RUN] stage2_cpu graph executor created on cpu

[BOUNDARY] staged tensor interfaces
        stage0_cpu -> stage1_vta  slots=[out:(1, 64, 56, 56) float32] bytes=802816
        stage1_vta -> stage2_cpu  slots=[out:(1, 256, 14, 14) float32] bytes=200704
        boundary_count     = 2
        total_boundary_bytes = 1003520
[RUN] clear profiler after param loading / stage setup
[RUN] warmup 1 iteration(s) before steady-state profiling ...
[RUN] stage0_cpu set_input(data0) from host.numpy
[RUN] stage1_vta set_input(data0) from 129:0
[RUN] stage2_cpu set_input(data0) from 129:0
[RUN] clear profiler after warmup; starting steady-state window

[RUN] serial stage execution (steady-state window) ...
[RUN] repeat 1/10
[RUN] stage0_cpu set_input(data0) from host.numpy
[RUN] stage1_vta set_input(data0) from 129:0
[RUN] stage2_cpu set_input(data0) from 129:0
[RUN] repeat 2/10
[RUN] repeat 3/10
[RUN] repeat 4/10
[RUN] repeat 5/10
[RUN] repeat 6/10
[RUN] repeat 7/10
[RUN] repeat 8/10
[RUN] repeat 9/10
[RUN] repeat 10/10

[TIMING] serial staged run
	stage0_cpu.in:   61.260 ms
	stage0_cpu.run:   83.598 ms
	stage0_cpu.out:    1.859 ms
	stage0_cpu.service:  146.718 ms
	stage1_vta.in:    0.532 ms
	stage1_vta.run:   49.002 ms
	stage1_vta.out:    1.611 ms
	stage1_vta.service:   51.145 ms
	stage2_cpu.in:    0.528 ms
	stage2_cpu.run:   46.388 ms
	stage2_cpu.out:    1.655 ms
	stage2_cpu.service:   48.570 ms
	total_service:  246.433 ms

[TIMING] repeated serial staged run
	stage0_cpu.in    avg=  62.113 ms  std=   1.020 ms
	stage0_cpu.run   avg=  83.290 ms  std=   0.343 ms
	stage0_cpu.out   avg=   2.173 ms  std=   0.263 ms
	stage0_cpu.service avg= 147.577 ms  std=   0.937 ms
	stage0_cpu       avg= 147.577 ms  std=   0.937 ms
	stage1_vta.in    avg=   0.586 ms  std=   0.092 ms
	stage1_vta.run   avg=  49.399 ms  std=   0.285 ms
	stage1_vta.out   avg=   2.170 ms  std=   0.320 ms
	stage1_vta.service avg=  52.155 ms  std=   0.553 ms
	stage1_vta       avg=  52.155 ms  std=   0.553 ms
	stage2_cpu.in    avg=   0.559 ms  std=   0.054 ms
	stage2_cpu.run   avg=  46.631 ms  std=   0.361 ms
	stage2_cpu.out   avg=   1.945 ms  std=   0.211 ms
	stage2_cpu.service avg=  49.135 ms  std=   0.444 ms
	stage2_cpu       avg=  49.135 ms  std=   0.444 ms
	total.service    avg= 248.867 ms  std=   1.542 ms

[VTA-RUNTIME] steady-state staged run
input_copy         calls=0      bytes=0          avg_bytes=0          time=   0.000 ms
output_copy        calls=0      bytes=0          avg_bytes=0          time=   0.000 ms
device_copy        calls=0      bytes=0          avg_bytes=0          time=   0.000 ms
flush_cache        calls=0      bytes=0          avg_bytes=0          time=   0.000 ms
invalidate_cache   calls=0      bytes=0          avg_bytes=0          time=   0.000 ms
load_buffer_2d     calls=10840  bytes=66181120   small=3160   strided=5760   padded=4480  
load_shape         x1=640    y1=600   
store_buffer_2d    calls=600    bytes=7526400    small=0      strided=440   
store_shape        x1=0      y1=160   
dma_summary        load_avg_bytes=6105.3 store_avg_bytes=12544 load_enqueue_ms=   0.532 store_enqueue_ms=   0.027
uop_summary        gemm_calls=572      alu_calls=324      gemm_enqueue_ms=   0.168 alu_enqueue_ms=   0.136
device_run_wait    calls=100    insns=23280    load_bytes=6618112    store_bytes=752640     time=  39.467 ms

[VTA-INTERNAL] single-run diagnosis
        dma_load_calls=1084 dma_load_bytes=6618112 dma_load_avg_bytes=6105.3
        dma_store_calls=60 dma_store_bytes=752640 dma_store_avg_bytes=12544
        small_dma_ratio load=0.292 store=0.000 x1/y1 load=64/60 store=0/16
        enqueue_ms load=0.532 store=0.027 gemm=0.168 alu=0.136 synchronize_insns=2328 device_wait_ms=39.467

[TIMER] per-stage pure run via time_evaluator
        stage0_cpu run_mean_ms=78.335 run_std_ms=0.198 number=1 repeat=3
        stage1_vta run_mean_ms=45.987 run_std_ms=0.073 number=1 repeat=3
        stage2_cpu run_mean_ms=43.459 run_std_ms=0.204 number=1 repeat=3
