/home/orange/code/tvm/python/tvm/target/target.py:301: UserWarning: target_host parameter is going to be deprecated. Please pass in tvm.target.Target(target, host=target_host) instead.
  warnings.warn(
[23:15:42] /home/orange/code/tvm/src/script/printer/tir/expr.cc:246: Warning: No TScriptPrinterName attribute for tir.vta.coproc_dep_push
[23:15:42] /home/orange/code/tvm/src/script/printer/tir/expr.cc:246: Warning: No TScriptPrinterName attribute for tir.vta.coproc_dep_push
[23:15:42] /home/orange/code/tvm/src/script/printer/tir/expr.cc:246: Warning: No TScriptPrinterName attribute for tir.vta.coproc_dep_pop
[23:15:42] /home/orange/code/tvm/src/script/printer/tir/expr.cc:246: Warning: No TScriptPrinterName attribute for tir.vta.uop_push
[23:15:42] /home/orange/code/tvm/src/script/printer/tir/expr.cc:246: Warning: No TScriptPrinterName attribute for tir.vta.coproc_dep_push
[23:15:42] /home/orange/code/tvm/src/script/printer/tir/expr.cc:246: Warning: No TScriptPrinterName attribute for tir.vta.coproc_dep_pop
[23:15:42] /home/orange/code/tvm/src/script/printer/tir/expr.cc:246: Warning: No TScriptPrinterName attribute for tir.vta.command_handle
[23:15:42] /home/orange/code/tvm/src/script/printer/tir/expr.cc:246: Warning: No TScriptPrinterName attribute for tir.vta.command_handle
[23:15:42] /home/orange/code/tvm/src/script/printer/tir/expr.cc:246: Warning: No TScriptPrinterName attribute for tir.vta.coproc_dep_push
[23:15:42] /home/orange/code/tvm/src/script/printer/tir/expr.cc:246: Warning: No TScriptPrinterName attribute for tir.vta.coproc_dep_pop
[23:15:42] /home/orange/code/tvm/src/script/printer/tir/expr.cc:246: Warning: No TScriptPrinterName attribute for tir.vta.command_handle
[23:15:42] /home/orange/code/tvm/src/script/printer/tir/expr.cc:246: Warning: No TScriptPrinterName attribute for tir.vta.command_handle
[23:15:42] /home/orange/code/tvm/src/script/printer/tir/expr.cc:246: Warning: No TScriptPrinterName attribute for tir.vta.coproc_dep_push
[23:15:42] /home/orange/code/tvm/src/script/printer/tir/expr.cc:246: Warning: No TScriptPrinterName attribute for tir.vta.coproc_dep_pop
[23:15:42] /home/orange/code/tvm/src/script/printer/tir/expr.cc:246: Warning: No TScriptPrinterName attribute for tir.vta.uop_push
[23:15:42] /home/orange/code/tvm/src/script/printer/tir/expr.cc:246: Warning: No TScriptPrinterName attribute for tir.vta.coproc_dep_push
[23:15:42] /home/orange/code/tvm/src/script/printer/tir/expr.cc:246: Warning: No TScriptPrinterName attribute for tir.vta.coproc_dep_pop
[23:15:42] /home/orange/code/tvm/src/script/printer/tir/expr.cc:246: Warning: No TScriptPrinterName attribute for tir.vta.coproc_dep_pop
[23:15:42] /home/orange/code/tvm/src/script/printer/tir/expr.cc:246: Warning: No TScriptPrinterName attribute for tir.vta.uop_push
[23:15:42] /home/orange/code/tvm/src/script/printer/tir/expr.cc:246: Warning: No TScriptPrinterName attribute for tir.vta.uop_push
[23:15:42] /home/orange/code/tvm/src/script/printer/tir/expr.cc:246: Warning: No TScriptPrinterName attribute for tir.vta.uop_push
[23:15:42] /home/orange/code/tvm/src/script/printer/tir/expr.cc:246: Warning: No TScriptPrinterName attribute for tir.vta.coproc_dep_push
[23:15:42] /home/orange/code/tvm/src/script/printer/tir/expr.cc:246: Warning: No TScriptPrinterName attribute for tir.vta.coproc_dep_pop
[23:15:42] /home/orange/code/tvm/src/script/printer/tir/expr.cc:246: Warning: No TScriptPrinterName attribute for tir.vta.command_handle
[23:15:42] /home/orange/code/tvm/src/script/printer/tir/expr.cc:246: Warning: No TScriptPrinterName attribute for tir.vta.coproc_dep_push
[23:15:42] /home/orange/code/tvm/src/script/printer/tir/expr.cc:246: Warning: No TScriptPrinterName attribute for tir.vta.coproc_dep_pop
[23:15:42] /home/orange/code/tvm/src/script/printer/tir/expr.cc:246: Warning: No TScriptPrinterName attribute for tir.vta.command_handle
[23:15:42] /home/orange/code/tvm/src/script/printer/tir/expr.cc:246: Warning: No TScriptPrinterName attribute for tir.vta.coproc_dep_push
[23:15:42] /home/orange/code/tvm/src/script/printer/tir/expr.cc:246: Warning: No TScriptPrinterName attribute for tir.vta.coproc_dep_pop
[23:15:42] /home/orange/code/tvm/src/script/printer/tir/expr.cc:246: Warning: No TScriptPrinterName attribute for tir.vta.coproc_dep_pop
[23:15:42] /home/orange/code/tvm/src/script/printer/tir/expr.cc:246: Warning: No TScriptPrinterName attribute for tir.vta.coproc_sync
[23:15:42] /home/orange/code/tvm/src/script/printer/tir/expr.cc:246: Warning: No TScriptPrinterName attribute for tir.vta.coproc_dep_push
[23:15:42] /home/orange/code/tvm/src/script/printer/tir/expr.cc:246: Warning: No TScriptPrinterName attribute for tir.vta.coproc_dep_push
[23:15:42] /home/orange/code/tvm/src/script/printer/tir/expr.cc:246: Warning: No TScriptPrinterName attribute for tir.vta.coproc_dep_pop
[23:15:42] /home/orange/code/tvm/src/script/printer/tir/expr.cc:246: Warning: No TScriptPrinterName attribute for tir.vta.uop_push
[23:15:42] /home/orange/code/tvm/src/script/printer/tir/expr.cc:246: Warning: No TScriptPrinterName attribute for tir.vta.coproc_dep_push
[23:15:42] /home/orange/code/tvm/src/script/printer/tir/expr.cc:246: Warning: No TScriptPrinterName attribute for tir.vta.coproc_dep_pop
[23:15:42] /home/orange/code/tvm/src/script/printer/tir/expr.cc:246: Warning: No TScriptPrinterName attribute for tir.vta.command_handle
[23:15:42] /home/orange/code/tvm/src/script/printer/tir/expr.cc:246: Warning: No TScriptPrinterName attribute for tir.vta.command_handle
[23:15:42] /home/orange/code/tvm/src/script/printer/tir/expr.cc:246: Warning: No TScriptPrinterName attribute for tir.vta.coproc_dep_push
[23:15:42] /home/orange/code/tvm/src/script/printer/tir/expr.cc:246: Warning: No TScriptPrinterName attribute for tir.vta.coproc_dep_pop
[23:15:42] /home/orange/code/tvm/src/script/printer/tir/expr.cc:246: Warning: No TScriptPrinterName attribute for tir.vta.command_handle
[23:15:42] /home/orange/code/tvm/src/script/printer/tir/expr.cc:246: Warning: No TScriptPrinterName attribute for tir.vta.command_handle
[23:15:42] /home/orange/code/tvm/src/script/printer/tir/expr.cc:246: Warning: No TScriptPrinterName attribute for tir.vta.coproc_dep_push
[23:15:42] /home/orange/code/tvm/src/script/printer/tir/expr.cc:246: Warning: No TScriptPrinterName attribute for tir.vta.coproc_dep_pop
[23:15:42] /home/orange/code/tvm/src/script/printer/tir/expr.cc:246: Warning: No TScriptPrinterName attribute for tir.vta.uop_push
[23:15:42] /home/orange/code/tvm/src/script/printer/tir/expr.cc:246: Warning: No TScriptPrinterName attribute for tir.vta.coproc_dep_push
[23:15:42] /home/orange/code/tvm/src/script/printer/tir/expr.cc:246: Warning: No TScriptPrinterName attribute for tir.vta.coproc_dep_pop
[23:15:42] /home/orange/code/tvm/src/script/printer/tir/expr.cc:246: Warning: No TScriptPrinterName attribute for tir.vta.coproc_dep_pop
[23:15:42] /home/orange/code/tvm/src/script/printer/tir/expr.cc:246: Warning: No TScriptPrinterName attribute for tir.vta.uop_push
[23:15:42] /home/orange/code/tvm/src/script/printer/tir/expr.cc:246: Warning: No TScriptPrinterName attribute for tir.vta.uop_push
[23:15:42] /home/orange/code/tvm/src/script/printer/tir/expr.cc:246: Warning: No TScriptPrinterName attribute for tir.vta.uop_push
[23:15:42] /home/orange/code/tvm/src/script/printer/tir/expr.cc:246: Warning: No TScriptPrinterName attribute for tir.vta.coproc_dep_push
[23:15:42] /home/orange/code/tvm/src/script/printer/tir/expr.cc:246: Warning: No TScriptPrinterName attribute for tir.vta.coproc_dep_pop
[23:15:42] /home/orange/code/tvm/src/script/printer/tir/expr.cc:246: Warning: No TScriptPrinterName attribute for tir.vta.command_handle
[23:15:42] /home/orange/code/tvm/src/script/printer/tir/expr.cc:246: Warning: No TScriptPrinterName attribute for tir.vta.coproc_dep_push
[23:15:42] /home/orange/code/tvm/src/script/printer/tir/expr.cc:246: Warning: No TScriptPrinterName attribute for tir.vta.coproc_dep_pop
[23:15:42] /home/orange/code/tvm/src/script/printer/tir/expr.cc:246: Warning: No TScriptPrinterName attribute for tir.vta.command_handle
[23:15:42] /home/orange/code/tvm/src/script/printer/tir/expr.cc:246: Warning: No TScriptPrinterName attribute for tir.vta.coproc_dep_push
[23:15:42] /home/orange/code/tvm/src/script/printer/tir/expr.cc:246: Warning: No TScriptPrinterName attribute for tir.vta.coproc_dep_pop
[23:15:42] /home/orange/code/tvm/src/script/printer/tir/expr.cc:246: Warning: No TScriptPrinterName attribute for tir.vta.coproc_dep_pop
[23:15:42] /home/orange/code/tvm/src/script/printer/tir/expr.cc:246: Warning: No TScriptPrinterName attribute for tir.vta.coproc_sync
[23:15:42] /home/orange/code/tvm/src/script/printer/tir/expr.cc:246: Warning: No TScriptPrinterName attribute for tir.vta.coproc_dep_push
[23:15:42] /home/orange/code/tvm/src/script/printer/tir/expr.cc:246: Warning: No TScriptPrinterName attribute for tir.vta.coproc_dep_push
[23:15:42] /home/orange/code/tvm/src/script/printer/tir/expr.cc:246: Warning: No TScriptPrinterName attribute for tir.vta.coproc_dep_pop
[23:15:42] /home/orange/code/tvm/src/script/printer/tir/expr.cc:246: Warning: No TScriptPrinterName attribute for tir.vta.uop_push
[23:15:42] /home/orange/code/tvm/src/script/printer/tir/expr.cc:246: Warning: No TScriptPrinterName attribute for tir.vta.coproc_dep_push
[23:15:42] /home/orange/code/tvm/src/script/printer/tir/expr.cc:246: Warning: No TScriptPrinterName attribute for tir.vta.coproc_dep_pop
[23:15:42] /home/orange/code/tvm/src/script/printer/tir/expr.cc:246: Warning: No TScriptPrinterName attribute for tir.vta.command_handle
[23:15:42] /home/orange/code/tvm/src/script/printer/tir/expr.cc:246: Warning: No TScriptPrinterName attribute for tir.vta.command_handle
[23:15:42] /home/orange/code/tvm/src/script/printer/tir/expr.cc:246: Warning: No TScriptPrinterName attribute for tir.vta.coproc_dep_push
[23:15:42] /home/orange/code/tvm/src/script/printer/tir/expr.cc:246: Warning: No TScriptPrinterName attribute for tir.vta.coproc_dep_pop
[23:15:42] /home/orange/code/tvm/src/script/printer/tir/expr.cc:246: Warning: No TScriptPrinterName attribute for tir.vta.command_handle
[23:15:42] /home/orange/code/tvm/src/script/printer/tir/expr.cc:246: Warning: No TScriptPrinterName attribute for tir.vta.command_handle
[23:15:42] /home/orange/code/tvm/src/script/printer/tir/expr.cc:246: Warning: No TScriptPrinterName attribute for tir.vta.coproc_dep_push
[23:15:42] /home/orange/code/tvm/src/script/printer/tir/expr.cc:246: Warning: No TScriptPrinterName attribute for tir.vta.coproc_dep_pop
[23:15:42] /home/orange/code/tvm/src/script/printer/tir/expr.cc:246: Warning: No TScriptPrinterName attribute for tir.vta.uop_push
[23:15:42] /home/orange/code/tvm/src/script/printer/tir/expr.cc:246: Warning: No TScriptPrinterName attribute for tir.vta.coproc_dep_push
[23:15:42] /home/orange/code/tvm/src/script/printer/tir/expr.cc:246: Warning: No TScriptPrinterName attribute for tir.vta.coproc_dep_pop
[23:15:42] /home/orange/code/tvm/src/script/printer/tir/expr.cc:246: Warning: No TScriptPrinterName attribute for tir.vta.coproc_dep_pop
[23:15:42] /home/orange/code/tvm/src/script/printer/tir/expr.cc:246: Warning: No TScriptPrinterName attribute for tir.vta.uop_push
[23:15:42] /home/orange/code/tvm/src/script/printer/tir/expr.cc:246: Warning: No TScriptPrinterName attribute for tir.vta.uop_push
[23:15:42] /home/orange/code/tvm/src/script/printer/tir/expr.cc:246: Warning: No TScriptPrinterName attribute for tir.vta.uop_push
[23:15:42] /home/orange/code/tvm/src/script/printer/tir/expr.cc:246: Warning: No TScriptPrinterName attribute for tir.vta.coproc_dep_push
[23:15:42] /home/orange/code/tvm/src/script/printer/tir/expr.cc:246: Warning: No TScriptPrinterName attribute for tir.vta.coproc_dep_pop
[23:15:42] /home/orange/code/tvm/src/script/printer/tir/expr.cc:246: Warning: No TScriptPrinterName attribute for tir.vta.command_handle
[23:15:42] /home/orange/code/tvm/src/script/printer/tir/expr.cc:246: Warning: No TScriptPrinterName attribute for tir.vta.coproc_dep_push
[23:15:42] /home/orange/code/tvm/src/script/printer/tir/expr.cc:246: Warning: No TScriptPrinterName attribute for tir.vta.coproc_dep_pop
[23:15:42] /home/orange/code/tvm/src/script/printer/tir/expr.cc:246: Warning: No TScriptPrinterName attribute for tir.vta.command_handle
[23:15:42] /home/orange/code/tvm/src/script/printer/tir/expr.cc:246: Warning: No TScriptPrinterName attribute for tir.vta.coproc_dep_push
[23:15:42] /home/orange/code/tvm/src/script/printer/tir/expr.cc:246: Warning: No TScriptPrinterName attribute for tir.vta.coproc_dep_pop
[23:15:42] /home/orange/code/tvm/src/script/printer/tir/expr.cc:246: Warning: No TScriptPrinterName attribute for tir.vta.coproc_dep_pop
[23:15:42] /home/orange/code/tvm/src/script/printer/tir/expr.cc:246: Warning: No TScriptPrinterName attribute for tir.vta.coproc_sync
[23:15:42] /home/orange/code/tvm/src/script/printer/tir/expr.cc:246: Warning: No TScriptPrinterName attribute for tir.vta.coproc_dep_push
[23:15:42] /home/orange/code/tvm/src/script/printer/tir/expr.cc:246: Warning: No TScriptPrinterName attribute for tir.vta.coproc_dep_push
[23:15:42] /home/orange/code/tvm/src/script/printer/tir/expr.cc:246: Warning: No TScriptPrinterName attribute for tir.vta.coproc_dep_pop
[23:15:42] /home/orange/code/tvm/src/script/printer/tir/expr.cc:246: Warning: No TScriptPrinterName attribute for tir.vta.uop_push
[23:15:42] /home/orange/code/tvm/src/script/printer/tir/expr.cc:246: Warning: No TScriptPrinterName attribute for tir.vta.coproc_dep_push
[23:15:42] /home/orange/code/tvm/src/script/printer/tir/expr.cc:246: Warning: No TScriptPrinterName attribute for tir.vta.coproc_dep_pop
[23:15:42] /home/orange/code/tvm/src/script/printer/tir/expr.cc:246: Warning: No TScriptPrinterName attribute for tir.vta.command_handle
[23:15:42] /home/orange/code/tvm/src/script/printer/tir/expr.cc:246: Warning: No TScriptPrinterName attribute for tir.vta.command_handle
[23:15:42] /home/orange/code/tvm/src/script/printer/tir/expr.cc:246: Warning: No TScriptPrinterName attribute for tir.vta.coproc_dep_push
[23:15:42] /home/orange/code/tvm/src/script/printer/tir/expr.cc:246: Warning: No TScriptPrinterName attribute for tir.vta.coproc_dep_pop
[23:15:42] /home/orange/code/tvm/src/script/printer/tir/expr.cc:246: Warning: No TScriptPrinterName attribute for tir.vta.command_handle
[23:15:42] /home/orange/code/tvm/src/script/printer/tir/expr.cc:246: Warning: No TScriptPrinterName attribute for tir.vta.command_handle
[23:15:42] /home/orange/code/tvm/src/script/printer/tir/expr.cc:246: Warning: No TScriptPrinterName attribute for tir.vta.coproc_dep_push
[23:15:42] /home/orange/code/tvm/src/script/printer/tir/expr.cc:246: Warning: No TScriptPrinterName attribute for tir.vta.coproc_dep_pop
[23:15:42] /home/orange/code/tvm/src/script/printer/tir/expr.cc:246: Warning: No TScriptPrinterName attribute for tir.vta.uop_push
[23:15:42] /home/orange/code/tvm/src/script/printer/tir/expr.cc:246: Warning: No TScriptPrinterName attribute for tir.vta.coproc_dep_push
[23:15:42] /home/orange/code/tvm/src/script/printer/tir/expr.cc:246: Warning: No TScriptPrinterName attribute for tir.vta.coproc_dep_pop
[23:15:42] /home/orange/code/tvm/src/script/printer/tir/expr.cc:246: Warning: No TScriptPrinterName attribute for tir.vta.coproc_dep_pop
[23:15:42] /home/orange/code/tvm/src/script/printer/tir/expr.cc:246: Warning: No TScriptPrinterName attribute for tir.vta.uop_push
[23:15:42] /home/orange/code/tvm/src/script/printer/tir/expr.cc:246: Warning: No TScriptPrinterName attribute for tir.vta.uop_push
[23:15:42] /home/orange/code/tvm/src/script/printer/tir/expr.cc:246: Warning: No TScriptPrinterName attribute for tir.vta.uop_push
[23:15:42] /home/orange/code/tvm/src/script/printer/tir/expr.cc:246: Warning: No TScriptPrinterName attribute for tir.vta.coproc_dep_push
[23:15:42] /home/orange/code/tvm/src/script/printer/tir/expr.cc:246: Warning: No TScriptPrinterName attribute for tir.vta.coproc_dep_pop
[23:15:42] /home/orange/code/tvm/src/script/printer/tir/expr.cc:246: Warning: No TScriptPrinterName attribute for tir.vta.command_handle
[23:15:42] /home/orange/code/tvm/src/script/printer/tir/expr.cc:246: Warning: No TScriptPrinterName attribute for tir.vta.coproc_dep_push
[23:15:42] /home/orange/code/tvm/src/script/printer/tir/expr.cc:246: Warning: No TScriptPrinterName attribute for tir.vta.coproc_dep_pop
[23:15:42] /home/orange/code/tvm/src/script/printer/tir/expr.cc:246: Warning: No TScriptPrinterName attribute for tir.vta.command_handle
[23:15:42] /home/orange/code/tvm/src/script/printer/tir/expr.cc:246: Warning: No TScriptPrinterName attribute for tir.vta.coproc_dep_push
[23:15:42] /home/orange/code/tvm/src/script/printer/tir/expr.cc:246: Warning: No TScriptPrinterName attribute for tir.vta.coproc_dep_pop
[23:15:42] /home/orange/code/tvm/src/script/printer/tir/expr.cc:246: Warning: No TScriptPrinterName attribute for tir.vta.coproc_dep_pop
[23:15:42] /home/orange/code/tvm/src/script/printer/tir/expr.cc:246: Warning: No TScriptPrinterName attribute for tir.vta.coproc_sync
[23:15:42] /home/orange/code/tvm/src/script/printer/tir/expr.cc:246: Warning: No TScriptPrinterName attribute for tir.vta.coproc_dep_push
[23:15:42] /home/orange/code/tvm/src/script/printer/tir/expr.cc:246: Warning: No TScriptPrinterName attribute for tir.vta.coproc_dep_push
[23:15:42] /home/orange/code/tvm/src/script/printer/tir/expr.cc:246: Warning: No TScriptPrinterName attribute for tir.vta.coproc_dep_pop
[23:15:42] /home/orange/code/tvm/src/script/printer/tir/expr.cc:246: Warning: No TScriptPrinterName attribute for tir.vta.uop_push
[23:15:42] /home/orange/code/tvm/src/script/printer/tir/expr.cc:246: Warning: No TScriptPrinterName attribute for tir.vta.coproc_dep_push
[23:15:42] /home/orange/code/tvm/src/script/printer/tir/expr.cc:246: Warning: No TScriptPrinterName attribute for tir.vta.coproc_dep_pop
[23:15:42] /home/orange/code/tvm/src/script/printer/tir/expr.cc:246: Warning: No TScriptPrinterName attribute for tir.vta.command_handle
[23:15:42] /home/orange/code/tvm/src/script/printer/tir/expr.cc:246: Warning: No TScriptPrinterName attribute for tir.vta.command_handle
[23:15:42] /home/orange/code/tvm/src/script/printer/tir/expr.cc:246: Warning: No TScriptPrinterName attribute for tir.vta.coproc_dep_push
[23:15:42] /home/orange/code/tvm/src/script/printer/tir/expr.cc:246: Warning: No TScriptPrinterName attribute for tir.vta.coproc_dep_pop
[23:15:42] /home/orange/code/tvm/src/script/printer/tir/expr.cc:246: Warning: No TScriptPrinterName attribute for tir.vta.command_handle
[23:15:42] /home/orange/code/tvm/src/script/printer/tir/expr.cc:246: Warning: No TScriptPrinterName attribute for tir.vta.command_handle
[23:15:42] /home/orange/code/tvm/src/script/printer/tir/expr.cc:246: Warning: No TScriptPrinterName attribute for tir.vta.coproc_dep_push
[23:15:42] /home/orange/code/tvm/src/script/printer/tir/expr.cc:246: Warning: No TScriptPrinterName attribute for tir.vta.coproc_dep_pop
[23:15:42] /home/orange/code/tvm/src/script/printer/tir/expr.cc:246: Warning: No TScriptPrinterName attribute for tir.vta.uop_push
[23:15:42] /home/orange/code/tvm/src/script/printer/tir/expr.cc:246: Warning: No TScriptPrinterName attribute for tir.vta.coproc_dep_push
[23:15:42] /home/orange/code/tvm/src/script/printer/tir/expr.cc:246: Warning: No TScriptPrinterName attribute for tir.vta.coproc_dep_pop
[23:15:42] /home/orange/code/tvm/src/script/printer/tir/expr.cc:246: Warning: No TScriptPrinterName attribute for tir.vta.coproc_dep_pop
[23:15:42] /home/orange/code/tvm/src/script/printer/tir/expr.cc:246: Warning: No TScriptPrinterName attribute for tir.vta.uop_push
[23:15:42] /home/orange/code/tvm/src/script/printer/tir/expr.cc:246: Warning: No TScriptPrinterName attribute for tir.vta.uop_push
[23:15:42] /home/orange/code/tvm/src/script/printer/tir/expr.cc:246: Warning: No TScriptPrinterName attribute for tir.vta.uop_push
[23:15:42] /home/orange/code/tvm/src/script/printer/tir/expr.cc:246: Warning: No TScriptPrinterName attribute for tir.vta.coproc_dep_push
[23:15:42] /home/orange/code/tvm/src/script/printer/tir/expr.cc:246: Warning: No TScriptPrinterName attribute for tir.vta.coproc_dep_pop
[23:15:42] /home/orange/code/tvm/src/script/printer/tir/expr.cc:246: Warning: No TScriptPrinterName attribute for tir.vta.command_handle
[23:15:42] /home/orange/code/tvm/src/script/printer/tir/expr.cc:246: Warning: No TScriptPrinterName attribute for tir.vta.coproc_dep_push
[23:15:42] /home/orange/code/tvm/src/script/printer/tir/expr.cc:246: Warning: No TScriptPrinterName attribute for tir.vta.coproc_dep_pop
[23:15:42] /home/orange/code/tvm/src/script/printer/tir/expr.cc:246: Warning: No TScriptPrinterName attribute for tir.vta.command_handle
[23:15:42] /home/orange/code/tvm/src/script/printer/tir/expr.cc:246: Warning: No TScriptPrinterName attribute for tir.vta.coproc_dep_push
[23:15:42] /home/orange/code/tvm/src/script/printer/tir/expr.cc:246: Warning: No TScriptPrinterName attribute for tir.vta.coproc_dep_pop
[23:15:42] /home/orange/code/tvm/src/script/printer/tir/expr.cc:246: Warning: No TScriptPrinterName attribute for tir.vta.coproc_dep_pop
[23:15:42] /home/orange/code/tvm/src/script/printer/tir/expr.cc:246: Warning: No TScriptPrinterName attribute for tir.vta.coproc_sync
[23:15:43] /home/orange/code/tvm/src/script/printer/tir/expr.cc:246: Warning: No TScriptPrinterName attribute for tir.vta.coproc_dep_push
[23:15:43] /home/orange/code/tvm/src/script/printer/tir/expr.cc:246: Warning: No TScriptPrinterName attribute for tir.vta.coproc_dep_push
[23:15:43] /home/orange/code/tvm/src/script/printer/tir/expr.cc:246: Warning: No TScriptPrinterName attribute for tir.vta.coproc_dep_pop
[23:15:43] /home/orange/code/tvm/src/script/printer/tir/expr.cc:246: Warning: No TScriptPrinterName attribute for tir.vta.uop_push
[23:15:43] /home/orange/code/tvm/src/script/printer/tir/expr.cc:246: Warning: No TScriptPrinterName attribute for tir.vta.coproc_dep_push
[23:15:43] /home/orange/code/tvm/src/script/printer/tir/expr.cc:246: Warning: No TScriptPrinterName attribute for tir.vta.coproc_dep_pop
[23:15:43] /home/orange/code/tvm/src/script/printer/tir/expr.cc:246: Warning: No TScriptPrinterName attribute for tir.vta.command_handle
[23:15:43] /home/orange/code/tvm/src/script/printer/tir/expr.cc:246: Warning: No TScriptPrinterName attribute for tir.vta.command_handle
[23:15:43] /home/orange/code/tvm/src/script/printer/tir/expr.cc:246: Warning: No TScriptPrinterName attribute for tir.vta.coproc_dep_push
[23:15:43] /home/orange/code/tvm/src/script/printer/tir/expr.cc:246: Warning: No TScriptPrinterName attribute for tir.vta.coproc_dep_pop
[23:15:43] /home/orange/code/tvm/src/script/printer/tir/expr.cc:246: Warning: No TScriptPrinterName attribute for tir.vta.command_handle
[23:15:43] /home/orange/code/tvm/src/script/printer/tir/expr.cc:246: Warning: No TScriptPrinterName attribute for tir.vta.command_handle
[23:15:43] /home/orange/code/tvm/src/script/printer/tir/expr.cc:246: Warning: No TScriptPrinterName attribute for tir.vta.coproc_dep_push
[23:15:43] /home/orange/code/tvm/src/script/printer/tir/expr.cc:246: Warning: No TScriptPrinterName attribute for tir.vta.coproc_dep_pop
[23:15:43] /home/orange/code/tvm/src/script/printer/tir/expr.cc:246: Warning: No TScriptPrinterName attribute for tir.vta.uop_push
[23:15:43] /home/orange/code/tvm/src/script/printer/tir/expr.cc:246: Warning: No TScriptPrinterName attribute for tir.vta.coproc_dep_push
[23:15:43] /home/orange/code/tvm/src/script/printer/tir/expr.cc:246: Warning: No TScriptPrinterName attribute for tir.vta.coproc_dep_pop
[23:15:43] /home/orange/code/tvm/src/script/printer/tir/expr.cc:246: Warning: No TScriptPrinterName attribute for tir.vta.coproc_dep_pop
[23:15:43] /home/orange/code/tvm/src/script/printer/tir/expr.cc:246: Warning: No TScriptPrinterName attribute for tir.vta.uop_push
[23:15:43] /home/orange/code/tvm/src/script/printer/tir/expr.cc:246: Warning: No TScriptPrinterName attribute for tir.vta.uop_push
[23:15:43] /home/orange/code/tvm/src/script/printer/tir/expr.cc:246: Warning: No TScriptPrinterName attribute for tir.vta.uop_push
[23:15:43] /home/orange/code/tvm/src/script/printer/tir/expr.cc:246: Warning: No TScriptPrinterName attribute for tir.vta.coproc_dep_push
[23:15:43] /home/orange/code/tvm/src/script/printer/tir/expr.cc:246: Warning: No TScriptPrinterName attribute for tir.vta.coproc_dep_pop
[23:15:43] /home/orange/code/tvm/src/script/printer/tir/expr.cc:246: Warning: No TScriptPrinterName attribute for tir.vta.command_handle
[23:15:43] /home/orange/code/tvm/src/script/printer/tir/expr.cc:246: Warning: No TScriptPrinterName attribute for tir.vta.coproc_dep_push
[23:15:43] /home/orange/code/tvm/src/script/printer/tir/expr.cc:246: Warning: No TScriptPrinterName attribute for tir.vta.coproc_dep_pop
[23:15:43] /home/orange/code/tvm/src/script/printer/tir/expr.cc:246: Warning: No TScriptPrinterName attribute for tir.vta.command_handle
[23:15:43] /home/orange/code/tvm/src/script/printer/tir/expr.cc:246: Warning: No TScriptPrinterName attribute for tir.vta.coproc_dep_push
[23:15:43] /home/orange/code/tvm/src/script/printer/tir/expr.cc:246: Warning: No TScriptPrinterName attribute for tir.vta.coproc_dep_pop
[23:15:43] /home/orange/code/tvm/src/script/printer/tir/expr.cc:246: Warning: No TScriptPrinterName attribute for tir.vta.coproc_dep_pop
[23:15:43] /home/orange/code/tvm/src/script/printer/tir/expr.cc:246: Warning: No TScriptPrinterName attribute for tir.vta.coproc_sync
[23:15:43] /home/orange/code/tvm/src/script/printer/tir/expr.cc:246: Warning: No TScriptPrinterName attribute for tir.vta.coproc_dep_push
[23:15:43] /home/orange/code/tvm/src/script/printer/tir/expr.cc:246: Warning: No TScriptPrinterName attribute for tir.vta.coproc_dep_push
[23:15:43] /home/orange/code/tvm/src/script/printer/tir/expr.cc:246: Warning: No TScriptPrinterName attribute for tir.vta.coproc_dep_pop
[23:15:43] /home/orange/code/tvm/src/script/printer/tir/expr.cc:246: Warning: No TScriptPrinterName attribute for tir.vta.uop_push
[23:15:43] /home/orange/code/tvm/src/script/printer/tir/expr.cc:246: Warning: No TScriptPrinterName attribute for tir.vta.coproc_dep_push
[23:15:43] /home/orange/code/tvm/src/script/printer/tir/expr.cc:246: Warning: No TScriptPrinterName attribute for tir.vta.coproc_dep_pop
[23:15:43] /home/orange/code/tvm/src/script/printer/tir/expr.cc:246: Warning: No TScriptPrinterName attribute for tir.vta.command_handle
[23:15:43] /home/orange/code/tvm/src/script/printer/tir/expr.cc:246: Warning: No TScriptPrinterName attribute for tir.vta.command_handle
[23:15:43] /home/orange/code/tvm/src/script/printer/tir/expr.cc:246: Warning: No TScriptPrinterName attribute for tir.vta.coproc_dep_push
[23:15:43] /home/orange/code/tvm/src/script/printer/tir/expr.cc:246: Warning: No TScriptPrinterName attribute for tir.vta.coproc_dep_pop
[23:15:43] /home/orange/code/tvm/src/script/printer/tir/expr.cc:246: Warning: No TScriptPrinterName attribute for tir.vta.command_handle
[23:15:43] /home/orange/code/tvm/src/script/printer/tir/expr.cc:246: Warning: No TScriptPrinterName attribute for tir.vta.command_handle
[23:15:43] /home/orange/code/tvm/src/script/printer/tir/expr.cc:246: Warning: No TScriptPrinterName attribute for tir.vta.coproc_dep_push
[23:15:43] /home/orange/code/tvm/src/script/printer/tir/expr.cc:246: Warning: No TScriptPrinterName attribute for tir.vta.coproc_dep_pop
[23:15:43] /home/orange/code/tvm/src/script/printer/tir/expr.cc:246: Warning: No TScriptPrinterName attribute for tir.vta.uop_push
[23:15:43] /home/orange/code/tvm/src/script/printer/tir/expr.cc:246: Warning: No TScriptPrinterName attribute for tir.vta.coproc_dep_push
[23:15:43] /home/orange/code/tvm/src/script/printer/tir/expr.cc:246: Warning: No TScriptPrinterName attribute for tir.vta.coproc_dep_pop
[23:15:43] /home/orange/code/tvm/src/script/printer/tir/expr.cc:246: Warning: No TScriptPrinterName attribute for tir.vta.coproc_dep_pop
[23:15:43] /home/orange/code/tvm/src/script/printer/tir/expr.cc:246: Warning: No TScriptPrinterName attribute for tir.vta.uop_push
[23:15:43] /home/orange/code/tvm/src/script/printer/tir/expr.cc:246: Warning: No TScriptPrinterName attribute for tir.vta.uop_push
[23:15:43] /home/orange/code/tvm/src/script/printer/tir/expr.cc:246: Warning: No TScriptPrinterName attribute for tir.vta.uop_push
[23:15:43] /home/orange/code/tvm/src/script/printer/tir/expr.cc:246: Warning: No TScriptPrinterName attribute for tir.vta.coproc_dep_push
[23:15:43] /home/orange/code/tvm/src/script/printer/tir/expr.cc:246: Warning: No TScriptPrinterName attribute for tir.vta.coproc_dep_pop
[23:15:43] /home/orange/code/tvm/src/script/printer/tir/expr.cc:246: Warning: No TScriptPrinterName attribute for tir.vta.command_handle
[23:15:43] /home/orange/code/tvm/src/script/printer/tir/expr.cc:246: Warning: No TScriptPrinterName attribute for tir.vta.coproc_dep_push
[23:15:43] /home/orange/code/tvm/src/script/printer/tir/expr.cc:246: Warning: No TScriptPrinterName attribute for tir.vta.coproc_dep_pop
[23:15:43] /home/orange/code/tvm/src/script/printer/tir/expr.cc:246: Warning: No TScriptPrinterName attribute for tir.vta.command_handle
[23:15:43] /home/orange/code/tvm/src/script/printer/tir/expr.cc:246: Warning: No TScriptPrinterName attribute for tir.vta.coproc_dep_push
[23:15:43] /home/orange/code/tvm/src/script/printer/tir/expr.cc:246: Warning: No TScriptPrinterName attribute for tir.vta.coproc_dep_pop
[23:15:43] /home/orange/code/tvm/src/script/printer/tir/expr.cc:246: Warning: No TScriptPrinterName attribute for tir.vta.coproc_dep_pop
[23:15:43] /home/orange/code/tvm/src/script/printer/tir/expr.cc:246: Warning: No TScriptPrinterName attribute for tir.vta.coproc_sync
[23:15:43] /home/orange/code/tvm/src/script/printer/tir/expr.cc:246: Warning: No TScriptPrinterName attribute for tir.vta.uop_push
[23:15:43] /home/orange/code/tvm/src/script/printer/tir/expr.cc:246: Warning: No TScriptPrinterName attribute for tir.vta.coproc_dep_push
[23:15:43] /home/orange/code/tvm/src/script/printer/tir/expr.cc:246: Warning: No TScriptPrinterName attribute for tir.vta.coproc_dep_pop
[23:15:43] /home/orange/code/tvm/src/script/printer/tir/expr.cc:246: Warning: No TScriptPrinterName attribute for tir.vta.command_handle
[23:15:43] /home/orange/code/tvm/src/script/printer/tir/expr.cc:246: Warning: No TScriptPrinterName attribute for tir.vta.command_handle
[23:15:43] /home/orange/code/tvm/src/script/printer/tir/expr.cc:246: Warning: No TScriptPrinterName attribute for tir.vta.coproc_dep_push
[23:15:43] /home/orange/code/tvm/src/script/printer/tir/expr.cc:246: Warning: No TScriptPrinterName attribute for tir.vta.coproc_dep_pop
[23:15:43] /home/orange/code/tvm/src/script/printer/tir/expr.cc:246: Warning: No TScriptPrinterName attribute for tir.vta.command_handle
[23:15:43] /home/orange/code/tvm/src/script/printer/tir/expr.cc:246: Warning: No TScriptPrinterName attribute for tir.vta.command_handle
[23:15:43] /home/orange/code/tvm/src/script/printer/tir/expr.cc:246: Warning: No TScriptPrinterName attribute for tir.vta.coproc_dep_push
[23:15:43] /home/orange/code/tvm/src/script/printer/tir/expr.cc:246: Warning: No TScriptPrinterName attribute for tir.vta.coproc_dep_pop
[23:15:43] /home/orange/code/tvm/src/script/printer/tir/expr.cc:246: Warning: No TScriptPrinterName attribute for tir.vta.uop_push
[23:15:43] /home/orange/code/tvm/src/script/printer/tir/expr.cc:246: Warning: No TScriptPrinterName attribute for tir.vta.coproc_dep_push
[23:15:43] /home/orange/code/tvm/src/script/printer/tir/expr.cc:246: Warning: No TScriptPrinterName attribute for tir.vta.coproc_dep_pop
[23:15:43] /home/orange/code/tvm/src/script/printer/tir/expr.cc:246: Warning: No TScriptPrinterName attribute for tir.vta.coproc_dep_pop
[23:15:43] /home/orange/code/tvm/src/script/printer/tir/expr.cc:246: Warning: No TScriptPrinterName attribute for tir.vta.uop_push
[23:15:43] /home/orange/code/tvm/src/script/printer/tir/expr.cc:246: Warning: No TScriptPrinterName attribute for tir.vta.uop_push
[23:15:43] /home/orange/code/tvm/src/script/printer/tir/expr.cc:246: Warning: No TScriptPrinterName attribute for tir.vta.uop_push
[23:15:43] /home/orange/code/tvm/src/script/printer/tir/expr.cc:246: Warning: No TScriptPrinterName attribute for tir.vta.coproc_dep_push
[23:15:43] /home/orange/code/tvm/src/script/printer/tir/expr.cc:246: Warning: No TScriptPrinterName attribute for tir.vta.coproc_dep_pop
[23:15:43] /home/orange/code/tvm/src/script/printer/tir/expr.cc:246: Warning: No TScriptPrinterName attribute for tir.vta.command_handle
[23:15:43] /home/orange/code/tvm/src/script/printer/tir/expr.cc:246: Warning: No TScriptPrinterName attribute for tir.vta.coproc_dep_pop
[23:15:43] /home/orange/code/tvm/src/script/printer/tir/expr.cc:246: Warning: No TScriptPrinterName attribute for tir.vta.command_handle
[23:15:43] /home/orange/code/tvm/src/script/printer/tir/expr.cc:246: Warning: No TScriptPrinterName attribute for tir.vta.coproc_sync
[23:15:43] /home/orange/code/tvm/src/script/printer/tir/expr.cc:246: Warning: No TScriptPrinterName attribute for tir.vta.uop_push
[23:15:43] /home/orange/code/tvm/src/script/printer/tir/expr.cc:246: Warning: No TScriptPrinterName attribute for tir.vta.coproc_dep_push
[23:15:43] /home/orange/code/tvm/src/script/printer/tir/expr.cc:246: Warning: No TScriptPrinterName attribute for tir.vta.coproc_dep_pop
[23:15:43] /home/orange/code/tvm/src/script/printer/tir/expr.cc:246: Warning: No TScriptPrinterName attribute for tir.vta.command_handle
[23:15:43] /home/orange/code/tvm/src/script/printer/tir/expr.cc:246: Warning: No TScriptPrinterName attribute for tir.vta.command_handle
[23:15:43] /home/orange/code/tvm/src/script/printer/tir/expr.cc:246: Warning: No TScriptPrinterName attribute for tir.vta.coproc_dep_push
[23:15:43] /home/orange/code/tvm/src/script/printer/tir/expr.cc:246: Warning: No TScriptPrinterName attribute for tir.vta.coproc_dep_pop
[23:15:43] /home/orange/code/tvm/src/script/printer/tir/expr.cc:246: Warning: No TScriptPrinterName attribute for tir.vta.command_handle
[23:15:43] /home/orange/code/tvm/src/script/printer/tir/expr.cc:246: Warning: No TScriptPrinterName attribute for tir.vta.command_handle
[23:15:43] /home/orange/code/tvm/src/script/printer/tir/expr.cc:246: Warning: No TScriptPrinterName attribute for tir.vta.coproc_dep_push
[23:15:43] /home/orange/code/tvm/src/script/printer/tir/expr.cc:246: Warning: No TScriptPrinterName attribute for tir.vta.coproc_dep_pop
[23:15:43] /home/orange/code/tvm/src/script/printer/tir/expr.cc:246: Warning: No TScriptPrinterName attribute for tir.vta.uop_push
[23:15:43] /home/orange/code/tvm/src/script/printer/tir/expr.cc:246: Warning: No TScriptPrinterName attribute for tir.vta.coproc_dep_push
[23:15:43] /home/orange/code/tvm/src/script/printer/tir/expr.cc:246: Warning: No TScriptPrinterName attribute for tir.vta.coproc_dep_pop
[23:15:43] /home/orange/code/tvm/src/script/printer/tir/expr.cc:246: Warning: No TScriptPrinterName attribute for tir.vta.coproc_dep_pop
[23:15:43] /home/orange/code/tvm/src/script/printer/tir/expr.cc:246: Warning: No TScriptPrinterName attribute for tir.vta.uop_push
[23:15:43] /home/orange/code/tvm/src/script/printer/tir/expr.cc:246: Warning: No TScriptPrinterName attribute for tir.vta.uop_push
[23:15:43] /home/orange/code/tvm/src/script/printer/tir/expr.cc:246: Warning: No TScriptPrinterName attribute for tir.vta.uop_push
[23:15:43] /home/orange/code/tvm/src/script/printer/tir/expr.cc:246: Warning: No TScriptPrinterName attribute for tir.vta.coproc_dep_push
[23:15:43] /home/orange/code/tvm/src/script/printer/tir/expr.cc:246: Warning: No TScriptPrinterName attribute for tir.vta.coproc_dep_pop
[23:15:43] /home/orange/code/tvm/src/script/printer/tir/expr.cc:246: Warning: No TScriptPrinterName attribute for tir.vta.command_handle
[23:15:43] /home/orange/code/tvm/src/script/printer/tir/expr.cc:246: Warning: No TScriptPrinterName attribute for tir.vta.coproc_dep_pop
[23:15:43] /home/orange/code/tvm/src/script/printer/tir/expr.cc:246: Warning: No TScriptPrinterName attribute for tir.vta.command_handle
[23:15:43] /home/orange/code/tvm/src/script/printer/tir/expr.cc:246: Warning: No TScriptPrinterName attribute for tir.vta.coproc_sync
[23:15:43] /home/orange/code/tvm/src/script/printer/tir/expr.cc:246: Warning: No TScriptPrinterName attribute for tir.vta.uop_push
[23:15:43] /home/orange/code/tvm/src/script/printer/tir/expr.cc:246: Warning: No TScriptPrinterName attribute for tir.vta.coproc_dep_push
[23:15:43] /home/orange/code/tvm/src/script/printer/tir/expr.cc:246: Warning: No TScriptPrinterName attribute for tir.vta.coproc_dep_pop
[23:15:43] /home/orange/code/tvm/src/script/printer/tir/expr.cc:246: Warning: No TScriptPrinterName attribute for tir.vta.command_handle
[23:15:43] /home/orange/code/tvm/src/script/printer/tir/expr.cc:246: Warning: No TScriptPrinterName attribute for tir.vta.command_handle
[23:15:43] /home/orange/code/tvm/src/script/printer/tir/expr.cc:246: Warning: No TScriptPrinterName attribute for tir.vta.coproc_dep_push
[23:15:43] /home/orange/code/tvm/src/script/printer/tir/expr.cc:246: Warning: No TScriptPrinterName attribute for tir.vta.coproc_dep_pop
[23:15:43] /home/orange/code/tvm/src/script/printer/tir/expr.cc:246: Warning: No TScriptPrinterName attribute for tir.vta.command_handle
[23:15:43] /home/orange/code/tvm/src/script/printer/tir/expr.cc:246: Warning: No TScriptPrinterName attribute for tir.vta.command_handle
[23:15:43] /home/orange/code/tvm/src/script/printer/tir/expr.cc:246: Warning: No TScriptPrinterName attribute for tir.vta.coproc_dep_push
[23:15:43] /home/orange/code/tvm/src/script/printer/tir/expr.cc:246: Warning: No TScriptPrinterName attribute for tir.vta.coproc_dep_pop
[23:15:43] /home/orange/code/tvm/src/script/printer/tir/expr.cc:246: Warning: No TScriptPrinterName attribute for tir.vta.uop_push
[23:15:43] /home/orange/code/tvm/src/script/printer/tir/expr.cc:246: Warning: No TScriptPrinterName attribute for tir.vta.coproc_dep_push
[23:15:43] /home/orange/code/tvm/src/script/printer/tir/expr.cc:246: Warning: No TScriptPrinterName attribute for tir.vta.coproc_dep_pop
[23:15:43] /home/orange/code/tvm/src/script/printer/tir/expr.cc:246: Warning: No TScriptPrinterName attribute for tir.vta.coproc_dep_pop
[23:15:43] /home/orange/code/tvm/src/script/printer/tir/expr.cc:246: Warning: No TScriptPrinterName attribute for tir.vta.uop_push
[23:15:43] /home/orange/code/tvm/src/script/printer/tir/expr.cc:246: Warning: No TScriptPrinterName attribute for tir.vta.uop_push
[23:15:43] /home/orange/code/tvm/src/script/printer/tir/expr.cc:246: Warning: No TScriptPrinterName attribute for tir.vta.uop_push
[23:15:43] /home/orange/code/tvm/src/script/printer/tir/expr.cc:246: Warning: No TScriptPrinterName attribute for tir.vta.coproc_dep_push
[23:15:43] /home/orange/code/tvm/src/script/printer/tir/expr.cc:246: Warning: No TScriptPrinterName attribute for tir.vta.coproc_dep_pop
[23:15:43] /home/orange/code/tvm/src/script/printer/tir/expr.cc:246: Warning: No TScriptPrinterName attribute for tir.vta.command_handle
[23:15:43] /home/orange/code/tvm/src/script/printer/tir/expr.cc:246: Warning: No TScriptPrinterName attribute for tir.vta.coproc_dep_pop
[23:15:43] /home/orange/code/tvm/src/script/printer/tir/expr.cc:246: Warning: No TScriptPrinterName attribute for tir.vta.command_handle
[23:15:43] /home/orange/code/tvm/src/script/printer/tir/expr.cc:246: Warning: No TScriptPrinterName attribute for tir.vta.coproc_sync
