$ /home/orange/miniconda3/envs/vta-resnet/bin/python vta/tutorials/frontend/profile_split_resnet18_stages.py --scheme three_stage_d --host 192.168.1.133 --port 9090 --image-size 224 --vta-stage-mode vta_build --run-stages --repeat 10 --warmup-repeat 1 --print-vta-runtime-profile --vta-runtime-profile-dir /home/orange/code/tvm/vta/tutorials/frontend/hp_hpc_quant/results/stage_profile_sweeps/1hpc/three_stage_d/profile --vta-runtime-profile-events-limit 4096 --save-partition-viz /home/orange/code/tvm/vta/tutorials/frontend/hp_hpc_quant/results/stage_profile_sweeps/1hpc/three_stage_d/partition.svg --stage0-num-threads 4 --stage2-num-threads 4 --timer-number 1 --timer-repeat 3

[RPC] connecting directly to 192.168.1.133:9090 ...
[RPC] runtime thread pool: requested=- before=4 after=4 config_available=yes num_threads_available=yes
========== Stage Split ==========
scheme      = three_stage_d
input       = (1, 3, 224, 224)
model       = resnet18_v1
=================================
stage0_cpu  device=cpu  units=['stem', 'layer1_block0_main_preadd', 'layer1_block0_add_relu_tail']
stage1_vta  device=vta  units=['layer1_block1_main_preadd', 'layer1_block1_add_relu_tail', 'layer2_block0_main_preadd', 'layer2_block0_skip_proj', 'layer2_block0_add_relu_tail', 'layer2_block1_main_preadd', 'layer2_block1_add_relu_tail', 'layer3_block0_main_preadd', 'layer3_block0_skip_proj', 'layer3_block0_add_relu_tail', 'layer3_block1_main_preadd', 'layer3_block1_add_relu_tail']
stage2_cpu  device=cpu  units=['layer4_block0_main_preadd', 'layer4_block0_skip_proj', 'layer4_block0_add_relu_tail', 'layer4_block1_main_preadd', 'layer4_block1_add_relu_tail', 'head']
========== Feature Blocks ==========
len(features) = 9
feature[0] = Conv2D
feature[1] = BatchNorm
feature[2] = Activation
feature[3] = MaxPool2D
feature[4] = HybridSequential
feature[5] = HybridSequential
feature[6] = HybridSequential
feature[7] = HybridSequential
feature[8] = GlobalAvgPool2D
output      = Dense
====================================
========== Atomic Units ==========
len(units) = 21
unit[0] = stem
unit[1] = head
unit[2] = layer1_block0_main_preadd
unit[3] = layer1_block0_add_relu_tail
unit[4] = layer1_block1_main_preadd
unit[5] = layer1_block1_add_relu_tail
unit[6] = layer2_block0_main_preadd
unit[7] = layer2_block0_skip_proj
unit[8] = layer2_block0_add_relu_tail
unit[9] = layer2_block1_main_preadd
unit[10] = layer2_block1_add_relu_tail
unit[11] = layer3_block0_main_preadd
unit[12] = layer3_block0_skip_proj
unit[13] = layer3_block0_add_relu_tail
unit[14] = layer3_block1_main_preadd
unit[15] = layer3_block1_add_relu_tail
unit[16] = layer4_block0_main_preadd
unit[17] = layer4_block0_skip_proj
unit[18] = layer4_block0_add_relu_tail
unit[19] = layer4_block1_main_preadd
unit[20] = layer4_block1_add_relu_tail
==================================
[VIZ] saved partition visualization -> /home/orange/code/tvm/vta/tutorials/frontend/hp_hpc_quant/results/stage_profile_sweeps/1hpc/three_stage_d/partition.svg

========== stage0_cpu ==========
[STAGE] device      = cpu
[STAGE] input_schema = {'slots': [{'slot_index': 0, 'role': 'data', 'shape': (1, 3, 224, 224), 'dtype': 'float32'}], 'arity': 1, 'kind': 'tensor'}
[STAGE] output_schema= {'kind': 'tensor', 'arity': 1, 'slots': [{'slot_index': 0, 'role': 'out', 'shape': (1, 64, 56, 56), 'dtype': 'float32'}]}
[STAGE] params      = 15
pool is not optimized for arm cpu.
/home/orange/code/tvm/vta/tutorials/frontend/profile_split_resnet18_stages.py:238: DeprecationWarning: legacy graph executor behavior of producing json / lib / params will be removed in the next release. Please see documents of tvm.contrib.graph_executor.GraphModule for the  new recommended usage.
  graph, lib, lowered_params = relay.build(mod, target=target, params=params)
[BUILD] stage0_cpu -> CPU build ok
[GRAPH] stage0_cpu
  num_nodes = 11
  arg_nodes = 7
  heads     = [[10, 0, 0]]
  attr device_index = ['list_int', [1, 1, 1, 1, 1, 1, 1, 1, 1, 1, 1]]
[BUILD] stage0_cpu params=6
[RUN] stage0_cpu graph executor created on cpu

========== stage1_vta ==========
[STAGE] device      = vta
[STAGE] input_schema = {'slots': [{'slot_index': 0, 'role': 'data', 'shape': (1, 64, 56, 56), 'dtype': 'float32'}], 'arity': 1, 'kind': 'tensor'}
[STAGE] output_schema= {'kind': 'tensor', 'arity': 1, 'slots': [{'slot_index': 0, 'role': 'out', 'shape': (1, 256, 14, 14), 'dtype': 'float32'}]}
[STAGE] params      = 60
/home/orange/code/tvm/vta/tutorials/frontend/profile_split_resnet18_stages.py:385: DeprecationWarning: legacy graph executor behavior of producing json / lib / params will be removed in the next release. Please see documents of tvm.contrib.graph_executor.GraphModule for the  new recommended usage.
  graph, lib, lowered_params = relay.build(
[BUILD] stage1_vta -> VTA build ok
[GRAPH] stage1_vta
  num_nodes = 48
  arg_nodes = 25
  heads     = [[47, 0, 0]]
  attr device_index = ['list_int', [1, 12, 12, 12, 12, 12, 12, 12, 12, 12, 12, 12, 12, 12, 12, 12, 12, 12, 12, 12, 12, 12, 12, 12, 12, 12, 12, 12, 12, 12, 12, 12, 12, 12, 12, 12, 12, 12, 12, 12, 12, 12, 12, 12, 12, 12, 1, 1]]
[BUILD] stage1_vta params=24
[RUN] stage1_vta graph executor created on vta

========== stage2_cpu ==========
[STAGE] device      = cpu
[STAGE] input_schema = {'slots': [{'slot_index': 0, 'role': 'data', 'shape': (1, 256, 14, 14), 'dtype': 'float32'}], 'arity': 1, 'kind': 'tensor'}
[STAGE] output_schema= {'kind': 'tensor', 'arity': 1, 'slots': [{'slot_index': 0, 'role': 'out', 'shape': (1, 1000), 'dtype': 'float32'}]}
[STAGE] params      = 27
dense is not optimized for arm cpu.
dense is not optimized for arm cpu.
/home/orange/code/tvm/vta/tutorials/frontend/profile_split_resnet18_stages.py:238: DeprecationWarning: legacy graph executor behavior of producing json / lib / params will be removed in the next release. Please see documents of tvm.contrib.graph_executor.GraphModule for the  new recommended usage.
  graph, lib, lowered_params = relay.build(mod, target=target, params=params)
[BUILD] stage2_cpu -> CPU build ok
[GRAPH] stage2_cpu
  num_nodes = 21
  arg_nodes = 13
  heads     = [[20, 0, 0]]
  attr device_index = ['list_int', [1, 1, 1, 1, 1, 1, 1, 1, 1, 1, 1, 1, 1, 1, 1, 1, 1, 1, 1, 1, 1]]
[BUILD] stage2_cpu params=12
[RUN] stage2_cpu graph executor created on cpu

[BOUNDARY] staged tensor interfaces
        stage0_cpu -> stage1_vta  slots=[out:(1, 64, 56, 56) float32] bytes=802816
        stage1_vta -> stage2_cpu  slots=[out:(1, 256, 14, 14) float32] bytes=200704
        boundary_count     = 2
        total_boundary_bytes = 1003520
[RUN] clear profiler after param loading / stage setup
[RUN] warmup 1 iteration(s) before steady-state profiling ...
[RUN] stage0_cpu set_input(data0) from host.numpy
[RUN] stage1_vta set_input(data0) from 129:0
[RUN] stage2_cpu set_input(data0) from 129:0
[RUN] clear profiler after warmup; starting steady-state window

[RUN] serial stage execution (steady-state window) ...
[RUN] repeat 1/10
[RUN] stage0_cpu set_input(data0) from host.numpy
[RUN] stage1_vta set_input(data0) from 129:0
[RUN] stage2_cpu set_input(data0) from 129:0
[RUN] repeat 2/10
[RUN] repeat 3/10
[RUN] repeat 4/10
[RUN] repeat 5/10
[RUN] repeat 6/10
[RUN] repeat 7/10
[RUN] repeat 8/10
[RUN] repeat 9/10
[RUN] repeat 10/10

[TIMING] serial staged run
	stage0_cpu.in:   61.837 ms
	stage0_cpu.run:   55.865 ms
	stage0_cpu.out:    2.123 ms
	stage0_cpu.service:  119.825 ms
	stage1_vta.in:    0.587 ms
	stage1_vta.run:   64.265 ms
	stage1_vta.out:    2.163 ms
	stage1_vta.service:   67.014 ms
	stage2_cpu.in:    0.775 ms
	stage2_cpu.run:   46.946 ms
	stage2_cpu.out:    2.486 ms
	stage2_cpu.service:   50.207 ms
	total_service:  237.046 ms

[TIMING] repeated serial staged run
	stage0_cpu.in    avg=  61.582 ms  std=   0.442 ms
	stage0_cpu.run   avg=  55.520 ms  std=   0.359 ms
	stage0_cpu.out   avg=   2.312 ms  std=   0.343 ms
	stage0_cpu.service avg= 119.413 ms  std=   0.632 ms
	stage0_cpu       avg= 119.413 ms  std=   0.632 ms
	stage1_vta.in    avg=   0.585 ms  std=   0.078 ms
	stage1_vta.run   avg=  63.823 ms  std=   0.361 ms
	stage1_vta.out   avg=   2.090 ms  std=   0.193 ms
	stage1_vta.service avg=  66.498 ms  std=   0.519 ms
	stage1_vta       avg=  66.498 ms  std=   0.519 ms
	stage2_cpu.in    avg=   0.629 ms  std=   0.092 ms
	stage2_cpu.run   avg=  46.619 ms  std=   0.450 ms
	stage2_cpu.out   avg=   1.987 ms  std=   0.362 ms
	stage2_cpu.service avg=  49.234 ms  std=   0.769 ms
	stage2_cpu       avg=  49.234 ms  std=   0.769 ms
	total.service    avg= 235.146 ms  std=   1.538 ms

[VTA-RUNTIME] steady-state staged run
input_copy         calls=0      bytes=0          avg_bytes=0          time=   0.000 ms
output_copy        calls=0      bytes=0          avg_bytes=0          time=   0.000 ms
device_copy        calls=0      bytes=0          avg_bytes=0          time=   0.000 ms
flush_cache        calls=0      bytes=0          avg_bytes=0          time=   0.000 ms
invalidate_cache   calls=0      bytes=0          avg_bytes=0          time=   0.000 ms
load_buffer_2d     calls=13360  bytes=81126400   small=3440   strided=6880   padded=5600  
load_shape         x1=640    y1=880   
store_buffer_2d    calls=880    bytes=11540480   small=0      strided=720   
store_shape        x1=0      y1=160   
dma_summary        load_avg_bytes=6072.3 store_avg_bytes=13114.2 load_enqueue_ms=   0.710 store_enqueue_ms=   0.039
uop_summary        gemm_calls=712      alu_calls=478      gemm_enqueue_ms=   0.206 alu_enqueue_ms=   0.190
device_run_wait    calls=120    insns=29760    load_bytes=8112640    store_bytes=1154048    time=  51.782 ms

[VTA-INTERNAL] single-run diagnosis
        dma_load_calls=1336 dma_load_bytes=8112640 dma_load_avg_bytes=6072.3
        dma_store_calls=88 dma_store_bytes=1154048 dma_store_avg_bytes=13114.2
        small_dma_ratio load=0.257 store=0.000 x1/y1 load=64/88 store=0/16
        enqueue_ms load=0.710 store=0.039 gemm=0.206 alu=0.190 synchronize_insns=2976 device_wait_ms=51.782

[TIMER] per-stage pure run via time_evaluator
        stage0_cpu run_mean_ms=51.861 run_std_ms=0.303 number=1 repeat=3
        stage1_vta run_mean_ms=60.122 run_std_ms=0.272 number=1 repeat=3
        stage2_cpu run_mean_ms=43.370 run_std_ms=0.322 number=1 repeat=3
