candidate=0f2154c700448e272b8ab9eaddd52bd6244a6ce1230c2331515e609a920a1792
/home/orange/code/tvm/python/tvm/target/target.py:301: UserWarning: target_host parameter is going to be deprecated. Please pass in tvm.target.Target(target, host=target_host) instead.
  warnings.warn(
[VTA_QUEUE] <parsed; timing fields discarded from P4j evidence>
candidate=674e3264beecb2eebc7f6d3380a18e7bb02b2bf80c1eeff49ca1978bfad74b38
/home/orange/code/tvm/python/tvm/target/target.py:301: UserWarning: target_host parameter is going to be deprecated. Please pass in tvm.target.Target(target, host=target_host) instead.
  warnings.warn(
[VTA_QUEUE] <parsed; timing fields discarded from P4j evidence>
candidate=fb6e89cf1a08ee2c40ec93dfd0670a81a89501c090a2c8a21de0a7c378078f8d
/home/orange/code/tvm/python/tvm/target/target.py:301: UserWarning: target_host parameter is going to be deprecated. Please pass in tvm.target.Target(target, host=target_host) instead.
  warnings.warn(
[VTA_QUEUE] <parsed; timing fields discarded from P4j evidence>
candidate=0e45a111f516dcd52ea2ca284780a440a7c2785bce9f79f5acba3122f0c6575f
/home/orange/code/tvm/python/tvm/target/target.py:301: UserWarning: target_host parameter is going to be deprecated. Please pass in tvm.target.Target(target, host=target_host) instead.
  warnings.warn(
[VTA_QUEUE] <parsed; timing fields discarded from P4j evidence>
candidate=1f86ee57101457988ed45ce1457d9dc5bba90e98a043ec9b66a9784008b03660
/home/orange/code/tvm/python/tvm/target/target.py:301: UserWarning: target_host parameter is going to be deprecated. Please pass in tvm.target.Target(target, host=target_host) instead.
  warnings.warn(
[VTA_QUEUE] <parsed; timing fields discarded from P4j evidence>
candidate=3c3f0c2f61935d8c6cf066a489be489304555321c7544a7ddfd7f27dc090f20f
/home/orange/code/tvm/python/tvm/target/target.py:301: UserWarning: target_host parameter is going to be deprecated. Please pass in tvm.target.Target(target, host=target_host) instead.
  warnings.warn(
[VTA_QUEUE] <parsed; timing fields discarded from P4j evidence>
candidate=804e622fc926c4ee6b0440a37de14107f2c8dc32751c84f552594625d90dcbdd
/home/orange/code/tvm/python/tvm/target/target.py:301: UserWarning: target_host parameter is going to be deprecated. Please pass in tvm.target.Target(target, host=target_host) instead.
  warnings.warn(
[VTA_QUEUE] <parsed; timing fields discarded from P4j evidence>
candidate=b046098ba4198415ec8f8be17ed62ac7f4c59198a3b0f262cb945e31bac46dc2
/home/orange/code/tvm/python/tvm/target/target.py:301: UserWarning: target_host parameter is going to be deprecated. Please pass in tvm.target.Target(target, host=target_host) instead.
  warnings.warn(
[VTA_QUEUE] <parsed; timing fields discarded from P4j evidence>
candidate=4fed446221607f8d3087bcfa1a01bd652e8d63df3a792f0ca711ac9ac449d266
/home/orange/code/tvm/python/tvm/target/target.py:301: UserWarning: target_host parameter is going to be deprecated. Please pass in tvm.target.Target(target, host=target_host) instead.
  warnings.warn(
[VTA_QUEUE] <parsed; timing fields discarded from P4j evidence>
candidate=882dab0ff62075e04af9bea90c76d18ff7ff45c58eae3e4e974e97f29159d6cf
/home/orange/code/tvm/python/tvm/target/target.py:301: UserWarning: target_host parameter is going to be deprecated. Please pass in tvm.target.Target(target, host=target_host) instead.
  warnings.warn(
[VTA_QUEUE] <parsed; timing fields discarded from P4j evidence>
candidate=ef7601c08719055121e03ed086c939fea6815c5e55ea93eafd634350953fad31
/home/orange/code/tvm/python/tvm/target/target.py:301: UserWarning: target_host parameter is going to be deprecated. Please pass in tvm.target.Target(target, host=target_host) instead.
  warnings.warn(
[VTA_QUEUE] <parsed; timing fields discarded from P4j evidence>
candidate=03b07e5a18f804b09f9c4759f907665ae2738fe0c4ed9da536f66540fce3f15a
/home/orange/code/tvm/python/tvm/target/target.py:301: UserWarning: target_host parameter is going to be deprecated. Please pass in tvm.target.Target(target, host=target_host) instead.
  warnings.warn(
[VTA_QUEUE] <parsed; timing fields discarded from P4j evidence>
candidate=1910fc1c72639597db128e7f15e221bb8cdc08c34e719a2b5cb1cd911fb75122
/home/orange/code/tvm/python/tvm/target/target.py:301: UserWarning: target_host parameter is going to be deprecated. Please pass in tvm.target.Target(target, host=target_host) instead.
  warnings.warn(
[VTA_QUEUE] <parsed; timing fields discarded from P4j evidence>
candidate=26d4e9e8f2ca89be3bec730c72d3554e1aac0b1f892c217022144096a949cdff
/home/orange/code/tvm/python/tvm/target/target.py:301: UserWarning: target_host parameter is going to be deprecated. Please pass in tvm.target.Target(target, host=target_host) instead.
  warnings.warn(
[VTA_QUEUE] <parsed; timing fields discarded from P4j evidence>
candidate=aeab6cc7dfdf6ee391c3682a93fc07341feb4feef8bfd08774a295230467272c
/home/orange/code/tvm/python/tvm/target/target.py:301: UserWarning: target_host parameter is going to be deprecated. Please pass in tvm.target.Target(target, host=target_host) instead.
  warnings.warn(
[VTA_QUEUE] <parsed; timing fields discarded from P4j evidence>
candidate=707d20f4efc2df03447f1c6647f8e8dec45fc13cabffafaa6e41b9d0b7daf0d1
/home/orange/code/tvm/python/tvm/target/target.py:301: UserWarning: target_host parameter is going to be deprecated. Please pass in tvm.target.Target(target, host=target_host) instead.
  warnings.warn(
[VTA_QUEUE] <parsed; timing fields discarded from P4j evidence>
[VTA_QUEUE] <parsed; timing fields discarded from P4j evidence>
[VTA_QUEUE] <parsed; timing fields discarded from P4j evidence>
candidate=a7157fccec480fdb7db359c9643912303ae06e6e5d2a642071a496f35c1de7f5
/home/orange/code/tvm/python/tvm/target/target.py:301: UserWarning: target_host parameter is going to be deprecated. Please pass in tvm.target.Target(target, host=target_host) instead.
  warnings.warn(
[VTA_QUEUE] <parsed; timing fields discarded from P4j evidence>
[VTA_QUEUE] <parsed; timing fields discarded from P4j evidence>
[VTA_QUEUE] <parsed; timing fields discarded from P4j evidence>
candidate=b22851fec3cd6fd024bbe984b69e90e811c1e1b127f3e8e9b811246972b02462
/home/orange/code/tvm/python/tvm/target/target.py:301: UserWarning: target_host parameter is going to be deprecated. Please pass in tvm.target.Target(target, host=target_host) instead.
  warnings.warn(
[VTA_QUEUE] <parsed; timing fields discarded from P4j evidence>
[VTA_QUEUE] <parsed; timing fields discarded from P4j evidence>
candidate=df9ef8675c4e1bc453463bbb8c9954837070d50ab9e9847c51fe312f11ed9908
/home/orange/code/tvm/python/tvm/target/target.py:301: UserWarning: target_host parameter is going to be deprecated. Please pass in tvm.target.Target(target, host=target_host) instead.
  warnings.warn(
[VTA_QUEUE] <parsed; timing fields discarded from P4j evidence>
[VTA_QUEUE] <parsed; timing fields discarded from P4j evidence>
[VTA_QUEUE] <parsed; timing fields discarded from P4j evidence>
candidate=072c0d94581c944efbd2adc1fe854c043d7ca3cb35b30c441f6924ff5dad4d18
/home/orange/code/tvm/python/tvm/target/target.py:301: UserWarning: target_host parameter is going to be deprecated. Please pass in tvm.target.Target(target, host=target_host) instead.
  warnings.warn(
[VTA_QUEUE] <parsed; timing fields discarded from P4j evidence>
candidate=0f10712ab1c8ef08ba291c25ee134fe1d6597cda6cfe01c422fed0d9411fa53f
/home/orange/code/tvm/python/tvm/target/target.py:301: UserWarning: target_host parameter is going to be deprecated. Please pass in tvm.target.Target(target, host=target_host) instead.
  warnings.warn(
[VTA_QUEUE] <parsed; timing fields discarded from P4j evidence>
candidate=e6bb6f6cde0d428818d448eb3c23133f11979a5bd408e0919ebcafa46d61e7b2
/home/orange/code/tvm/python/tvm/target/target.py:301: UserWarning: target_host parameter is going to be deprecated. Please pass in tvm.target.Target(target, host=target_host) instead.
  warnings.warn(
[VTA_QUEUE] <parsed; timing fields discarded from P4j evidence>
candidate=370da00bf437f244b294468d86bcefbaa7328e0193c21c75fbc9eb757cb51c14
/home/orange/code/tvm/python/tvm/target/target.py:301: UserWarning: target_host parameter is going to be deprecated. Please pass in tvm.target.Target(target, host=target_host) instead.
  warnings.warn(
[VTA_QUEUE] <parsed; timing fields discarded from P4j evidence>
candidate=524c211dfccdae55a723cd6788bc47ce342d54f3e33d8cac8aeac73e1281fe9f
/home/orange/code/tvm/python/tvm/target/target.py:301: UserWarning: target_host parameter is going to be deprecated. Please pass in tvm.target.Target(target, host=target_host) instead.
  warnings.warn(
[VTA_QUEUE] <parsed; timing fields discarded from P4j evidence>
candidate=a3400a47ccb307df1025e029f1695d4a3e8e70269bf9b6640d77b8df8fea985d
/home/orange/code/tvm/python/tvm/target/target.py:301: UserWarning: target_host parameter is going to be deprecated. Please pass in tvm.target.Target(target, host=target_host) instead.
  warnings.warn(
[VTA_QUEUE] <parsed; timing fields discarded from P4j evidence>
candidate=c93af1b80b3626570d5f1f07c270872cf573e71ec220e786d2baa2eaed54cb74
/home/orange/code/tvm/python/tvm/target/target.py:301: UserWarning: target_host parameter is going to be deprecated. Please pass in tvm.target.Target(target, host=target_host) instead.
  warnings.warn(
[VTA_QUEUE] <parsed; timing fields discarded from P4j evidence>
candidate=d3f7c60b3cecaa19245359c29c2aff6bd33aa95512a82be94c2fe7d5eb0ec48e
/home/orange/code/tvm/python/tvm/target/target.py:301: UserWarning: target_host parameter is going to be deprecated. Please pass in tvm.target.Target(target, host=target_host) instead.
  warnings.warn(
[VTA_QUEUE] <parsed; timing fields discarded from P4j evidence>
candidate=a5bb904470f07a88f576e790ee00991e00ff09a323cd67ddf93cc235db2e0821
/home/orange/code/tvm/python/tvm/target/target.py:301: UserWarning: target_host parameter is going to be deprecated. Please pass in tvm.target.Target(target, host=target_host) instead.
  warnings.warn(
[VTA_QUEUE] <parsed; timing fields discarded from P4j evidence>
candidate=ba54cf8d3c6017dabd0f8c851a67eb57bf7a5db48515d091bf05720d1737c862
/home/orange/code/tvm/python/tvm/target/target.py:301: UserWarning: target_host parameter is going to be deprecated. Please pass in tvm.target.Target(target, host=target_host) instead.
  warnings.warn(
[VTA_QUEUE] <parsed; timing fields discarded from P4j evidence>
candidate=bb37ec8d0e04959da85abaf08773c6906941a04d2f27400fb274c65176bebd4b
/home/orange/code/tvm/python/tvm/target/target.py:301: UserWarning: target_host parameter is going to be deprecated. Please pass in tvm.target.Target(target, host=target_host) instead.
  warnings.warn(
[VTA_QUEUE] <parsed; timing fields discarded from P4j evidence>
candidate=017ba6fa9e09236a992370621895a7ffdc86a6a29d86fd5d1d7520c2300d0fd9
/home/orange/code/tvm/python/tvm/target/target.py:301: UserWarning: target_host parameter is going to be deprecated. Please pass in tvm.target.Target(target, host=target_host) instead.
  warnings.warn(
[VTA_QUEUE] <parsed; timing fields discarded from P4j evidence>
candidate=2b4a6eeaf3cad51f0a614ab3f4641e83192477965b42ac25f64197d251f1ee1e
/home/orange/code/tvm/python/tvm/target/target.py:301: UserWarning: target_host parameter is going to be deprecated. Please pass in tvm.target.Target(target, host=target_host) instead.
  warnings.warn(
[VTA_QUEUE] <parsed; timing fields discarded from P4j evidence>
candidate=4c88d2895f6f4ecfeb7686aad6c17939769c0b0dac5fb9f0ed9848f85c3ac30e
/home/orange/code/tvm/python/tvm/target/target.py:301: UserWarning: target_host parameter is going to be deprecated. Please pass in tvm.target.Target(target, host=target_host) instead.
  warnings.warn(
[VTA_QUEUE] <parsed; timing fields discarded from P4j evidence>
candidate=4fba481e5a9184599d7bba939da151faefce769749ecf5d1fcff2bf12aacedd0
/home/orange/code/tvm/python/tvm/target/target.py:301: UserWarning: target_host parameter is going to be deprecated. Please pass in tvm.target.Target(target, host=target_host) instead.
  warnings.warn(
[VTA_QUEUE] <parsed; timing fields discarded from P4j evidence>
candidate=0ce077ce31a18afee6ee51aa01ce86f53c1a7d8c01d117fec50fc4664b7c51e5
/home/orange/code/tvm/python/tvm/target/target.py:301: UserWarning: target_host parameter is going to be deprecated. Please pass in tvm.target.Target(target, host=target_host) instead.
  warnings.warn(
[VTA_QUEUE] <parsed; timing fields discarded from P4j evidence>
[VTA_QUEUE] <parsed; timing fields discarded from P4j evidence>
[VTA_QUEUE] <parsed; timing fields discarded from P4j evidence>
candidate=819d5ba4a81f36d6eff12c6fca6a2bf1ed30c923bf2c864ad6172a874a4086cc
/home/orange/code/tvm/python/tvm/target/target.py:301: UserWarning: target_host parameter is going to be deprecated. Please pass in tvm.target.Target(target, host=target_host) instead.
  warnings.warn(
[VTA_QUEUE] <parsed; timing fields discarded from P4j evidence>
[VTA_QUEUE] <parsed; timing fields discarded from P4j evidence>
[VTA_QUEUE] <parsed; timing fields discarded from P4j evidence>
candidate=9b9a1f95d708768e187044510abbdbb742ff871923b7e33ccef303e83aea3410
/home/orange/code/tvm/python/tvm/target/target.py:301: UserWarning: target_host parameter is going to be deprecated. Please pass in tvm.target.Target(target, host=target_host) instead.
  warnings.warn(
[VTA_QUEUE] <parsed; timing fields discarded from P4j evidence>
[VTA_QUEUE] <parsed; timing fields discarded from P4j evidence>
candidate=9d5e7942d097e177310cbb05d33915ea7691399f2108835afe29f463eb946109
/home/orange/code/tvm/python/tvm/target/target.py:301: UserWarning: target_host parameter is going to be deprecated. Please pass in tvm.target.Target(target, host=target_host) instead.
  warnings.warn(
[VTA_QUEUE] <parsed; timing fields discarded from P4j evidence>
[VTA_QUEUE] <parsed; timing fields discarded from P4j evidence>
[VTA_QUEUE] <parsed; timing fields discarded from P4j evidence>
candidate=b298636a650419939c72ff49cbbee99be2b60e09f60c2a248c64b5133b41c25f
/home/orange/code/tvm/python/tvm/target/target.py:301: UserWarning: target_host parameter is going to be deprecated. Please pass in tvm.target.Target(target, host=target_host) instead.
  warnings.warn(
[VTA_QUEUE] <parsed; timing fields discarded from P4j evidence>
candidate=03ccebecbf2c3e75ea90cfaf122638a668034af7c21c053c36925155c063e188
/home/orange/code/tvm/python/tvm/target/target.py:301: UserWarning: target_host parameter is going to be deprecated. Please pass in tvm.target.Target(target, host=target_host) instead.
  warnings.warn(
[VTA_QUEUE] <parsed; timing fields discarded from P4j evidence>
candidate=37c662cfab07879956fbf12bb9f60f1461b1a197e4a4f1826f4033f0adc1fe96
/home/orange/code/tvm/python/tvm/target/target.py:301: UserWarning: target_host parameter is going to be deprecated. Please pass in tvm.target.Target(target, host=target_host) instead.
  warnings.warn(
[VTA_QUEUE] <parsed; timing fields discarded from P4j evidence>
candidate=53bc1b1555d281e271367dda00465d1c519583e7d8de046a857ee33ba7b0445d
/home/orange/code/tvm/python/tvm/target/target.py:301: UserWarning: target_host parameter is going to be deprecated. Please pass in tvm.target.Target(target, host=target_host) instead.
  warnings.warn(
[VTA_QUEUE] <parsed; timing fields discarded from P4j evidence>
candidate=b492d3d90d9a6816ec25199f610b50b96390d38e6646a3ae4ceafcf88c6f6d75
/home/orange/code/tvm/python/tvm/target/target.py:301: UserWarning: target_host parameter is going to be deprecated. Please pass in tvm.target.Target(target, host=target_host) instead.
  warnings.warn(
[VTA_QUEUE] <parsed; timing fields discarded from P4j evidence>
candidate=df13db54326e1d1a276dc3baaefd864a53bc7a36f75ec346fda3957cc3f972b0
/home/orange/code/tvm/python/tvm/target/target.py:301: UserWarning: target_host parameter is going to be deprecated. Please pass in tvm.target.Target(target, host=target_host) instead.
  warnings.warn(
[VTA_QUEUE] <parsed; timing fields discarded from P4j evidence>
candidate=756d26e7df76c6995f65be5207c440f929a16d32aa209bafe5359f169d43eee2
/home/orange/code/tvm/python/tvm/target/target.py:301: UserWarning: target_host parameter is going to be deprecated. Please pass in tvm.target.Target(target, host=target_host) instead.
  warnings.warn(
[VTA_QUEUE] <parsed; timing fields discarded from P4j evidence>
candidate=87b019d4b9edd664c8090add992293ae527da1b82a8e48cc9abeda20bec3d581
/home/orange/code/tvm/python/tvm/target/target.py:301: UserWarning: target_host parameter is going to be deprecated. Please pass in tvm.target.Target(target, host=target_host) instead.
  warnings.warn(
[VTA_QUEUE] <parsed; timing fields discarded from P4j evidence>
candidate=1a29b83d94090a1b2cc86336542ebd28a2d36512c9565a9a889a3d9ccea3631b
/home/orange/code/tvm/python/tvm/target/target.py:301: UserWarning: target_host parameter is going to be deprecated. Please pass in tvm.target.Target(target, host=target_host) instead.
  warnings.warn(
[VTA_QUEUE] <parsed; timing fields discarded from P4j evidence>
candidate=5aeace42f10f76e905f5a560e503e5dcf1909ccd33e0ef460ea08791f753cfa0
/home/orange/code/tvm/python/tvm/target/target.py:301: UserWarning: target_host parameter is going to be deprecated. Please pass in tvm.target.Target(target, host=target_host) instead.
  warnings.warn(
[VTA_QUEUE] <parsed; timing fields discarded from P4j evidence>
candidate=cf8d67cd96e9880847af0e45341070225c1448ed3487938f2fca00b4ff5399ec
/home/orange/code/tvm/python/tvm/target/target.py:301: UserWarning: target_host parameter is going to be deprecated. Please pass in tvm.target.Target(target, host=target_host) instead.
  warnings.warn(
[VTA_QUEUE] <parsed; timing fields discarded from P4j evidence>
candidate=f85062180794dc068f3c7cce5de216903b0ad3ac769f3f4caa0ee38f928c4d01
/home/orange/code/tvm/python/tvm/target/target.py:301: UserWarning: target_host parameter is going to be deprecated. Please pass in tvm.target.Target(target, host=target_host) instead.
  warnings.warn(
[VTA_QUEUE] <parsed; timing fields discarded from P4j evidence>
candidate=25c27a04cb4d1e915c221d1b623f057909ed518ee4fc36bda84c077d89b6ab32
/home/orange/code/tvm/python/tvm/target/target.py:301: UserWarning: target_host parameter is going to be deprecated. Please pass in tvm.target.Target(target, host=target_host) instead.
  warnings.warn(
[VTA_QUEUE] <parsed; timing fields discarded from P4j evidence>
[VTA_QUEUE] <parsed; timing fields discarded from P4j evidence>
[VTA_QUEUE] <parsed; timing fields discarded from P4j evidence>
candidate=9a678c58e172e0741dda80aadce44e70ae7e56c9de3fd75c1c138e17b78197f9
/home/orange/code/tvm/python/tvm/target/target.py:301: UserWarning: target_host parameter is going to be deprecated. Please pass in tvm.target.Target(target, host=target_host) instead.
  warnings.warn(
[VTA_QUEUE] <parsed; timing fields discarded from P4j evidence>
[VTA_QUEUE] <parsed; timing fields discarded from P4j evidence>
[VTA_QUEUE] <parsed; timing fields discarded from P4j evidence>
[VTA_QUEUE] <parsed; timing fields discarded from P4j evidence>
[VTA_QUEUE] <parsed; timing fields discarded from P4j evidence>
candidate=b975b5e12b53db2d6ef72f8ce10b839cca0c9a7495115f8d7172deaf0996f77a
/home/orange/code/tvm/python/tvm/target/target.py:301: UserWarning: target_host parameter is going to be deprecated. Please pass in tvm.target.Target(target, host=target_host) instead.
  warnings.warn(
[VTA_QUEUE] <parsed; timing fields discarded from P4j evidence>
[VTA_QUEUE] <parsed; timing fields discarded from P4j evidence>
[VTA_QUEUE] <parsed; timing fields discarded from P4j evidence>
[VTA_QUEUE] <parsed; timing fields discarded from P4j evidence>
[VTA_QUEUE] <parsed; timing fields discarded from P4j evidence>
candidate=f09f263b8c5f798b4950d2a54d3dd12c0e4b44d8bd0850646c94a47c18958a08
/home/orange/code/tvm/python/tvm/target/target.py:301: UserWarning: target_host parameter is going to be deprecated. Please pass in tvm.target.Target(target, host=target_host) instead.
  warnings.warn(
[VTA_QUEUE] <parsed; timing fields discarded from P4j evidence>
[VTA_QUEUE] <parsed; timing fields discarded from P4j evidence>
[VTA_QUEUE] <parsed; timing fields discarded from P4j evidence>
[VTA_QUEUE] <parsed; timing fields discarded from P4j evidence>
[VTA_QUEUE] <parsed; timing fields discarded from P4j evidence>
candidate=099478e697fc652243fc4604bb230fd483e98c600bccb8f1f1275b097e138da5
/home/orange/code/tvm/python/tvm/target/target.py:301: UserWarning: target_host parameter is going to be deprecated. Please pass in tvm.target.Target(target, host=target_host) instead.
  warnings.warn(
[VTA_QUEUE] <parsed; timing fields discarded from P4j evidence>
candidate=8fd6be9e54cf5bcf1803e050c4da1455cd94bd140e2ad2c03423e33ca22f5811
/home/orange/code/tvm/python/tvm/target/target.py:301: UserWarning: target_host parameter is going to be deprecated. Please pass in tvm.target.Target(target, host=target_host) instead.
  warnings.warn(
[VTA_QUEUE] <parsed; timing fields discarded from P4j evidence>
candidate=95e0e87cdea8af0000d9352e4fe4ee8c71cdfef9d768caa57d3821450e44ac10
/home/orange/code/tvm/python/tvm/target/target.py:301: UserWarning: target_host parameter is going to be deprecated. Please pass in tvm.target.Target(target, host=target_host) instead.
  warnings.warn(
[VTA_QUEUE] <parsed; timing fields discarded from P4j evidence>
candidate=02949137676012e7ac3367e291b17afaaa312240ff06b5e0bd35628c79c53a35
/home/orange/code/tvm/python/tvm/target/target.py:301: UserWarning: target_host parameter is going to be deprecated. Please pass in tvm.target.Target(target, host=target_host) instead.
  warnings.warn(
[VTA_QUEUE] <parsed; timing fields discarded from P4j evidence>
candidate=56d5934e8627512b5ad7a25ba807fbf8155149869b028b1ec0e5fa659d1a062a
/home/orange/code/tvm/python/tvm/target/target.py:301: UserWarning: target_host parameter is going to be deprecated. Please pass in tvm.target.Target(target, host=target_host) instead.
  warnings.warn(
[VTA_QUEUE] <parsed; timing fields discarded from P4j evidence>
candidate=a4b61663b63fe05a66b50d96c24df5c856867762e0f5d39696fb06018fadd9a3
/home/orange/code/tvm/python/tvm/target/target.py:301: UserWarning: target_host parameter is going to be deprecated. Please pass in tvm.target.Target(target, host=target_host) instead.
  warnings.warn(
[VTA_QUEUE] <parsed; timing fields discarded from P4j evidence>
candidate=b888d615d5cee94c95c26de85ffd063120de6448b1c9fabe2e99f346a698a950
/home/orange/code/tvm/python/tvm/target/target.py:301: UserWarning: target_host parameter is going to be deprecated. Please pass in tvm.target.Target(target, host=target_host) instead.
  warnings.warn(
[VTA_QUEUE] <parsed; timing fields discarded from P4j evidence>
candidate=de60980e298c03c38a049c84c3d3305367c85c51af4ac99529b04cc315013ca3
/home/orange/code/tvm/python/tvm/target/target.py:301: UserWarning: target_host parameter is going to be deprecated. Please pass in tvm.target.Target(target, host=target_host) instead.
  warnings.warn(
[VTA_QUEUE] <parsed; timing fields discarded from P4j evidence>
candidate=05e441e42ece42f04a179438e9e41d3d8af872de8b161c96d5c5acb2224a8cbd
/home/orange/code/tvm/python/tvm/target/target.py:301: UserWarning: target_host parameter is going to be deprecated. Please pass in tvm.target.Target(target, host=target_host) instead.
  warnings.warn(
[VTA_QUEUE] <parsed; timing fields discarded from P4j evidence>
candidate=40e1617aa2427763826c5b51eabaecfa3e4b82d21332cd19cb84f7cc691ca477
/home/orange/code/tvm/python/tvm/target/target.py:301: UserWarning: target_host parameter is going to be deprecated. Please pass in tvm.target.Target(target, host=target_host) instead.
  warnings.warn(
[VTA_QUEUE] <parsed; timing fields discarded from P4j evidence>
candidate=6be0409140a835e59ad5346aaee08cc34499975065cac9b232eb1707b9ae2ee3
/home/orange/code/tvm/python/tvm/target/target.py:301: UserWarning: target_host parameter is going to be deprecated. Please pass in tvm.target.Target(target, host=target_host) instead.
  warnings.warn(
[VTA_QUEUE] <parsed; timing fields discarded from P4j evidence>
candidate=44d3a2899968dbc1e2d8323ba0b63d5e571d2b29ca665bf9e40da162154a4676
/home/orange/code/tvm/python/tvm/target/target.py:301: UserWarning: target_host parameter is going to be deprecated. Please pass in tvm.target.Target(target, host=target_host) instead.
  warnings.warn(
[VTA_QUEUE] <parsed; timing fields discarded from P4j evidence>
candidate=6c163e16a43f129edf1c3b0a8c5f47c1e2d404527da8f39e0a621ff038cf3f8e
/home/orange/code/tvm/python/tvm/target/target.py:301: UserWarning: target_host parameter is going to be deprecated. Please pass in tvm.target.Target(target, host=target_host) instead.
  warnings.warn(
[VTA_QUEUE] <parsed; timing fields discarded from P4j evidence>
candidate=91db72980271523d0526efb1981651c953148f5043234fddbc5ffefeae5f8ce2
/home/orange/code/tvm/python/tvm/target/target.py:301: UserWarning: target_host parameter is going to be deprecated. Please pass in tvm.target.Target(target, host=target_host) instead.
  warnings.warn(
[VTA_QUEUE] <parsed; timing fields discarded from P4j evidence>
candidate=f456e391d34de54a5e9123ae4617f4dc544a88f2432fc51b6cecdcd3620ddb72
/home/orange/code/tvm/python/tvm/target/target.py:301: UserWarning: target_host parameter is going to be deprecated. Please pass in tvm.target.Target(target, host=target_host) instead.
  warnings.warn(
[VTA_QUEUE] <parsed; timing fields discarded from P4j evidence>
candidate=a457ba657eb7b2c9df0cf0559e4d1dca64afa600bf6edb2a9d9bbf735022a51d
/home/orange/code/tvm/python/tvm/target/target.py:301: UserWarning: target_host parameter is going to be deprecated. Please pass in tvm.target.Target(target, host=target_host) instead.
  warnings.warn(
[VTA_QUEUE] <parsed; timing fields discarded from P4j evidence>
[VTA_QUEUE] <parsed; timing fields discarded from P4j evidence>
[VTA_QUEUE] <parsed; timing fields discarded from P4j evidence>
candidate=a9f932ce145fecf8b1847650f8ac52ae1ddc69f879943953365d8feb7306d25d
/home/orange/code/tvm/python/tvm/target/target.py:301: UserWarning: target_host parameter is going to be deprecated. Please pass in tvm.target.Target(target, host=target_host) instead.
  warnings.warn(
[VTA_QUEUE] <parsed; timing fields discarded from P4j evidence>
[VTA_QUEUE] <parsed; timing fields discarded from P4j evidence>
candidate=c57c8913a831859e38c888df889d2996bb179c9ad318ada0176b69399aa74671
/home/orange/code/tvm/python/tvm/target/target.py:301: UserWarning: target_host parameter is going to be deprecated. Please pass in tvm.target.Target(target, host=target_host) instead.
  warnings.warn(
[VTA_QUEUE] <parsed; timing fields discarded from P4j evidence>
[VTA_QUEUE] <parsed; timing fields discarded from P4j evidence>
[VTA_QUEUE] <parsed; timing fields discarded from P4j evidence>
candidate=f748d95031828a1dcce6396e3b2c0e44929b7dd599b9ab5d210fe3b9e5b48991
/home/orange/code/tvm/python/tvm/target/target.py:301: UserWarning: target_host parameter is going to be deprecated. Please pass in tvm.target.Target(target, host=target_host) instead.
  warnings.warn(
[VTA_QUEUE] <parsed; timing fields discarded from P4j evidence>
[VTA_QUEUE] <parsed; timing fields discarded from P4j evidence>
[VTA_QUEUE] <parsed; timing fields discarded from P4j evidence>
candidate=6b7281ad2061fe6f8dd97c4a822b476cf21c8e1367087b6e1d8762b58bcd85b9
/home/orange/code/tvm/python/tvm/target/target.py:301: UserWarning: target_host parameter is going to be deprecated. Please pass in tvm.target.Target(target, host=target_host) instead.
  warnings.warn(
[VTA_QUEUE] <parsed; timing fields discarded from P4j evidence>
candidate=906c1bdc905dc2ebbbd18569941dcfd4f11fe9e32ed55b9bfa03eb027b3b9c40
/home/orange/code/tvm/python/tvm/target/target.py:301: UserWarning: target_host parameter is going to be deprecated. Please pass in tvm.target.Target(target, host=target_host) instead.
  warnings.warn(
[VTA_QUEUE] <parsed; timing fields discarded from P4j evidence>
candidate=056aba501b8dc2b43c91d52c4449f201db368fe8458fae6b42d4717fecefcbae
/home/orange/code/tvm/python/tvm/target/target.py:301: UserWarning: target_host parameter is going to be deprecated. Please pass in tvm.target.Target(target, host=target_host) instead.
  warnings.warn(
[VTA_QUEUE] <parsed; timing fields discarded from P4j evidence>
candidate=46d26bf4160e1be1b4d14737f2b63b361576e8025940330dabbbb42f6bde585b
/home/orange/code/tvm/python/tvm/target/target.py:301: UserWarning: target_host parameter is going to be deprecated. Please pass in tvm.target.Target(target, host=target_host) instead.
  warnings.warn(
[VTA_QUEUE] <parsed; timing fields discarded from P4j evidence>
candidate=4be453718b76f28cc514749c797bca1f231bd5f2c11dab8d3d106734f9de981b
/home/orange/code/tvm/python/tvm/target/target.py:301: UserWarning: target_host parameter is going to be deprecated. Please pass in tvm.target.Target(target, host=target_host) instead.
  warnings.warn(
[VTA_QUEUE] <parsed; timing fields discarded from P4j evidence>
candidate=5b985f077fea1f0aef609f0da5bf4d36e09b98ffe029198cb9f2176d489fc273
/home/orange/code/tvm/python/tvm/target/target.py:301: UserWarning: target_host parameter is going to be deprecated. Please pass in tvm.target.Target(target, host=target_host) instead.
  warnings.warn(
[VTA_QUEUE] <parsed; timing fields discarded from P4j evidence>
candidate=7d789aaad11af9efbba8b42f9419268a67f4fa001b817d444de73463a0140bda
/home/orange/code/tvm/python/tvm/target/target.py:301: UserWarning: target_host parameter is going to be deprecated. Please pass in tvm.target.Target(target, host=target_host) instead.
  warnings.warn(
[VTA_QUEUE] <parsed; timing fields discarded from P4j evidence>
candidate=9176dd899e96464a7e6dd8e35be57682bcd4557bcf5f2a9c9b4d3204a7fdc27c
/home/orange/code/tvm/python/tvm/target/target.py:301: UserWarning: target_host parameter is going to be deprecated. Please pass in tvm.target.Target(target, host=target_host) instead.
  warnings.warn(
[VTA_QUEUE] <parsed; timing fields discarded from P4j evidence>
candidate=529c7523b0ef4bd0cab5f467f02a5fb5f6cc274afc77f8a3b7214521abec64a5
/home/orange/code/tvm/python/tvm/target/target.py:301: UserWarning: target_host parameter is going to be deprecated. Please pass in tvm.target.Target(target, host=target_host) instead.
  warnings.warn(
[VTA_QUEUE] <parsed; timing fields discarded from P4j evidence>
candidate=70b6abff4c3c991d8419e917467eb65f5bb43dcfcd6356f3ed38a5466b29d95c
/home/orange/code/tvm/python/tvm/target/target.py:301: UserWarning: target_host parameter is going to be deprecated. Please pass in tvm.target.Target(target, host=target_host) instead.
  warnings.warn(
[VTA_QUEUE] <parsed; timing fields discarded from P4j evidence>
candidate=a4c8d5009f6b81f31e38aadaa17177f6cef623cbc965fa08f3af0df02f0ae758
/home/orange/code/tvm/python/tvm/target/target.py:301: UserWarning: target_host parameter is going to be deprecated. Please pass in tvm.target.Target(target, host=target_host) instead.
  warnings.warn(
[VTA_QUEUE] <parsed; timing fields discarded from P4j evidence>
candidate=297e8e65a67bf20e8700a9cdd27013394970a414fda14ba3023c95dd0d404af1
/home/orange/code/tvm/python/tvm/target/target.py:301: UserWarning: target_host parameter is going to be deprecated. Please pass in tvm.target.Target(target, host=target_host) instead.
  warnings.warn(
[VTA_QUEUE] <parsed; timing fields discarded from P4j evidence>
candidate=551d12fd506985547dd66c1da42a874c7931595aa6c0d9e0c212501c192005f0
/home/orange/code/tvm/python/tvm/target/target.py:301: UserWarning: target_host parameter is going to be deprecated. Please pass in tvm.target.Target(target, host=target_host) instead.
  warnings.warn(
[VTA_QUEUE] <parsed; timing fields discarded from P4j evidence>
candidate=85a58c8723660dfca8e6dcc8772bd2614d613f03e58fb5c4d609f6a1078f1bd3
/home/orange/code/tvm/python/tvm/target/target.py:301: UserWarning: target_host parameter is going to be deprecated. Please pass in tvm.target.Target(target, host=target_host) instead.
  warnings.warn(
[VTA_QUEUE] <parsed; timing fields discarded from P4j evidence>
candidate=da2e9118600f70d30180aba1ea88c8555717e9f824acffe3b17c72faeece8f8c
/home/orange/code/tvm/python/tvm/target/target.py:301: UserWarning: target_host parameter is going to be deprecated. Please pass in tvm.target.Target(target, host=target_host) instead.
  warnings.warn(
[VTA_QUEUE] <parsed; timing fields discarded from P4j evidence>
candidate=2ad0ed6e87936bf9d4c2eba7e7ae3b16e0f3a066b89996d6074c04fe11882673
/home/orange/code/tvm/python/tvm/target/target.py:301: UserWarning: target_host parameter is going to be deprecated. Please pass in tvm.target.Target(target, host=target_host) instead.
  warnings.warn(
[VTA_QUEUE] <parsed; timing fields discarded from P4j evidence>
[VTA_QUEUE] <parsed; timing fields discarded from P4j evidence>
[VTA_QUEUE] <parsed; timing fields discarded from P4j evidence>
[VTA_QUEUE] <parsed; timing fields discarded from P4j evidence>
[VTA_QUEUE] <parsed; timing fields discarded from P4j evidence>
candidate=9e080bbf7e26bc73f3577a5e0a31fe808847700188e9982ccd173880488166e0
/home/orange/code/tvm/python/tvm/target/target.py:301: UserWarning: target_host parameter is going to be deprecated. Please pass in tvm.target.Target(target, host=target_host) instead.
  warnings.warn(
[VTA_QUEUE] <parsed; timing fields discarded from P4j evidence>
[VTA_QUEUE] <parsed; timing fields discarded from P4j evidence>
[VTA_QUEUE] <parsed; timing fields discarded from P4j evidence>
candidate=eafb825da0afd4d49a585dc62c7341ee73e877339ab8480e6c1837042f7f4b09
/home/orange/code/tvm/python/tvm/target/target.py:301: UserWarning: target_host parameter is going to be deprecated. Please pass in tvm.target.Target(target, host=target_host) instead.
  warnings.warn(
[VTA_QUEUE] <parsed; timing fields discarded from P4j evidence>
[VTA_QUEUE] <parsed; timing fields discarded from P4j evidence>
[VTA_QUEUE] <parsed; timing fields discarded from P4j evidence>
[VTA_QUEUE] <parsed; timing fields discarded from P4j evidence>
[VTA_QUEUE] <parsed; timing fields discarded from P4j evidence>
[VTA_QUEUE] <parsed; timing fields discarded from P4j evidence>
[VTA_QUEUE] <parsed; timing fields discarded from P4j evidence>
[VTA_QUEUE] <parsed; timing fields discarded from P4j evidence>
[VTA_QUEUE] <parsed; timing fields discarded from P4j evidence>
candidate=fd40e99d0206e64df5ca35916e3768d19aa1afabaf30065edba1c2f0f0a5010b
/home/orange/code/tvm/python/tvm/target/target.py:301: UserWarning: target_host parameter is going to be deprecated. Please pass in tvm.target.Target(target, host=target_host) instead.
  warnings.warn(
[VTA_QUEUE] <parsed; timing fields discarded from P4j evidence>
[VTA_QUEUE] <parsed; timing fields discarded from P4j evidence>
[VTA_QUEUE] <parsed; timing fields discarded from P4j evidence>
[VTA_QUEUE] <parsed; timing fields discarded from P4j evidence>
[VTA_QUEUE] <parsed; timing fields discarded from P4j evidence>
candidate=87e57c2a06c4e59c11124143d6f95fab383300904d66319e755cc08adf7b6148
/home/orange/code/tvm/python/tvm/target/target.py:301: UserWarning: target_host parameter is going to be deprecated. Please pass in tvm.target.Target(target, host=target_host) instead.
  warnings.warn(
[VTA_QUEUE] <parsed; timing fields discarded from P4j evidence>
candidate=d03cd56e7c67b12024f04bfe8a87d03d944c8a64c9a8df08d6bf83f3cfd3db92
/home/orange/code/tvm/python/tvm/target/target.py:301: UserWarning: target_host parameter is going to be deprecated. Please pass in tvm.target.Target(target, host=target_host) instead.
  warnings.warn(
[VTA_QUEUE] <parsed; timing fields discarded from P4j evidence>
candidate=23865c51fa1a0f364e1f5ea2bd3c003f39160ae5c1460b7ad4989486a6f23fe3
/home/orange/code/tvm/python/tvm/target/target.py:301: UserWarning: target_host parameter is going to be deprecated. Please pass in tvm.target.Target(target, host=target_host) instead.
  warnings.warn(
[VTA_QUEUE] <parsed; timing fields discarded from P4j evidence>
candidate=476ecde0a0640c127aa72c4b213d1df4d118dd49d1c981f6cb0ba038721031d2
/home/orange/code/tvm/python/tvm/target/target.py:301: UserWarning: target_host parameter is going to be deprecated. Please pass in tvm.target.Target(target, host=target_host) instead.
  warnings.warn(
[VTA_QUEUE] <parsed; timing fields discarded from P4j evidence>
candidate=6ffd97181f8696354b417bdc2574533d833d1475a2de1a176b19a3317b6eb184
/home/orange/code/tvm/python/tvm/target/target.py:301: UserWarning: target_host parameter is going to be deprecated. Please pass in tvm.target.Target(target, host=target_host) instead.
  warnings.warn(
[VTA_QUEUE] <parsed; timing fields discarded from P4j evidence>
candidate=b3382629d4b16bd9c03d448d5273e461f4bd53fdb3bcc35b99ac0955739937b3
/home/orange/code/tvm/python/tvm/target/target.py:301: UserWarning: target_host parameter is going to be deprecated. Please pass in tvm.target.Target(target, host=target_host) instead.
  warnings.warn(
[VTA_QUEUE] <parsed; timing fields discarded from P4j evidence>
candidate=db288134e5b59d3a762e09de6cfe20c5813f0fcdd93ce2c023a509e89a95b9de
/home/orange/code/tvm/python/tvm/target/target.py:301: UserWarning: target_host parameter is going to be deprecated. Please pass in tvm.target.Target(target, host=target_host) instead.
  warnings.warn(
[VTA_QUEUE] <parsed; timing fields discarded from P4j evidence>
candidate=e3f045443fdaa4994906f50b58228d320f5d64115ecdf00a1d0423a5881460b8
/home/orange/code/tvm/python/tvm/target/target.py:301: UserWarning: target_host parameter is going to be deprecated. Please pass in tvm.target.Target(target, host=target_host) instead.
  warnings.warn(
[VTA_QUEUE] <parsed; timing fields discarded from P4j evidence>
candidate=14870bcc71c5750bb29ec78c4288c16333676c7d37c90eaa08e1ea6caa2428e8
/home/orange/code/tvm/python/tvm/target/target.py:301: UserWarning: target_host parameter is going to be deprecated. Please pass in tvm.target.Target(target, host=target_host) instead.
  warnings.warn(
[VTA_QUEUE] <parsed; timing fields discarded from P4j evidence>
candidate=2144778bd6ff643c3b4df85da2d702af4eaddd3fd19d448d33607445aa8186c9
/home/orange/code/tvm/python/tvm/target/target.py:301: UserWarning: target_host parameter is going to be deprecated. Please pass in tvm.target.Target(target, host=target_host) instead.
  warnings.warn(
[VTA_QUEUE] <parsed; timing fields discarded from P4j evidence>
candidate=e213b3d944bee763e208f60691669141cbfe00c1820a375ee045e13a38865bcb
/home/orange/code/tvm/python/tvm/target/target.py:301: UserWarning: target_host parameter is going to be deprecated. Please pass in tvm.target.Target(target, host=target_host) instead.
  warnings.warn(
[VTA_QUEUE] <parsed; timing fields discarded from P4j evidence>
candidate=4b58c751a34d9c3756ed1239654cd6fcacd99660d5ad1fd3938202ef9a0257ad
/home/orange/code/tvm/python/tvm/target/target.py:301: UserWarning: target_host parameter is going to be deprecated. Please pass in tvm.target.Target(target, host=target_host) instead.
  warnings.warn(
[VTA_QUEUE] <parsed; timing fields discarded from P4j evidence>
candidate=51cc2a40376315e65da618489ea676ec0d3eadfb9aa4e7f2b773d68d637b9247
/home/orange/code/tvm/python/tvm/target/target.py:301: UserWarning: target_host parameter is going to be deprecated. Please pass in tvm.target.Target(target, host=target_host) instead.
  warnings.warn(
[VTA_QUEUE] <parsed; timing fields discarded from P4j evidence>
candidate=7232e7ec3418d0be58cd418e1ce081ddd598da16948093bf11d861d91777871b
/home/orange/code/tvm/python/tvm/target/target.py:301: UserWarning: target_host parameter is going to be deprecated. Please pass in tvm.target.Target(target, host=target_host) instead.
  warnings.warn(
[VTA_QUEUE] <parsed; timing fields discarded from P4j evidence>
candidate=b483cd5ff5689e230e22365ec35b391fc5fdd4d9f568ff573adccb2fc9f63115
/home/orange/code/tvm/python/tvm/target/target.py:301: UserWarning: target_host parameter is going to be deprecated. Please pass in tvm.target.Target(target, host=target_host) instead.
  warnings.warn(
[VTA_QUEUE] <parsed; timing fields discarded from P4j evidence>
candidate=37a98ebff4432e58c3123460ec2d3209e9902b357111624cf9847433d1ab3528
/home/orange/code/tvm/python/tvm/target/target.py:301: UserWarning: target_host parameter is going to be deprecated. Please pass in tvm.target.Target(target, host=target_host) instead.
  warnings.warn(
[VTA_QUEUE] <parsed; timing fields discarded from P4j evidence>
[VTA_QUEUE] <parsed; timing fields discarded from P4j evidence>
[VTA_QUEUE] <parsed; timing fields discarded from P4j evidence>
[VTA_QUEUE] <parsed; timing fields discarded from P4j evidence>
[VTA_QUEUE] <parsed; timing fields discarded from P4j evidence>
[VTA_QUEUE] <parsed; timing fields discarded from P4j evidence>
[VTA_QUEUE] <parsed; timing fields discarded from P4j evidence>
[VTA_QUEUE] <parsed; timing fields discarded from P4j evidence>
[VTA_QUEUE] <parsed; timing fields discarded from P4j evidence>
candidate=bb0a666eb5bfec6a986b98adb9b91322a834bbf0ececde7d0036a99402aa1def
/home/orange/code/tvm/python/tvm/target/target.py:301: UserWarning: target_host parameter is going to be deprecated. Please pass in tvm.target.Target(target, host=target_host) instead.
  warnings.warn(
[VTA_QUEUE] <parsed; timing fields discarded from P4j evidence>
[VTA_QUEUE] <parsed; timing fields discarded from P4j evidence>
[VTA_QUEUE] <parsed; timing fields discarded from P4j evidence>
[VTA_QUEUE] <parsed; timing fields discarded from P4j evidence>
[VTA_QUEUE] <parsed; timing fields discarded from P4j evidence>
candidate=e2e231251fa3710a6002c51195a63b76f2d9b0e3db4093af058454f9f94ca6e9
/home/orange/code/tvm/python/tvm/target/target.py:301: UserWarning: target_host parameter is going to be deprecated. Please pass in tvm.target.Target(target, host=target_host) instead.
  warnings.warn(
[VTA_QUEUE] <parsed; timing fields discarded from P4j evidence>
[VTA_QUEUE] <parsed; timing fields discarded from P4j evidence>
[VTA_QUEUE] <parsed; timing fields discarded from P4j evidence>
[VTA_QUEUE] <parsed; timing fields discarded from P4j evidence>
[VTA_QUEUE] <parsed; timing fields discarded from P4j evidence>
candidate=bb09d9fb89cbb7227d4845140976cdc6d3db2bc62f70a69de4b87db19824a404
/home/orange/code/tvm/python/tvm/target/target.py:301: UserWarning: target_host parameter is going to be deprecated. Please pass in tvm.target.Target(target, host=target_host) instead.
  warnings.warn(
[VTA_QUEUE] <parsed; timing fields discarded from P4j evidence>
candidate=d05cfa032d51af0ddb87d4d0ff88e069c508c171659a67638f64148691163e76
/home/orange/code/tvm/python/tvm/target/target.py:301: UserWarning: target_host parameter is going to be deprecated. Please pass in tvm.target.Target(target, host=target_host) instead.
  warnings.warn(
[VTA_QUEUE] <parsed; timing fields discarded from P4j evidence>
candidate=d0abc3a1aab17762883a400bd97934eebebc74a5e2c21eac40ffe16c26d00c94
/home/orange/code/tvm/python/tvm/target/target.py:301: UserWarning: target_host parameter is going to be deprecated. Please pass in tvm.target.Target(target, host=target_host) instead.
  warnings.warn(
[VTA_QUEUE] <parsed; timing fields discarded from P4j evidence>
candidate=32273b948e4c90cef101a582c406e0c563739f6305ecd8bf25de3c983799fe72
/home/orange/code/tvm/python/tvm/target/target.py:301: UserWarning: target_host parameter is going to be deprecated. Please pass in tvm.target.Target(target, host=target_host) instead.
  warnings.warn(
[VTA_QUEUE] <parsed; timing fields discarded from P4j evidence>
candidate=6e40612494220a4dfd661da57f333cc5871d5d6ce3043dd517f635b51a08643c
/home/orange/code/tvm/python/tvm/target/target.py:301: UserWarning: target_host parameter is going to be deprecated. Please pass in tvm.target.Target(target, host=target_host) instead.
  warnings.warn(
[VTA_QUEUE] <parsed; timing fields discarded from P4j evidence>
candidate=875d50d51798917cb50f17baeaaf9a234b09f84b3ac0e8a1fa0f3c9ae5f759de
/home/orange/code/tvm/python/tvm/target/target.py:301: UserWarning: target_host parameter is going to be deprecated. Please pass in tvm.target.Target(target, host=target_host) instead.
  warnings.warn(
[VTA_QUEUE] <parsed; timing fields discarded from P4j evidence>
candidate=c0c1f4cd16a3c5dec11ad092956fe34afb0a1435fae11485a88b4fdcfeaf73d2
/home/orange/code/tvm/python/tvm/target/target.py:301: UserWarning: target_host parameter is going to be deprecated. Please pass in tvm.target.Target(target, host=target_host) instead.
  warnings.warn(
[VTA_QUEUE] <parsed; timing fields discarded from P4j evidence>
candidate=d9c9e99b87facf1ff5ed6d7af2ed224b4a202006bb656c42840dfeefc2d6ce92
/home/orange/code/tvm/python/tvm/target/target.py:301: UserWarning: target_host parameter is going to be deprecated. Please pass in tvm.target.Target(target, host=target_host) instead.
  warnings.warn(
[VTA_QUEUE] <parsed; timing fields discarded from P4j evidence>
candidate=34275d32135b56c2b3f1e0fc40b03a757e1d493fe19a8df4beaf80df499f2970
/home/orange/code/tvm/python/tvm/target/target.py:301: UserWarning: target_host parameter is going to be deprecated. Please pass in tvm.target.Target(target, host=target_host) instead.
  warnings.warn(
[VTA_QUEUE] <parsed; timing fields discarded from P4j evidence>
candidate=3655028c82604a1b0fdbb3632729dc1d610580bf0e96dfcc622c705506e93c94
/home/orange/code/tvm/python/tvm/target/target.py:301: UserWarning: target_host parameter is going to be deprecated. Please pass in tvm.target.Target(target, host=target_host) instead.
  warnings.warn(
[VTA_QUEUE] <parsed; timing fields discarded from P4j evidence>
candidate=54f6b9b29b0e147ad27a050e969cdaee17d7e52b7c6f74e1ecd98c836bbe745d
/home/orange/code/tvm/python/tvm/target/target.py:301: UserWarning: target_host parameter is going to be deprecated. Please pass in tvm.target.Target(target, host=target_host) instead.
  warnings.warn(
[VTA_QUEUE] <parsed; timing fields discarded from P4j evidence>
candidate=5c5ef7aa610454b016df9e3903ef069b8242ba3033955f62eb76cdde1c717c53
/home/orange/code/tvm/python/tvm/target/target.py:301: UserWarning: target_host parameter is going to be deprecated. Please pass in tvm.target.Target(target, host=target_host) instead.
  warnings.warn(
[VTA_QUEUE] <parsed; timing fields discarded from P4j evidence>
candidate=64a034938c39cea07aa540552305649905bbf7ccdfa0e8d58ab95ab77590b9bd
/home/orange/code/tvm/python/tvm/target/target.py:301: UserWarning: target_host parameter is going to be deprecated. Please pass in tvm.target.Target(target, host=target_host) instead.
  warnings.warn(
[VTA_QUEUE] <parsed; timing fields discarded from P4j evidence>
candidate=f0a928078919d8fd7c3e6e76d6d7be5a526e6a4dbf05707873f5e58554adf2a9
/home/orange/code/tvm/python/tvm/target/target.py:301: UserWarning: target_host parameter is going to be deprecated. Please pass in tvm.target.Target(target, host=target_host) instead.
  warnings.warn(
[VTA_QUEUE] <parsed; timing fields discarded from P4j evidence>
candidate=f9657184b25bbe6b03e5c77cf21c6be90f48d6c5fe989be89ffe04c2d0e34dfd
/home/orange/code/tvm/python/tvm/target/target.py:301: UserWarning: target_host parameter is going to be deprecated. Please pass in tvm.target.Target(target, host=target_host) instead.
  warnings.warn(
[VTA_QUEUE] <parsed; timing fields discarded from P4j evidence>
candidate=26fa4edb689d784d2b48b4d330dc6f7e7628e8c2a75d19a95daca32ff7dfbc4c
/home/orange/code/tvm/python/tvm/target/target.py:301: UserWarning: target_host parameter is going to be deprecated. Please pass in tvm.target.Target(target, host=target_host) instead.
  warnings.warn(
[VTA_QUEUE] <parsed; timing fields discarded from P4j evidence>
[VTA_QUEUE] <parsed; timing fields discarded from P4j evidence>
candidate=46c4ff89d99e7faa168d1b6a6fbe76a9fc3a4f05d60b10aca9ef92f8f9fc0641
/home/orange/code/tvm/python/tvm/target/target.py:301: UserWarning: target_host parameter is going to be deprecated. Please pass in tvm.target.Target(target, host=target_host) instead.
  warnings.warn(
[VTA_QUEUE] <parsed; timing fields discarded from P4j evidence>
[VTA_QUEUE] <parsed; timing fields discarded from P4j evidence>
[VTA_QUEUE] <parsed; timing fields discarded from P4j evidence>
[VTA_QUEUE] <parsed; timing fields discarded from P4j evidence>
[VTA_QUEUE] <parsed; timing fields discarded from P4j evidence>
candidate=6387c94344b7590f1a0203542e83246f2bbebfda529bd6b8dd1dbf5ae305aab3
/home/orange/code/tvm/python/tvm/target/target.py:301: UserWarning: target_host parameter is going to be deprecated. Please pass in tvm.target.Target(target, host=target_host) instead.
  warnings.warn(
[VTA_QUEUE] <parsed; timing fields discarded from P4j evidence>
[VTA_QUEUE] <parsed; timing fields discarded from P4j evidence>
[VTA_QUEUE] <parsed; timing fields discarded from P4j evidence>
candidate=72bcff21298c8aab45cf136d612ec7519f5bd57cfb1a028b6cc75495520b2621
/home/orange/code/tvm/python/tvm/target/target.py:301: UserWarning: target_host parameter is going to be deprecated. Please pass in tvm.target.Target(target, host=target_host) instead.
  warnings.warn(
[VTA_QUEUE] <parsed; timing fields discarded from P4j evidence>
[VTA_QUEUE] <parsed; timing fields discarded from P4j evidence>
[VTA_QUEUE] <parsed; timing fields discarded from P4j evidence>
candidate=52ec53e005d662c844517cefb8cdf6537edd1e1606264eddf9e678553ec0b670
/home/orange/code/tvm/python/tvm/target/target.py:301: UserWarning: target_host parameter is going to be deprecated. Please pass in tvm.target.Target(target, host=target_host) instead.
  warnings.warn(
[VTA_QUEUE] <parsed; timing fields discarded from P4j evidence>
candidate=99976ba537d96f7cd8ba24e5a2df9c3762107a7c6919cfe50c34e204f41bb70f
/home/orange/code/tvm/python/tvm/target/target.py:301: UserWarning: target_host parameter is going to be deprecated. Please pass in tvm.target.Target(target, host=target_host) instead.
  warnings.warn(
[VTA_QUEUE] <parsed; timing fields discarded from P4j evidence>
candidate=b4ba510b3908796d963d329e0d77b8361b14639ae6f28fb9e14595ac1930ddc7
/home/orange/code/tvm/python/tvm/target/target.py:301: UserWarning: target_host parameter is going to be deprecated. Please pass in tvm.target.Target(target, host=target_host) instead.
  warnings.warn(
[VTA_QUEUE] <parsed; timing fields discarded from P4j evidence>
candidate=c2a8c477ce24fcc2bd4a9d9def9c2a6de788bc3de3566edcd8dd9fb0cb536007
/home/orange/code/tvm/python/tvm/target/target.py:301: UserWarning: target_host parameter is going to be deprecated. Please pass in tvm.target.Target(target, host=target_host) instead.
  warnings.warn(
[VTA_QUEUE] <parsed; timing fields discarded from P4j evidence>
candidate=e5a1a92a6fb76e8ed0169651463369fda258670e4807a821a6d8d696401b5492
/home/orange/code/tvm/python/tvm/target/target.py:301: UserWarning: target_host parameter is going to be deprecated. Please pass in tvm.target.Target(target, host=target_host) instead.
  warnings.warn(
[VTA_QUEUE] <parsed; timing fields discarded from P4j evidence>
candidate=1c900bc3c0ca65df5d6908cc8aedc62ad00a80b7bfaa5adcacc0f1374923f2e5
/home/orange/code/tvm/python/tvm/target/target.py:301: UserWarning: target_host parameter is going to be deprecated. Please pass in tvm.target.Target(target, host=target_host) instead.
  warnings.warn(
[VTA_QUEUE] <parsed; timing fields discarded from P4j evidence>
candidate=3950ea3383898e264485553150adf0f99284c18b491b30c5d25d65907a1f309b
/home/orange/code/tvm/python/tvm/target/target.py:301: UserWarning: target_host parameter is going to be deprecated. Please pass in tvm.target.Target(target, host=target_host) instead.
  warnings.warn(
[VTA_QUEUE] <parsed; timing fields discarded from P4j evidence>
candidate=737031afaccfc64215271e42576ac1266460617c3cf22dc0744da61f07397a7a
/home/orange/code/tvm/python/tvm/target/target.py:301: UserWarning: target_host parameter is going to be deprecated. Please pass in tvm.target.Target(target, host=target_host) instead.
  warnings.warn(
[VTA_QUEUE] <parsed; timing fields discarded from P4j evidence>
candidate=7ed57af662ccaa93d3044626d7739fb7b1d9e72639b4c66dc21e2f14382efb84
/home/orange/code/tvm/python/tvm/target/target.py:301: UserWarning: target_host parameter is going to be deprecated. Please pass in tvm.target.Target(target, host=target_host) instead.
  warnings.warn(
[VTA_QUEUE] <parsed; timing fields discarded from P4j evidence>
candidate=88437bb1870cdb9211ba4dac8a03aaf0709433b4ad684a9e3c2cc49b8e096a3d
/home/orange/code/tvm/python/tvm/target/target.py:301: UserWarning: target_host parameter is going to be deprecated. Please pass in tvm.target.Target(target, host=target_host) instead.
  warnings.warn(
[VTA_QUEUE] <parsed; timing fields discarded from P4j evidence>
candidate=cb6876503f73247bedd0713f85418b2719bbd623f750f07af128fccfd285a842
/home/orange/code/tvm/python/tvm/target/target.py:301: UserWarning: target_host parameter is going to be deprecated. Please pass in tvm.target.Target(target, host=target_host) instead.
  warnings.warn(
[VTA_QUEUE] <parsed; timing fields discarded from P4j evidence>
candidate=1ca17cc3eb1f56ebe9bc4e6828c5d056b57253589829ec4ec58301a4ff1e5880
/home/orange/code/tvm/python/tvm/target/target.py:301: UserWarning: target_host parameter is going to be deprecated. Please pass in tvm.target.Target(target, host=target_host) instead.
  warnings.warn(
[VTA_QUEUE] <parsed; timing fields discarded from P4j evidence>
candidate=3f421ec3ad048ab47acf230999eefde97bbfd07c5e650dec09369bfd85bac991
/home/orange/code/tvm/python/tvm/target/target.py:301: UserWarning: target_host parameter is going to be deprecated. Please pass in tvm.target.Target(target, host=target_host) instead.
  warnings.warn(
[VTA_QUEUE] <parsed; timing fields discarded from P4j evidence>
candidate=555fcc3efa902217702d1a96d18725be815a491fb8277cc6c8c3c9812c3b54dd
/home/orange/code/tvm/python/tvm/target/target.py:301: UserWarning: target_host parameter is going to be deprecated. Please pass in tvm.target.Target(target, host=target_host) instead.
  warnings.warn(
[VTA_QUEUE] <parsed; timing fields discarded from P4j evidence>
candidate=90beaa354166780fb5c7bb5fcd14772a0173fa8aa3fc2f3a8e35dc4c5e8b0eae
/home/orange/code/tvm/python/tvm/target/target.py:301: UserWarning: target_host parameter is going to be deprecated. Please pass in tvm.target.Target(target, host=target_host) instead.
  warnings.warn(
[VTA_QUEUE] <parsed; timing fields discarded from P4j evidence>
candidate=e5ef718fcc268cfedc7460dafc3fa91ce7868b974d0ba5402c9acb77e7315254
/home/orange/code/tvm/python/tvm/target/target.py:301: UserWarning: target_host parameter is going to be deprecated. Please pass in tvm.target.Target(target, host=target_host) instead.
  warnings.warn(
[VTA_QUEUE] <parsed; timing fields discarded from P4j evidence>
candidate=159fdc11f5af54e382c1fcb052e448432a47d5ceea0211081f175934f7c6e120
/home/orange/code/tvm/python/tvm/target/target.py:301: UserWarning: target_host parameter is going to be deprecated. Please pass in tvm.target.Target(target, host=target_host) instead.
  warnings.warn(
[VTA_QUEUE] <parsed; timing fields discarded from P4j evidence>
candidate=2813226ba8791313e912057675911c7153aea571a10aea043da992f07f30a3b4
/home/orange/code/tvm/python/tvm/target/target.py:301: UserWarning: target_host parameter is going to be deprecated. Please pass in tvm.target.Target(target, host=target_host) instead.
  warnings.warn(
[VTA_QUEUE] <parsed; timing fields discarded from P4j evidence>
candidate=5c9e90d66747e36d39cacbc99d7a8a8f0a5ed655ddde03a90a19ac3a18d57d7c
/home/orange/code/tvm/python/tvm/target/target.py:301: UserWarning: target_host parameter is going to be deprecated. Please pass in tvm.target.Target(target, host=target_host) instead.
  warnings.warn(
[VTA_QUEUE] <parsed; timing fields discarded from P4j evidence>
candidate=e00623116d2e3b56711f17f6cbf7b3400a5fe4ecaadf494ebfb13d258af4bfba
/home/orange/code/tvm/python/tvm/target/target.py:301: UserWarning: target_host parameter is going to be deprecated. Please pass in tvm.target.Target(target, host=target_host) instead.
  warnings.warn(
[VTA_QUEUE] <parsed; timing fields discarded from P4j evidence>
candidate=fb1a94079300c4b99acd01473162da922ea942c33137bed8b1edea0718c5fc30
/home/orange/code/tvm/python/tvm/target/target.py:301: UserWarning: target_host parameter is going to be deprecated. Please pass in tvm.target.Target(target, host=target_host) instead.
  warnings.warn(
[VTA_QUEUE] <parsed; timing fields discarded from P4j evidence>
candidate=22e8e1bbb13e4d0a0f058a96fc2ecf80f56c85f210aa694a502ae2a2e4b7ba89
/home/orange/code/tvm/python/tvm/target/target.py:301: UserWarning: target_host parameter is going to be deprecated. Please pass in tvm.target.Target(target, host=target_host) instead.
  warnings.warn(
[VTA_QUEUE] <parsed; timing fields discarded from P4j evidence>
candidate=39be7e20c385bd25340c2084a9b7acf7b6a3efa5ba3afa0e59d042dfe6d77a42
/home/orange/code/tvm/python/tvm/target/target.py:301: UserWarning: target_host parameter is going to be deprecated. Please pass in tvm.target.Target(target, host=target_host) instead.
  warnings.warn(
[VTA_QUEUE] <parsed; timing fields discarded from P4j evidence>
candidate=58a7d13bf7a61913d53fbe283161cf73817ead694771b367481526be9ce42b6c
/home/orange/code/tvm/python/tvm/target/target.py:301: UserWarning: target_host parameter is going to be deprecated. Please pass in tvm.target.Target(target, host=target_host) instead.
  warnings.warn(
[VTA_QUEUE] <parsed; timing fields discarded from P4j evidence>
candidate=e6d336557a703fabf2eb794142710ce2e8f21f4187a90d5116d3d1d0edcc17a5
/home/orange/code/tvm/python/tvm/target/target.py:301: UserWarning: target_host parameter is going to be deprecated. Please pass in tvm.target.Target(target, host=target_host) instead.
  warnings.warn(
[VTA_QUEUE] <parsed; timing fields discarded from P4j evidence>
candidate=fcc30b44320373e5f8767400d6f4d516f3d3e50c7b2a333486c83b784491f0d9
/home/orange/code/tvm/python/tvm/target/target.py:301: UserWarning: target_host parameter is going to be deprecated. Please pass in tvm.target.Target(target, host=target_host) instead.
  warnings.warn(
[VTA_QUEUE] <parsed; timing fields discarded from P4j evidence>
candidate=11918729f1abd718ea7f86f1ea84145c920fba9f34e8efaffd5bcd71436e4c0b
/home/orange/code/tvm/python/tvm/target/target.py:301: UserWarning: target_host parameter is going to be deprecated. Please pass in tvm.target.Target(target, host=target_host) instead.
  warnings.warn(
[VTA_QUEUE] <parsed; timing fields discarded from P4j evidence>
candidate=15a0bc0072179f6867310059d87ac82c0b20d184fa6bbec0b24435c6fe9e13b4
/home/orange/code/tvm/python/tvm/target/target.py:301: UserWarning: target_host parameter is going to be deprecated. Please pass in tvm.target.Target(target, host=target_host) instead.
  warnings.warn(
[VTA_QUEUE] <parsed; timing fields discarded from P4j evidence>
candidate=256dc4cd5963e1d5932ae0f65af3a7f589f56c46f0b5ef0dfea528c646c70d87
/home/orange/code/tvm/python/tvm/target/target.py:301: UserWarning: target_host parameter is going to be deprecated. Please pass in tvm.target.Target(target, host=target_host) instead.
  warnings.warn(
[VTA_QUEUE] <parsed; timing fields discarded from P4j evidence>
candidate=4b4af0d6f04325b3e89f09347288e0bd427d164b2477067783562cc29e573db8
/home/orange/code/tvm/python/tvm/target/target.py:301: UserWarning: target_host parameter is going to be deprecated. Please pass in tvm.target.Target(target, host=target_host) instead.
  warnings.warn(
[VTA_QUEUE] <parsed; timing fields discarded from P4j evidence>
candidate=62a9febae299c2b3620b385fdd0a5e670bd106ad81e533d23a646bd17cfe1507
/home/orange/code/tvm/python/tvm/target/target.py:301: UserWarning: target_host parameter is going to be deprecated. Please pass in tvm.target.Target(target, host=target_host) instead.
  warnings.warn(
[VTA_QUEUE] <parsed; timing fields discarded from P4j evidence>
candidate=f7add61579ab45f0f373554308d40e0fd2e98853a7ee88399a5b155771f62172
/home/orange/code/tvm/python/tvm/target/target.py:301: UserWarning: target_host parameter is going to be deprecated. Please pass in tvm.target.Target(target, host=target_host) instead.
  warnings.warn(
[VTA_QUEUE] <parsed; timing fields discarded from P4j evidence>
candidate=25cec20ef260b8c603b3203521773cf9bcbbcefb13264ee1c4ed6649c093152d
/home/orange/code/tvm/python/tvm/target/target.py:301: UserWarning: target_host parameter is going to be deprecated. Please pass in tvm.target.Target(target, host=target_host) instead.
  warnings.warn(
[VTA_QUEUE] <parsed; timing fields discarded from P4j evidence>
candidate=8e0f529ba571b72217fc361e3f8e607f8e96621b56c31d70c81528d4f6416acd
/home/orange/code/tvm/python/tvm/target/target.py:301: UserWarning: target_host parameter is going to be deprecated. Please pass in tvm.target.Target(target, host=target_host) instead.
  warnings.warn(
[VTA_QUEUE] <parsed; timing fields discarded from P4j evidence>
candidate=e440814531fc2092f33bffe7168851f245f6bf1fedbd3e5cec2c67316ed8e3db
/home/orange/code/tvm/python/tvm/target/target.py:301: UserWarning: target_host parameter is going to be deprecated. Please pass in tvm.target.Target(target, host=target_host) instead.
  warnings.warn(
[VTA_QUEUE] <parsed; timing fields discarded from P4j evidence>
candidate=f9f3c41468c19d8939d8bb62bc84ab57b8b4d62d0aca6766922a683a3efa5c77
/home/orange/code/tvm/python/tvm/target/target.py:301: UserWarning: target_host parameter is going to be deprecated. Please pass in tvm.target.Target(target, host=target_host) instead.
  warnings.warn(
[VTA_QUEUE] <parsed; timing fields discarded from P4j evidence>
candidate=febb97531f9181eb40cd6523ea51c29c13b379ab59ca0e0cf1969fbbf966983f
/home/orange/code/tvm/python/tvm/target/target.py:301: UserWarning: target_host parameter is going to be deprecated. Please pass in tvm.target.Target(target, host=target_host) instead.
  warnings.warn(
[VTA_QUEUE] <parsed; timing fields discarded from P4j evidence>
candidate=3be0eb2fe82fd5a4f05af5ae7da824fb438941268bb08a5d2a5dfedcce5cfb21
/home/orange/code/tvm/python/tvm/target/target.py:301: UserWarning: target_host parameter is going to be deprecated. Please pass in tvm.target.Target(target, host=target_host) instead.
  warnings.warn(
[VTA_QUEUE] <parsed; timing fields discarded from P4j evidence>
candidate=4caff65745e1a17258e10c47b50bf2501115583c907766462f5f0c5a825fd380
/home/orange/code/tvm/python/tvm/target/target.py:301: UserWarning: target_host parameter is going to be deprecated. Please pass in tvm.target.Target(target, host=target_host) instead.
  warnings.warn(
[VTA_QUEUE] <parsed; timing fields discarded from P4j evidence>
candidate=8374b7952ba7d9efa8e2e4fa814beaf0de55702fc8ac6876a7fd0a41c0a8c34a
/home/orange/code/tvm/python/tvm/target/target.py:301: UserWarning: target_host parameter is going to be deprecated. Please pass in tvm.target.Target(target, host=target_host) instead.
  warnings.warn(
[VTA_QUEUE] <parsed; timing fields discarded from P4j evidence>
candidate=a9e2a4bdbb6ca96a39e27b5f166b211c9371db011c789fc3b4daadeaa456230b
/home/orange/code/tvm/python/tvm/target/target.py:301: UserWarning: target_host parameter is going to be deprecated. Please pass in tvm.target.Target(target, host=target_host) instead.
  warnings.warn(
[VTA_QUEUE] <parsed; timing fields discarded from P4j evidence>
candidate=f68e905804a02785f34b882af7b87135eef8e0dbedc75fb20a2d9ed54e4db0cf
/home/orange/code/tvm/python/tvm/target/target.py:301: UserWarning: target_host parameter is going to be deprecated. Please pass in tvm.target.Target(target, host=target_host) instead.
  warnings.warn(
[VTA_QUEUE] <parsed; timing fields discarded from P4j evidence>
candidate=2eab630d413235cb406c28f443cbb5b8a36486876913b38c7fdc111742cdbe4a
/home/orange/code/tvm/python/tvm/target/target.py:301: UserWarning: target_host parameter is going to be deprecated. Please pass in tvm.target.Target(target, host=target_host) instead.
  warnings.warn(
[VTA_QUEUE] <parsed; timing fields discarded from P4j evidence>
candidate=5ff37b60e8c4e8ebe2892886f7c6a676dfd5bff99723451d4f90449c96c87425
/home/orange/code/tvm/python/tvm/target/target.py:301: UserWarning: target_host parameter is going to be deprecated. Please pass in tvm.target.Target(target, host=target_host) instead.
  warnings.warn(
[VTA_QUEUE] <parsed; timing fields discarded from P4j evidence>
candidate=6c429de94e3df80e2ade221a6bc5c1a71a68f01fb8f054752fdb0281189c44ca
/home/orange/code/tvm/python/tvm/target/target.py:301: UserWarning: target_host parameter is going to be deprecated. Please pass in tvm.target.Target(target, host=target_host) instead.
  warnings.warn(
[VTA_QUEUE] <parsed; timing fields discarded from P4j evidence>
candidate=77bf9c711ccd704418941cdfface6e8941f5e5f1e1c6cac3fc31fd7cb905297c
/home/orange/code/tvm/python/tvm/target/target.py:301: UserWarning: target_host parameter is going to be deprecated. Please pass in tvm.target.Target(target, host=target_host) instead.
  warnings.warn(
[VTA_QUEUE] <parsed; timing fields discarded from P4j evidence>
candidate=c42fe742a6557ed5c30767463896d0cd8d6490c43f887781877d0e2ff99ee2b6
/home/orange/code/tvm/python/tvm/target/target.py:301: UserWarning: target_host parameter is going to be deprecated. Please pass in tvm.target.Target(target, host=target_host) instead.
  warnings.warn(
[VTA_QUEUE] <parsed; timing fields discarded from P4j evidence>
candidate=1ea905d902b7345d88692916e59a1239623e337a1b5b7e7c48d6b6ae749a3846
/home/orange/code/tvm/python/tvm/target/target.py:301: UserWarning: target_host parameter is going to be deprecated. Please pass in tvm.target.Target(target, host=target_host) instead.
  warnings.warn(
[VTA_QUEUE] <parsed; timing fields discarded from P4j evidence>
candidate=3a93525051c90cf812d5ee311c67bc28b377ffa5afe6e553121f32e4831d8975
/home/orange/code/tvm/python/tvm/target/target.py:301: UserWarning: target_host parameter is going to be deprecated. Please pass in tvm.target.Target(target, host=target_host) instead.
  warnings.warn(
[VTA_QUEUE] <parsed; timing fields discarded from P4j evidence>
candidate=612a1b250bdb4c6bd444a00fc1a4dcc161a3b237245fa9334bac2edd1a0af8c6
/home/orange/code/tvm/python/tvm/target/target.py:301: UserWarning: target_host parameter is going to be deprecated. Please pass in tvm.target.Target(target, host=target_host) instead.
  warnings.warn(
[VTA_QUEUE] <parsed; timing fields discarded from P4j evidence>
candidate=630d20c56910c8d950147e32dc6d64dd7205d4540f070691850d561bdcc8495f
/home/orange/code/tvm/python/tvm/target/target.py:301: UserWarning: target_host parameter is going to be deprecated. Please pass in tvm.target.Target(target, host=target_host) instead.
  warnings.warn(
[VTA_QUEUE] <parsed; timing fields discarded from P4j evidence>
candidate=66a82198311f207e1b96c85c2da570fc4bf65c794e21ebeb6dc6d645882a7502
/home/orange/code/tvm/python/tvm/target/target.py:301: UserWarning: target_host parameter is going to be deprecated. Please pass in tvm.target.Target(target, host=target_host) instead.
  warnings.warn(
[VTA_QUEUE] <parsed; timing fields discarded from P4j evidence>
candidate=bacc7542543af99aa5da2f9f39e45f3a658698631e381a14ba278891ba0bb338
/home/orange/code/tvm/python/tvm/target/target.py:301: UserWarning: target_host parameter is going to be deprecated. Please pass in tvm.target.Target(target, host=target_host) instead.
  warnings.warn(
[VTA_QUEUE] <parsed; timing fields discarded from P4j evidence>
candidate=09b2b9237768ef299708bfa5cb3133f8287d0f088a78fbfb0ade39d027b5e0c8
/home/orange/code/tvm/python/tvm/target/target.py:301: UserWarning: target_host parameter is going to be deprecated. Please pass in tvm.target.Target(target, host=target_host) instead.
  warnings.warn(
[VTA_QUEUE] <parsed; timing fields discarded from P4j evidence>
candidate=2f93413126fb4f9f49b7ba5f45b76c7a506281ca6567c4be2f6f07d7da619121
/home/orange/code/tvm/python/tvm/target/target.py:301: UserWarning: target_host parameter is going to be deprecated. Please pass in tvm.target.Target(target, host=target_host) instead.
  warnings.warn(
[VTA_QUEUE] <parsed; timing fields discarded from P4j evidence>
candidate=33ac4b8293b1e32dc6f6cfe9f073fda783b2403793a20c3e8d0fe945f78d53ab
/home/orange/code/tvm/python/tvm/target/target.py:301: UserWarning: target_host parameter is going to be deprecated. Please pass in tvm.target.Target(target, host=target_host) instead.
  warnings.warn(
[VTA_QUEUE] <parsed; timing fields discarded from P4j evidence>
candidate=3c450ac79b8561e8650d6241d9dff642f44d6daf82ea962c9d0a5bab78da00ef
/home/orange/code/tvm/python/tvm/target/target.py:301: UserWarning: target_host parameter is going to be deprecated. Please pass in tvm.target.Target(target, host=target_host) instead.
  warnings.warn(
[VTA_QUEUE] <parsed; timing fields discarded from P4j evidence>
candidate=520d2bb1de820db3a07382aa5ac764176cd7e1c5a61ad3851ff52997dd323766
/home/orange/code/tvm/python/tvm/target/target.py:301: UserWarning: target_host parameter is going to be deprecated. Please pass in tvm.target.Target(target, host=target_host) instead.
  warnings.warn(
[VTA_QUEUE] <parsed; timing fields discarded from P4j evidence>
candidate=30940bd8ef3dafb7e7a2aceb7897202d1be593a1caad87893a1cfdfa7ef206e1
/home/orange/code/tvm/python/tvm/target/target.py:301: UserWarning: target_host parameter is going to be deprecated. Please pass in tvm.target.Target(target, host=target_host) instead.
  warnings.warn(
[VTA_QUEUE] <parsed; timing fields discarded from P4j evidence>
candidate=414f1c00b9e79f09f585cf37a69188098ebc1103ba2e046e69e9a2c18afb5c59
/home/orange/code/tvm/python/tvm/target/target.py:301: UserWarning: target_host parameter is going to be deprecated. Please pass in tvm.target.Target(target, host=target_host) instead.
  warnings.warn(
[VTA_QUEUE] <parsed; timing fields discarded from P4j evidence>
candidate=547d9dada129a5cd8e2602c0ee62e08a0013223963ee2208ec8c957a36f7876c
/home/orange/code/tvm/python/tvm/target/target.py:301: UserWarning: target_host parameter is going to be deprecated. Please pass in tvm.target.Target(target, host=target_host) instead.
  warnings.warn(
[VTA_QUEUE] <parsed; timing fields discarded from P4j evidence>
candidate=8e51e9232a086afc9ce8a43734d667a96171da6ae0d2035fb27af0838c2d69ef
/home/orange/code/tvm/python/tvm/target/target.py:301: UserWarning: target_host parameter is going to be deprecated. Please pass in tvm.target.Target(target, host=target_host) instead.
  warnings.warn(
[VTA_QUEUE] <parsed; timing fields discarded from P4j evidence>
candidate=be6c331e113a51ac8917d315bd0c6692975014363c2e3af3f7a5bc6663c7c377
/home/orange/code/tvm/python/tvm/target/target.py:301: UserWarning: target_host parameter is going to be deprecated. Please pass in tvm.target.Target(target, host=target_host) instead.
  warnings.warn(
[VTA_QUEUE] <parsed; timing fields discarded from P4j evidence>
candidate=172d49058f48b25231d8ab5bc430be3e450d71afe90d435c20be2beca204a8cf
/home/orange/code/tvm/python/tvm/target/target.py:301: UserWarning: target_host parameter is going to be deprecated. Please pass in tvm.target.Target(target, host=target_host) instead.
  warnings.warn(
[VTA_QUEUE] <parsed; timing fields discarded from P4j evidence>
[VTA_QUEUE] <parsed; timing fields discarded from P4j evidence>
[VTA_QUEUE] <parsed; timing fields discarded from P4j evidence>
[VTA_QUEUE] <parsed; timing fields discarded from P4j evidence>
[VTA_QUEUE] <parsed; timing fields discarded from P4j evidence>
candidate=24953281a2465eacf558acf79ba57ad12c654060a60790cc46dde705c8369d22
/home/orange/code/tvm/python/tvm/target/target.py:301: UserWarning: target_host parameter is going to be deprecated. Please pass in tvm.target.Target(target, host=target_host) instead.
  warnings.warn(
[VTA_QUEUE] <parsed; timing fields discarded from P4j evidence>
[VTA_QUEUE] <parsed; timing fields discarded from P4j evidence>
[VTA_QUEUE] <parsed; timing fields discarded from P4j evidence>
candidate=4d6e8e9d86e58fd12689afc0f337afe6635ef114392feb3db76d4588fd9001d5
/home/orange/code/tvm/python/tvm/target/target.py:301: UserWarning: target_host parameter is going to be deprecated. Please pass in tvm.target.Target(target, host=target_host) instead.
  warnings.warn(
[VTA_QUEUE] <parsed; timing fields discarded from P4j evidence>
[VTA_QUEUE] <parsed; timing fields discarded from P4j evidence>
[VTA_QUEUE] <parsed; timing fields discarded from P4j evidence>
candidate=77f42c731bc1419fdac95173c2bf04cdbc8652d19dd66bca0c86db6e6459f26a
/home/orange/code/tvm/python/tvm/target/target.py:301: UserWarning: target_host parameter is going to be deprecated. Please pass in tvm.target.Target(target, host=target_host) instead.
  warnings.warn(
[VTA_QUEUE] <parsed; timing fields discarded from P4j evidence>
[VTA_QUEUE] <parsed; timing fields discarded from P4j evidence>
candidate=de01e9a80a4e99f1697e03af6539b5550c15929672e13429a8a1a38ca1048985
/home/orange/code/tvm/python/tvm/target/target.py:301: UserWarning: target_host parameter is going to be deprecated. Please pass in tvm.target.Target(target, host=target_host) instead.
  warnings.warn(
[VTA_QUEUE] <parsed; timing fields discarded from P4j evidence>
[VTA_QUEUE] <parsed; timing fields discarded from P4j evidence>
[VTA_QUEUE] <parsed; timing fields discarded from P4j evidence>