candidate=0f2154c700448e272b8ab9eaddd52bd6244a6ce1230c2331515e609a920a1792 stderr=/home/orange/code/tvm/python/tvm/target/target.py:301: UserWarning: target_host parameter is going to be deprecated. Please pass in tvm.target.Target(target, host=target_host) instead.
  warnings.warn(
2026-09-10 23:41:14.606 INFO load_module /tmp/tmpegm87i98/0f2154c700448e272b8ab9eaddd52bd6244a6ce1230c2331515e609a920a1792.o


candidate=674e3264beecb2eebc7f6d3380a18e7bb02b2bf80c1eeff49ca1978bfad74b38 stderr=/home/orange/code/tvm/python/tvm/target/target.py:301: UserWarning: target_host parameter is going to be deprecated. Please pass in tvm.target.Target(target, host=target_host) instead.
  warnings.warn(
2026-09-10 23:41:16.023 INFO load_module /tmp/tmptfpou7ns/674e3264beecb2eebc7f6d3380a18e7bb02b2bf80c1eeff49ca1978bfad74b38.o


candidate=fb6e89cf1a08ee2c40ec93dfd0670a81a89501c090a2c8a21de0a7c378078f8d stderr=/home/orange/code/tvm/python/tvm/target/target.py:301: UserWarning: target_host parameter is going to be deprecated. Please pass in tvm.target.Target(target, host=target_host) instead.
  warnings.warn(
2026-09-10 23:41:17.246 INFO load_module /tmp/tmpb2yw7rez/fb6e89cf1a08ee2c40ec93dfd0670a81a89501c090a2c8a21de0a7c378078f8d.o


candidate=4fed446221607f8d3087bcfa1a01bd652e8d63df3a792f0ca711ac9ac449d266 stderr=/home/orange/code/tvm/python/tvm/target/target.py:301: UserWarning: target_host parameter is going to be deprecated. Please pass in tvm.target.Target(target, host=target_host) instead.
  warnings.warn(
2026-09-10 23:41:18.455 INFO load_module /tmp/tmp31ca6fkg/4fed446221607f8d3087bcfa1a01bd652e8d63df3a792f0ca711ac9ac449d266.o


candidate=882dab0ff62075e04af9bea90c76d18ff7ff45c58eae3e4e974e97f29159d6cf stderr=/home/orange/code/tvm/python/tvm/target/target.py:301: UserWarning: target_host parameter is going to be deprecated. Please pass in tvm.target.Target(target, host=target_host) instead.
  warnings.warn(
2026-09-10 23:41:19.720 INFO load_module /tmp/tmpw9k8jm48/882dab0ff62075e04af9bea90c76d18ff7ff45c58eae3e4e974e97f29159d6cf.o


candidate=ef7601c08719055121e03ed086c939fea6815c5e55ea93eafd634350953fad31 stderr=/home/orange/code/tvm/python/tvm/target/target.py:301: UserWarning: target_host parameter is going to be deprecated. Please pass in tvm.target.Target(target, host=target_host) instead.
  warnings.warn(
2026-09-10 23:41:21.022 INFO load_module /tmp/tmpfx1xjjjm/ef7601c08719055121e03ed086c939fea6815c5e55ea93eafd634350953fad31.o


candidate=03b07e5a18f804b09f9c4759f907665ae2738fe0c4ed9da536f66540fce3f15a stderr=/home/orange/code/tvm/python/tvm/target/target.py:301: UserWarning: target_host parameter is going to be deprecated. Please pass in tvm.target.Target(target, host=target_host) instead.
  warnings.warn(
2026-09-10 23:41:22.321 INFO load_module /tmp/tmps1bjwvgd/03b07e5a18f804b09f9c4759f907665ae2738fe0c4ed9da536f66540fce3f15a.o


candidate=1910fc1c72639597db128e7f15e221bb8cdc08c34e719a2b5cb1cd911fb75122 stderr=/home/orange/code/tvm/python/tvm/target/target.py:301: UserWarning: target_host parameter is going to be deprecated. Please pass in tvm.target.Target(target, host=target_host) instead.
  warnings.warn(
2026-09-10 23:41:23.579 INFO load_module /tmp/tmph08_b72m/1910fc1c72639597db128e7f15e221bb8cdc08c34e719a2b5cb1cd911fb75122.o


candidate=26d4e9e8f2ca89be3bec730c72d3554e1aac0b1f892c217022144096a949cdff stderr=/home/orange/code/tvm/python/tvm/target/target.py:301: UserWarning: target_host parameter is going to be deprecated. Please pass in tvm.target.Target(target, host=target_host) instead.
  warnings.warn(
2026-09-10 23:41:24.937 INFO load_module /tmp/tmp3lrp1we2/26d4e9e8f2ca89be3bec730c72d3554e1aac0b1f892c217022144096a949cdff.o


candidate=aeab6cc7dfdf6ee391c3682a93fc07341feb4feef8bfd08774a295230467272c stderr=/home/orange/code/tvm/python/tvm/target/target.py:301: UserWarning: target_host parameter is going to be deprecated. Please pass in tvm.target.Target(target, host=target_host) instead.
  warnings.warn(
2026-09-10 23:41:26.319 INFO load_module /tmp/tmpsgxieslb/aeab6cc7dfdf6ee391c3682a93fc07341feb4feef8bfd08774a295230467272c.o


candidate=072c0d94581c944efbd2adc1fe854c043d7ca3cb35b30c441f6924ff5dad4d18 stderr=/home/orange/code/tvm/python/tvm/target/target.py:301: UserWarning: target_host parameter is going to be deprecated. Please pass in tvm.target.Target(target, host=target_host) instead.
  warnings.warn(
2026-09-10 23:41:27.607 INFO load_module /tmp/tmp6_fbh73o/072c0d94581c944efbd2adc1fe854c043d7ca3cb35b30c441f6924ff5dad4d18.o


candidate=0f10712ab1c8ef08ba291c25ee134fe1d6597cda6cfe01c422fed0d9411fa53f stderr=/home/orange/code/tvm/python/tvm/target/target.py:301: UserWarning: target_host parameter is going to be deprecated. Please pass in tvm.target.Target(target, host=target_host) instead.
  warnings.warn(
2026-09-10 23:41:28.800 INFO load_module /tmp/tmp9y87_l_h/0f10712ab1c8ef08ba291c25ee134fe1d6597cda6cfe01c422fed0d9411fa53f.o


candidate=e6bb6f6cde0d428818d448eb3c23133f11979a5bd408e0919ebcafa46d61e7b2 stderr=/home/orange/code/tvm/python/tvm/target/target.py:301: UserWarning: target_host parameter is going to be deprecated. Please pass in tvm.target.Target(target, host=target_host) instead.
  warnings.warn(
2026-09-10 23:41:29.908 INFO load_module /tmp/tmp1gxlj3oz/e6bb6f6cde0d428818d448eb3c23133f11979a5bd408e0919ebcafa46d61e7b2.o


candidate=a5bb904470f07a88f576e790ee00991e00ff09a323cd67ddf93cc235db2e0821 stderr=/home/orange/code/tvm/python/tvm/target/target.py:301: UserWarning: target_host parameter is going to be deprecated. Please pass in tvm.target.Target(target, host=target_host) instead.
  warnings.warn(
2026-09-10 23:41:31.206 INFO load_module /tmp/tmpl0fcbk31/a5bb904470f07a88f576e790ee00991e00ff09a323cd67ddf93cc235db2e0821.o


candidate=ba54cf8d3c6017dabd0f8c851a67eb57bf7a5db48515d091bf05720d1737c862 stderr=/home/orange/code/tvm/python/tvm/target/target.py:301: UserWarning: target_host parameter is going to be deprecated. Please pass in tvm.target.Target(target, host=target_host) instead.
  warnings.warn(
2026-09-10 23:41:34.783 INFO load_module /tmp/tmpmuw9vxwk/ba54cf8d3c6017dabd0f8c851a67eb57bf7a5db48515d091bf05720d1737c862.o


candidate=bb37ec8d0e04959da85abaf08773c6906941a04d2f27400fb274c65176bebd4b stderr=/home/orange/code/tvm/python/tvm/target/target.py:301: UserWarning: target_host parameter is going to be deprecated. Please pass in tvm.target.Target(target, host=target_host) instead.
  warnings.warn(
2026-09-10 23:41:36.052 INFO load_module /tmp/tmpr49u59tw/bb37ec8d0e04959da85abaf08773c6906941a04d2f27400fb274c65176bebd4b.o


candidate=017ba6fa9e09236a992370621895a7ffdc86a6a29d86fd5d1d7520c2300d0fd9 stderr=/home/orange/code/tvm/python/tvm/target/target.py:301: UserWarning: target_host parameter is going to be deprecated. Please pass in tvm.target.Target(target, host=target_host) instead.
  warnings.warn(
2026-09-10 23:41:37.217 INFO load_module /tmp/tmpjssflz9u/017ba6fa9e09236a992370621895a7ffdc86a6a29d86fd5d1d7520c2300d0fd9.o


candidate=2b4a6eeaf3cad51f0a614ab3f4641e83192477965b42ac25f64197d251f1ee1e stderr=/home/orange/code/tvm/python/tvm/target/target.py:301: UserWarning: target_host parameter is going to be deprecated. Please pass in tvm.target.Target(target, host=target_host) instead.
  warnings.warn(
2026-09-10 23:41:38.543 INFO load_module /tmp/tmpac7qvyta/2b4a6eeaf3cad51f0a614ab3f4641e83192477965b42ac25f64197d251f1ee1e.o


candidate=4c88d2895f6f4ecfeb7686aad6c17939769c0b0dac5fb9f0ed9848f85c3ac30e stderr=/home/orange/code/tvm/python/tvm/target/target.py:301: UserWarning: target_host parameter is going to be deprecated. Please pass in tvm.target.Target(target, host=target_host) instead.
  warnings.warn(
2026-09-10 23:41:39.789 INFO load_module /tmp/tmp8byebnp0/4c88d2895f6f4ecfeb7686aad6c17939769c0b0dac5fb9f0ed9848f85c3ac30e.o


candidate=4fba481e5a9184599d7bba939da151faefce769749ecf5d1fcff2bf12aacedd0 stderr=/home/orange/code/tvm/python/tvm/target/target.py:301: UserWarning: target_host parameter is going to be deprecated. Please pass in tvm.target.Target(target, host=target_host) instead.
  warnings.warn(
2026-09-10 23:41:40.990 INFO load_module /tmp/tmpbqkaq73r/4fba481e5a9184599d7bba939da151faefce769749ecf5d1fcff2bf12aacedd0.o


candidate=b298636a650419939c72ff49cbbee99be2b60e09f60c2a248c64b5133b41c25f stderr=/home/orange/code/tvm/python/tvm/target/target.py:301: UserWarning: target_host parameter is going to be deprecated. Please pass in tvm.target.Target(target, host=target_host) instead.
  warnings.warn(
2026-09-10 23:41:42.224 INFO load_module /tmp/tmpmq8gp8e4/b298636a650419939c72ff49cbbee99be2b60e09f60c2a248c64b5133b41c25f.o


candidate=756d26e7df76c6995f65be5207c440f929a16d32aa209bafe5359f169d43eee2 stderr=/home/orange/code/tvm/python/tvm/target/target.py:301: UserWarning: target_host parameter is going to be deprecated. Please pass in tvm.target.Target(target, host=target_host) instead.
  warnings.warn(
2026-09-10 23:41:43.469 INFO load_module /tmp/tmpji_5l373/756d26e7df76c6995f65be5207c440f929a16d32aa209bafe5359f169d43eee2.o


candidate=87b019d4b9edd664c8090add992293ae527da1b82a8e48cc9abeda20bec3d581 stderr=/home/orange/code/tvm/python/tvm/target/target.py:301: UserWarning: target_host parameter is going to be deprecated. Please pass in tvm.target.Target(target, host=target_host) instead.
  warnings.warn(
2026-09-10 23:41:44.680 INFO load_module /tmp/tmpc_phx5bp/87b019d4b9edd664c8090add992293ae527da1b82a8e48cc9abeda20bec3d581.o


candidate=1a29b83d94090a1b2cc86336542ebd28a2d36512c9565a9a889a3d9ccea3631b stderr=/home/orange/code/tvm/python/tvm/target/target.py:301: UserWarning: target_host parameter is going to be deprecated. Please pass in tvm.target.Target(target, host=target_host) instead.
  warnings.warn(
2026-09-10 23:41:46.108 INFO load_module /tmp/tmpz5d697of/1a29b83d94090a1b2cc86336542ebd28a2d36512c9565a9a889a3d9ccea3631b.o


candidate=5aeace42f10f76e905f5a560e503e5dcf1909ccd33e0ef460ea08791f753cfa0 stderr=/home/orange/code/tvm/python/tvm/target/target.py:301: UserWarning: target_host parameter is going to be deprecated. Please pass in tvm.target.Target(target, host=target_host) instead.
  warnings.warn(
2026-09-10 23:41:47.377 INFO load_module /tmp/tmpctvlvlte/5aeace42f10f76e905f5a560e503e5dcf1909ccd33e0ef460ea08791f753cfa0.o


candidate=cf8d67cd96e9880847af0e45341070225c1448ed3487938f2fca00b4ff5399ec stderr=/home/orange/code/tvm/python/tvm/target/target.py:301: UserWarning: target_host parameter is going to be deprecated. Please pass in tvm.target.Target(target, host=target_host) instead.
  warnings.warn(
2026-09-10 23:41:48.569 INFO load_module /tmp/tmpxmuwd0ly/cf8d67cd96e9880847af0e45341070225c1448ed3487938f2fca00b4ff5399ec.o


candidate=f85062180794dc068f3c7cce5de216903b0ad3ac769f3f4caa0ee38f928c4d01 stderr=/home/orange/code/tvm/python/tvm/target/target.py:301: UserWarning: target_host parameter is going to be deprecated. Please pass in tvm.target.Target(target, host=target_host) instead.
  warnings.warn(
2026-09-10 23:41:49.779 INFO load_module /tmp/tmppd59o_mt/f85062180794dc068f3c7cce5de216903b0ad3ac769f3f4caa0ee38f928c4d01.o


candidate=099478e697fc652243fc4604bb230fd483e98c600bccb8f1f1275b097e138da5 stderr=/home/orange/code/tvm/python/tvm/target/target.py:301: UserWarning: target_host parameter is going to be deprecated. Please pass in tvm.target.Target(target, host=target_host) instead.
  warnings.warn(
2026-09-10 23:41:51.040 INFO load_module /tmp/tmpih_2u75m/099478e697fc652243fc4604bb230fd483e98c600bccb8f1f1275b097e138da5.o


candidate=8fd6be9e54cf5bcf1803e050c4da1455cd94bd140e2ad2c03423e33ca22f5811 stderr=/home/orange/code/tvm/python/tvm/target/target.py:301: UserWarning: target_host parameter is going to be deprecated. Please pass in tvm.target.Target(target, host=target_host) instead.
  warnings.warn(
2026-09-10 23:41:52.190 INFO load_module /tmp/tmptyidx1lr/8fd6be9e54cf5bcf1803e050c4da1455cd94bd140e2ad2c03423e33ca22f5811.o


candidate=95e0e87cdea8af0000d9352e4fe4ee8c71cdfef9d768caa57d3821450e44ac10 stderr=/home/orange/code/tvm/python/tvm/target/target.py:301: UserWarning: target_host parameter is going to be deprecated. Please pass in tvm.target.Target(target, host=target_host) instead.
  warnings.warn(
2026-09-10 23:41:53.174 INFO load_module /tmp/tmpp8w__m3y/95e0e87cdea8af0000d9352e4fe4ee8c71cdfef9d768caa57d3821450e44ac10.o


candidate=05e441e42ece42f04a179438e9e41d3d8af872de8b161c96d5c5acb2224a8cbd stderr=/home/orange/code/tvm/python/tvm/target/target.py:301: UserWarning: target_host parameter is going to be deprecated. Please pass in tvm.target.Target(target, host=target_host) instead.
  warnings.warn(
2026-09-10 23:41:54.198 INFO load_module /tmp/tmpp445yjth/05e441e42ece42f04a179438e9e41d3d8af872de8b161c96d5c5acb2224a8cbd.o


candidate=40e1617aa2427763826c5b51eabaecfa3e4b82d21332cd19cb84f7cc691ca477 stderr=/home/orange/code/tvm/python/tvm/target/target.py:301: UserWarning: target_host parameter is going to be deprecated. Please pass in tvm.target.Target(target, host=target_host) instead.
  warnings.warn(
2026-09-10 23:41:55.247 INFO load_module /tmp/tmpfh0q40gl/40e1617aa2427763826c5b51eabaecfa3e4b82d21332cd19cb84f7cc691ca477.o


candidate=6be0409140a835e59ad5346aaee08cc34499975065cac9b232eb1707b9ae2ee3 stderr=/home/orange/code/tvm/python/tvm/target/target.py:301: UserWarning: target_host parameter is going to be deprecated. Please pass in tvm.target.Target(target, host=target_host) instead.
  warnings.warn(
2026-09-10 23:41:56.416 INFO load_module /tmp/tmplzhje71z/6be0409140a835e59ad5346aaee08cc34499975065cac9b232eb1707b9ae2ee3.o


candidate=44d3a2899968dbc1e2d8323ba0b63d5e571d2b29ca665bf9e40da162154a4676 stderr=/home/orange/code/tvm/python/tvm/target/target.py:301: UserWarning: target_host parameter is going to be deprecated. Please pass in tvm.target.Target(target, host=target_host) instead.
  warnings.warn(
2026-09-10 23:41:57.566 INFO load_module /tmp/tmpy8cxo5tv/44d3a2899968dbc1e2d8323ba0b63d5e571d2b29ca665bf9e40da162154a4676.o


candidate=6c163e16a43f129edf1c3b0a8c5f47c1e2d404527da8f39e0a621ff038cf3f8e stderr=/home/orange/code/tvm/python/tvm/target/target.py:301: UserWarning: target_host parameter is going to be deprecated. Please pass in tvm.target.Target(target, host=target_host) instead.
  warnings.warn(
2026-09-10 23:41:58.754 INFO load_module /tmp/tmpmoyvnn68/6c163e16a43f129edf1c3b0a8c5f47c1e2d404527da8f39e0a621ff038cf3f8e.o


candidate=91db72980271523d0526efb1981651c953148f5043234fddbc5ffefeae5f8ce2 stderr=/home/orange/code/tvm/python/tvm/target/target.py:301: UserWarning: target_host parameter is going to be deprecated. Please pass in tvm.target.Target(target, host=target_host) instead.
  warnings.warn(
2026-09-10 23:41:59.913 INFO load_module /tmp/tmp1igyuwit/91db72980271523d0526efb1981651c953148f5043234fddbc5ffefeae5f8ce2.o


candidate=f456e391d34de54a5e9123ae4617f4dc544a88f2432fc51b6cecdcd3620ddb72 stderr=/home/orange/code/tvm/python/tvm/target/target.py:301: UserWarning: target_host parameter is going to be deprecated. Please pass in tvm.target.Target(target, host=target_host) instead.
  warnings.warn(
2026-09-10 23:42:01.008 INFO load_module /tmp/tmpvisph526/f456e391d34de54a5e9123ae4617f4dc544a88f2432fc51b6cecdcd3620ddb72.o


candidate=6b7281ad2061fe6f8dd97c4a822b476cf21c8e1367087b6e1d8762b58bcd85b9 stderr=/home/orange/code/tvm/python/tvm/target/target.py:301: UserWarning: target_host parameter is going to be deprecated. Please pass in tvm.target.Target(target, host=target_host) instead.
  warnings.warn(
2026-09-10 23:42:02.219 INFO load_module /tmp/tmp7qn_ugnn/6b7281ad2061fe6f8dd97c4a822b476cf21c8e1367087b6e1d8762b58bcd85b9.o


candidate=906c1bdc905dc2ebbbd18569941dcfd4f11fe9e32ed55b9bfa03eb027b3b9c40 stderr=/home/orange/code/tvm/python/tvm/target/target.py:301: UserWarning: target_host parameter is going to be deprecated. Please pass in tvm.target.Target(target, host=target_host) instead.
  warnings.warn(
2026-09-10 23:42:03.345 INFO load_module /tmp/tmpp06g0z6l/906c1bdc905dc2ebbbd18569941dcfd4f11fe9e32ed55b9bfa03eb027b3b9c40.o


candidate=529c7523b0ef4bd0cab5f467f02a5fb5f6cc274afc77f8a3b7214521abec64a5 stderr=/home/orange/code/tvm/python/tvm/target/target.py:301: UserWarning: target_host parameter is going to be deprecated. Please pass in tvm.target.Target(target, host=target_host) instead.
  warnings.warn(
2026-09-10 23:42:04.518 INFO load_module /tmp/tmpy58_i9kh/529c7523b0ef4bd0cab5f467f02a5fb5f6cc274afc77f8a3b7214521abec64a5.o


candidate=70b6abff4c3c991d8419e917467eb65f5bb43dcfcd6356f3ed38a5466b29d95c stderr=/home/orange/code/tvm/python/tvm/target/target.py:301: UserWarning: target_host parameter is going to be deprecated. Please pass in tvm.target.Target(target, host=target_host) instead.
  warnings.warn(
2026-09-10 23:42:05.672 INFO load_module /tmp/tmpzvymwxps/70b6abff4c3c991d8419e917467eb65f5bb43dcfcd6356f3ed38a5466b29d95c.o


candidate=a4c8d5009f6b81f31e38aadaa17177f6cef623cbc965fa08f3af0df02f0ae758 stderr=/home/orange/code/tvm/python/tvm/target/target.py:301: UserWarning: target_host parameter is going to be deprecated. Please pass in tvm.target.Target(target, host=target_host) instead.
  warnings.warn(
2026-09-10 23:42:09.266 INFO load_module /tmp/tmpawun5odp/a4c8d5009f6b81f31e38aadaa17177f6cef623cbc965fa08f3af0df02f0ae758.o


candidate=297e8e65a67bf20e8700a9cdd27013394970a414fda14ba3023c95dd0d404af1 stderr=/home/orange/code/tvm/python/tvm/target/target.py:301: UserWarning: target_host parameter is going to be deprecated. Please pass in tvm.target.Target(target, host=target_host) instead.
  warnings.warn(
2026-09-10 23:42:10.496 INFO load_module /tmp/tmpecfphi1o/297e8e65a67bf20e8700a9cdd27013394970a414fda14ba3023c95dd0d404af1.o


candidate=551d12fd506985547dd66c1da42a874c7931595aa6c0d9e0c212501c192005f0 stderr=/home/orange/code/tvm/python/tvm/target/target.py:301: UserWarning: target_host parameter is going to be deprecated. Please pass in tvm.target.Target(target, host=target_host) instead.
  warnings.warn(
2026-09-10 23:42:11.696 INFO load_module /tmp/tmpkrwvmicb/551d12fd506985547dd66c1da42a874c7931595aa6c0d9e0c212501c192005f0.o


candidate=85a58c8723660dfca8e6dcc8772bd2614d613f03e58fb5c4d609f6a1078f1bd3 stderr=/home/orange/code/tvm/python/tvm/target/target.py:301: UserWarning: target_host parameter is going to be deprecated. Please pass in tvm.target.Target(target, host=target_host) instead.
  warnings.warn(
2026-09-10 23:42:12.947 INFO load_module /tmp/tmpmgw_u8ae/85a58c8723660dfca8e6dcc8772bd2614d613f03e58fb5c4d609f6a1078f1bd3.o


candidate=da2e9118600f70d30180aba1ea88c8555717e9f824acffe3b17c72faeece8f8c stderr=/home/orange/code/tvm/python/tvm/target/target.py:301: UserWarning: target_host parameter is going to be deprecated. Please pass in tvm.target.Target(target, host=target_host) instead.
  warnings.warn(
2026-09-10 23:42:14.201 INFO load_module /tmp/tmpzff8l__n/da2e9118600f70d30180aba1ea88c8555717e9f824acffe3b17c72faeece8f8c.o


candidate=87e57c2a06c4e59c11124143d6f95fab383300904d66319e755cc08adf7b6148 stderr=/home/orange/code/tvm/python/tvm/target/target.py:301: UserWarning: target_host parameter is going to be deprecated. Please pass in tvm.target.Target(target, host=target_host) instead.
  warnings.warn(
2026-09-10 23:42:15.530 INFO load_module /tmp/tmpnjjog2tw/87e57c2a06c4e59c11124143d6f95fab383300904d66319e755cc08adf7b6148.o


candidate=d03cd56e7c67b12024f04bfe8a87d03d944c8a64c9a8df08d6bf83f3cfd3db92 stderr=/home/orange/code/tvm/python/tvm/target/target.py:301: UserWarning: target_host parameter is going to be deprecated. Please pass in tvm.target.Target(target, host=target_host) instead.
  warnings.warn(
2026-09-10 23:42:16.838 INFO load_module /tmp/tmp5qydu1ll/d03cd56e7c67b12024f04bfe8a87d03d944c8a64c9a8df08d6bf83f3cfd3db92.o


candidate=14870bcc71c5750bb29ec78c4288c16333676c7d37c90eaa08e1ea6caa2428e8 stderr=/home/orange/code/tvm/python/tvm/target/target.py:301: UserWarning: target_host parameter is going to be deprecated. Please pass in tvm.target.Target(target, host=target_host) instead.
  warnings.warn(
2026-09-10 23:42:18.024 INFO load_module /tmp/tmp8e4uxuws/14870bcc71c5750bb29ec78c4288c16333676c7d37c90eaa08e1ea6caa2428e8.o


candidate=2144778bd6ff643c3b4df85da2d702af4eaddd3fd19d448d33607445aa8186c9 stderr=/home/orange/code/tvm/python/tvm/target/target.py:301: UserWarning: target_host parameter is going to be deprecated. Please pass in tvm.target.Target(target, host=target_host) instead.
  warnings.warn(
2026-09-10 23:42:19.313 INFO load_module /tmp/tmph9r5o462/2144778bd6ff643c3b4df85da2d702af4eaddd3fd19d448d33607445aa8186c9.o


candidate=e213b3d944bee763e208f60691669141cbfe00c1820a375ee045e13a38865bcb stderr=/home/orange/code/tvm/python/tvm/target/target.py:301: UserWarning: target_host parameter is going to be deprecated. Please pass in tvm.target.Target(target, host=target_host) instead.
  warnings.warn(
2026-09-10 23:42:20.571 INFO load_module /tmp/tmpjp4mxsh7/e213b3d944bee763e208f60691669141cbfe00c1820a375ee045e13a38865bcb.o


candidate=4b58c751a34d9c3756ed1239654cd6fcacd99660d5ad1fd3938202ef9a0257ad stderr=/home/orange/code/tvm/python/tvm/target/target.py:301: UserWarning: target_host parameter is going to be deprecated. Please pass in tvm.target.Target(target, host=target_host) instead.
  warnings.warn(
2026-09-10 23:42:21.900 INFO load_module /tmp/tmp956rfwi2/4b58c751a34d9c3756ed1239654cd6fcacd99660d5ad1fd3938202ef9a0257ad.o


candidate=51cc2a40376315e65da618489ea676ec0d3eadfb9aa4e7f2b773d68d637b9247 stderr=/home/orange/code/tvm/python/tvm/target/target.py:301: UserWarning: target_host parameter is going to be deprecated. Please pass in tvm.target.Target(target, host=target_host) instead.
  warnings.warn(
2026-09-10 23:42:23.262 INFO load_module /tmp/tmpk3d8s6hf/51cc2a40376315e65da618489ea676ec0d3eadfb9aa4e7f2b773d68d637b9247.o


candidate=7232e7ec3418d0be58cd418e1ce081ddd598da16948093bf11d861d91777871b stderr=/home/orange/code/tvm/python/tvm/target/target.py:301: UserWarning: target_host parameter is going to be deprecated. Please pass in tvm.target.Target(target, host=target_host) instead.
  warnings.warn(
2026-09-10 23:42:24.621 INFO load_module /tmp/tmp3llpq19w/7232e7ec3418d0be58cd418e1ce081ddd598da16948093bf11d861d91777871b.o


candidate=b483cd5ff5689e230e22365ec35b391fc5fdd4d9f568ff573adccb2fc9f63115 stderr=/home/orange/code/tvm/python/tvm/target/target.py:301: UserWarning: target_host parameter is going to be deprecated. Please pass in tvm.target.Target(target, host=target_host) instead.
  warnings.warn(
2026-09-10 23:42:25.958 INFO load_module /tmp/tmpeebiu59m/b483cd5ff5689e230e22365ec35b391fc5fdd4d9f568ff573adccb2fc9f63115.o


candidate=bb09d9fb89cbb7227d4845140976cdc6d3db2bc62f70a69de4b87db19824a404 stderr=/home/orange/code/tvm/python/tvm/target/target.py:301: UserWarning: target_host parameter is going to be deprecated. Please pass in tvm.target.Target(target, host=target_host) instead.
  warnings.warn(
2026-09-10 23:42:27.183 INFO load_module /tmp/tmplwl92eyr/bb09d9fb89cbb7227d4845140976cdc6d3db2bc62f70a69de4b87db19824a404.o


candidate=d05cfa032d51af0ddb87d4d0ff88e069c508c171659a67638f64148691163e76 stderr=/home/orange/code/tvm/python/tvm/target/target.py:301: UserWarning: target_host parameter is going to be deprecated. Please pass in tvm.target.Target(target, host=target_host) instead.
  warnings.warn(
2026-09-10 23:42:28.144 INFO load_module /tmp/tmp6t5y3hkn/d05cfa032d51af0ddb87d4d0ff88e069c508c171659a67638f64148691163e76.o


candidate=d0abc3a1aab17762883a400bd97934eebebc74a5e2c21eac40ffe16c26d00c94 stderr=/home/orange/code/tvm/python/tvm/target/target.py:301: UserWarning: target_host parameter is going to be deprecated. Please pass in tvm.target.Target(target, host=target_host) instead.
  warnings.warn(
2026-09-10 23:42:29.138 INFO load_module /tmp/tmptw28y_2v/d0abc3a1aab17762883a400bd97934eebebc74a5e2c21eac40ffe16c26d00c94.o


candidate=34275d32135b56c2b3f1e0fc40b03a757e1d493fe19a8df4beaf80df499f2970 stderr=/home/orange/code/tvm/python/tvm/target/target.py:301: UserWarning: target_host parameter is going to be deprecated. Please pass in tvm.target.Target(target, host=target_host) instead.
  warnings.warn(
2026-09-10 23:42:30.306 INFO load_module /tmp/tmpu0gwlln3/34275d32135b56c2b3f1e0fc40b03a757e1d493fe19a8df4beaf80df499f2970.o


candidate=3655028c82604a1b0fdbb3632729dc1d610580bf0e96dfcc622c705506e93c94 stderr=/home/orange/code/tvm/python/tvm/target/target.py:301: UserWarning: target_host parameter is going to be deprecated. Please pass in tvm.target.Target(target, host=target_host) instead.
  warnings.warn(
2026-09-10 23:42:31.370 INFO load_module /tmp/tmp7b3ic3kf/3655028c82604a1b0fdbb3632729dc1d610580bf0e96dfcc622c705506e93c94.o


candidate=54f6b9b29b0e147ad27a050e969cdaee17d7e52b7c6f74e1ecd98c836bbe745d stderr=/home/orange/code/tvm/python/tvm/target/target.py:301: UserWarning: target_host parameter is going to be deprecated. Please pass in tvm.target.Target(target, host=target_host) instead.
  warnings.warn(
2026-09-10 23:42:32.401 INFO load_module /tmp/tmphsvckh4f/54f6b9b29b0e147ad27a050e969cdaee17d7e52b7c6f74e1ecd98c836bbe745d.o


candidate=5c5ef7aa610454b016df9e3903ef069b8242ba3033955f62eb76cdde1c717c53 stderr=/home/orange/code/tvm/python/tvm/target/target.py:301: UserWarning: target_host parameter is going to be deprecated. Please pass in tvm.target.Target(target, host=target_host) instead.
  warnings.warn(
2026-09-10 23:42:33.530 INFO load_module /tmp/tmpplxl6wyb/5c5ef7aa610454b016df9e3903ef069b8242ba3033955f62eb76cdde1c717c53.o


candidate=64a034938c39cea07aa540552305649905bbf7ccdfa0e8d58ab95ab77590b9bd stderr=/home/orange/code/tvm/python/tvm/target/target.py:301: UserWarning: target_host parameter is going to be deprecated. Please pass in tvm.target.Target(target, host=target_host) instead.
  warnings.warn(
2026-09-10 23:42:34.587 INFO load_module /tmp/tmpcboxruxh/64a034938c39cea07aa540552305649905bbf7ccdfa0e8d58ab95ab77590b9bd.o


candidate=f0a928078919d8fd7c3e6e76d6d7be5a526e6a4dbf05707873f5e58554adf2a9 stderr=/home/orange/code/tvm/python/tvm/target/target.py:301: UserWarning: target_host parameter is going to be deprecated. Please pass in tvm.target.Target(target, host=target_host) instead.
  warnings.warn(
2026-09-10 23:42:35.775 INFO load_module /tmp/tmplebmo048/f0a928078919d8fd7c3e6e76d6d7be5a526e6a4dbf05707873f5e58554adf2a9.o


candidate=f9657184b25bbe6b03e5c77cf21c6be90f48d6c5fe989be89ffe04c2d0e34dfd stderr=/home/orange/code/tvm/python/tvm/target/target.py:301: UserWarning: target_host parameter is going to be deprecated. Please pass in tvm.target.Target(target, host=target_host) instead.
  warnings.warn(
2026-09-10 23:42:36.855 INFO load_module /tmp/tmpd0wcap5u/f9657184b25bbe6b03e5c77cf21c6be90f48d6c5fe989be89ffe04c2d0e34dfd.o


candidate=52ec53e005d662c844517cefb8cdf6537edd1e1606264eddf9e678553ec0b670 stderr=/home/orange/code/tvm/python/tvm/target/target.py:301: UserWarning: target_host parameter is going to be deprecated. Please pass in tvm.target.Target(target, host=target_host) instead.
  warnings.warn(
2026-09-10 23:42:37.902 INFO load_module /tmp/tmpg9oqmtrf/52ec53e005d662c844517cefb8cdf6537edd1e1606264eddf9e678553ec0b670.o


candidate=99976ba537d96f7cd8ba24e5a2df9c3762107a7c6919cfe50c34e204f41bb70f stderr=/home/orange/code/tvm/python/tvm/target/target.py:301: UserWarning: target_host parameter is going to be deprecated. Please pass in tvm.target.Target(target, host=target_host) instead.
  warnings.warn(
2026-09-10 23:42:39.086 INFO load_module /tmp/tmp1127_zus/99976ba537d96f7cd8ba24e5a2df9c3762107a7c6919cfe50c34e204f41bb70f.o


candidate=b4ba510b3908796d963d329e0d77b8361b14639ae6f28fb9e14595ac1930ddc7 stderr=/home/orange/code/tvm/python/tvm/target/target.py:301: UserWarning: target_host parameter is going to be deprecated. Please pass in tvm.target.Target(target, host=target_host) instead.
  warnings.warn(
2026-09-10 23:42:40.386 INFO load_module /tmp/tmprlwnfivf/b4ba510b3908796d963d329e0d77b8361b14639ae6f28fb9e14595ac1930ddc7.o


candidate=c2a8c477ce24fcc2bd4a9d9def9c2a6de788bc3de3566edcd8dd9fb0cb536007 stderr=/home/orange/code/tvm/python/tvm/target/target.py:301: UserWarning: target_host parameter is going to be deprecated. Please pass in tvm.target.Target(target, host=target_host) instead.
  warnings.warn(
2026-09-10 23:42:43.867 INFO load_module /tmp/tmpkd1dhy7d/c2a8c477ce24fcc2bd4a9d9def9c2a6de788bc3de3566edcd8dd9fb0cb536007.o


candidate=e5a1a92a6fb76e8ed0169651463369fda258670e4807a821a6d8d696401b5492 stderr=/home/orange/code/tvm/python/tvm/target/target.py:301: UserWarning: target_host parameter is going to be deprecated. Please pass in tvm.target.Target(target, host=target_host) instead.
  warnings.warn(
2026-09-10 23:42:45.131 INFO load_module /tmp/tmpigxe6rtv/e5a1a92a6fb76e8ed0169651463369fda258670e4807a821a6d8d696401b5492.o


candidate=1ca17cc3eb1f56ebe9bc4e6828c5d056b57253589829ec4ec58301a4ff1e5880 stderr=/home/orange/code/tvm/python/tvm/target/target.py:301: UserWarning: target_host parameter is going to be deprecated. Please pass in tvm.target.Target(target, host=target_host) instead.
  warnings.warn(
2026-09-10 23:42:46.456 INFO load_module /tmp/tmpnovu5m7z/1ca17cc3eb1f56ebe9bc4e6828c5d056b57253589829ec4ec58301a4ff1e5880.o


candidate=3f421ec3ad048ab47acf230999eefde97bbfd07c5e650dec09369bfd85bac991 stderr=/home/orange/code/tvm/python/tvm/target/target.py:301: UserWarning: target_host parameter is going to be deprecated. Please pass in tvm.target.Target(target, host=target_host) instead.
  warnings.warn(
2026-09-10 23:42:47.779 INFO load_module /tmp/tmp3xb6m3x2/3f421ec3ad048ab47acf230999eefde97bbfd07c5e650dec09369bfd85bac991.o


candidate=555fcc3efa902217702d1a96d18725be815a491fb8277cc6c8c3c9812c3b54dd stderr=/home/orange/code/tvm/python/tvm/target/target.py:301: UserWarning: target_host parameter is going to be deprecated. Please pass in tvm.target.Target(target, host=target_host) instead.
  warnings.warn(
2026-09-10 23:42:49.045 INFO load_module /tmp/tmpywli1pjj/555fcc3efa902217702d1a96d18725be815a491fb8277cc6c8c3c9812c3b54dd.o


candidate=90beaa354166780fb5c7bb5fcd14772a0173fa8aa3fc2f3a8e35dc4c5e8b0eae stderr=/home/orange/code/tvm/python/tvm/target/target.py:301: UserWarning: target_host parameter is going to be deprecated. Please pass in tvm.target.Target(target, host=target_host) instead.
  warnings.warn(
2026-09-10 23:42:50.267 INFO load_module /tmp/tmpuc47ae0e/90beaa354166780fb5c7bb5fcd14772a0173fa8aa3fc2f3a8e35dc4c5e8b0eae.o


candidate=e5ef718fcc268cfedc7460dafc3fa91ce7868b974d0ba5402c9acb77e7315254 stderr=/home/orange/code/tvm/python/tvm/target/target.py:301: UserWarning: target_host parameter is going to be deprecated. Please pass in tvm.target.Target(target, host=target_host) instead.
  warnings.warn(
2026-09-10 23:42:51.391 INFO load_module /tmp/tmp7sr8ovy5/e5ef718fcc268cfedc7460dafc3fa91ce7868b974d0ba5402c9acb77e7315254.o


candidate=159fdc11f5af54e382c1fcb052e448432a47d5ceea0211081f175934f7c6e120 stderr=/home/orange/code/tvm/python/tvm/target/target.py:301: UserWarning: target_host parameter is going to be deprecated. Please pass in tvm.target.Target(target, host=target_host) instead.
  warnings.warn(
2026-09-10 23:42:52.556 INFO load_module /tmp/tmpf9loesbv/159fdc11f5af54e382c1fcb052e448432a47d5ceea0211081f175934f7c6e120.o


candidate=2813226ba8791313e912057675911c7153aea571a10aea043da992f07f30a3b4 stderr=/home/orange/code/tvm/python/tvm/target/target.py:301: UserWarning: target_host parameter is going to be deprecated. Please pass in tvm.target.Target(target, host=target_host) instead.
  warnings.warn(
2026-09-10 23:42:53.815 INFO load_module /tmp/tmpq557w75k/2813226ba8791313e912057675911c7153aea571a10aea043da992f07f30a3b4.o


candidate=5c9e90d66747e36d39cacbc99d7a8a8f0a5ed655ddde03a90a19ac3a18d57d7c stderr=/home/orange/code/tvm/python/tvm/target/target.py:301: UserWarning: target_host parameter is going to be deprecated. Please pass in tvm.target.Target(target, host=target_host) instead.
  warnings.warn(
2026-09-10 23:42:54.937 INFO load_module /tmp/tmp3i7woijk/5c9e90d66747e36d39cacbc99d7a8a8f0a5ed655ddde03a90a19ac3a18d57d7c.o


candidate=e00623116d2e3b56711f17f6cbf7b3400a5fe4ecaadf494ebfb13d258af4bfba stderr=/home/orange/code/tvm/python/tvm/target/target.py:301: UserWarning: target_host parameter is going to be deprecated. Please pass in tvm.target.Target(target, host=target_host) instead.
  warnings.warn(
2026-09-10 23:42:56.058 INFO load_module /tmp/tmp12nwwfzp/e00623116d2e3b56711f17f6cbf7b3400a5fe4ecaadf494ebfb13d258af4bfba.o


candidate=fb1a94079300c4b99acd01473162da922ea942c33137bed8b1edea0718c5fc30 stderr=/home/orange/code/tvm/python/tvm/target/target.py:301: UserWarning: target_host parameter is going to be deprecated. Please pass in tvm.target.Target(target, host=target_host) instead.
  warnings.warn(
2026-09-10 23:42:57.213 INFO load_module /tmp/tmp_pqkmh5d/fb1a94079300c4b99acd01473162da922ea942c33137bed8b1edea0718c5fc30.o


candidate=22e8e1bbb13e4d0a0f058a96fc2ecf80f56c85f210aa694a502ae2a2e4b7ba89 stderr=/home/orange/code/tvm/python/tvm/target/target.py:301: UserWarning: target_host parameter is going to be deprecated. Please pass in tvm.target.Target(target, host=target_host) instead.
  warnings.warn(
2026-09-10 23:42:58.477 INFO load_module /tmp/tmps4fvjkjc/22e8e1bbb13e4d0a0f058a96fc2ecf80f56c85f210aa694a502ae2a2e4b7ba89.o


candidate=39be7e20c385bd25340c2084a9b7acf7b6a3efa5ba3afa0e59d042dfe6d77a42 stderr=/home/orange/code/tvm/python/tvm/target/target.py:301: UserWarning: target_host parameter is going to be deprecated. Please pass in tvm.target.Target(target, host=target_host) instead.
  warnings.warn(
2026-09-10 23:42:59.723 INFO load_module /tmp/tmpcv5t_7e4/39be7e20c385bd25340c2084a9b7acf7b6a3efa5ba3afa0e59d042dfe6d77a42.o


candidate=58a7d13bf7a61913d53fbe283161cf73817ead694771b367481526be9ce42b6c stderr=/home/orange/code/tvm/python/tvm/target/target.py:301: UserWarning: target_host parameter is going to be deprecated. Please pass in tvm.target.Target(target, host=target_host) instead.
  warnings.warn(
2026-09-10 23:43:00.962 INFO load_module /tmp/tmpne1yb1g9/58a7d13bf7a61913d53fbe283161cf73817ead694771b367481526be9ce42b6c.o


candidate=e6d336557a703fabf2eb794142710ce2e8f21f4187a90d5116d3d1d0edcc17a5 stderr=/home/orange/code/tvm/python/tvm/target/target.py:301: UserWarning: target_host parameter is going to be deprecated. Please pass in tvm.target.Target(target, host=target_host) instead.
  warnings.warn(
2026-09-10 23:43:02.156 INFO load_module /tmp/tmppgpl13mn/e6d336557a703fabf2eb794142710ce2e8f21f4187a90d5116d3d1d0edcc17a5.o


candidate=fcc30b44320373e5f8767400d6f4d516f3d3e50c7b2a333486c83b784491f0d9 stderr=/home/orange/code/tvm/python/tvm/target/target.py:301: UserWarning: target_host parameter is going to be deprecated. Please pass in tvm.target.Target(target, host=target_host) instead.
  warnings.warn(
2026-09-10 23:43:03.503 INFO load_module /tmp/tmp2uc60pwo/fcc30b44320373e5f8767400d6f4d516f3d3e50c7b2a333486c83b784491f0d9.o


candidate=25cec20ef260b8c603b3203521773cf9bcbbcefb13264ee1c4ed6649c093152d stderr=/home/orange/code/tvm/python/tvm/target/target.py:301: UserWarning: target_host parameter is going to be deprecated. Please pass in tvm.target.Target(target, host=target_host) instead.
  warnings.warn(
2026-09-10 23:43:04.731 INFO load_module /tmp/tmpbdrhthiz/25cec20ef260b8c603b3203521773cf9bcbbcefb13264ee1c4ed6649c093152d.o


candidate=8e0f529ba571b72217fc361e3f8e607f8e96621b56c31d70c81528d4f6416acd stderr=/home/orange/code/tvm/python/tvm/target/target.py:301: UserWarning: target_host parameter is going to be deprecated. Please pass in tvm.target.Target(target, host=target_host) instead.
  warnings.warn(
2026-09-10 23:43:05.981 INFO load_module /tmp/tmp_8rt3o8f/8e0f529ba571b72217fc361e3f8e607f8e96621b56c31d70c81528d4f6416acd.o


candidate=e440814531fc2092f33bffe7168851f245f6bf1fedbd3e5cec2c67316ed8e3db stderr=/home/orange/code/tvm/python/tvm/target/target.py:301: UserWarning: target_host parameter is going to be deprecated. Please pass in tvm.target.Target(target, host=target_host) instead.
  warnings.warn(
2026-09-10 23:43:07.226 INFO load_module /tmp/tmp3i7fz28p/e440814531fc2092f33bffe7168851f245f6bf1fedbd3e5cec2c67316ed8e3db.o


candidate=f9f3c41468c19d8939d8bb62bc84ab57b8b4d62d0aca6766922a683a3efa5c77 stderr=/home/orange/code/tvm/python/tvm/target/target.py:301: UserWarning: target_host parameter is going to be deprecated. Please pass in tvm.target.Target(target, host=target_host) instead.
  warnings.warn(
2026-09-10 23:43:08.606 INFO load_module /tmp/tmpt4ln1p1z/f9f3c41468c19d8939d8bb62bc84ab57b8b4d62d0aca6766922a683a3efa5c77.o


candidate=febb97531f9181eb40cd6523ea51c29c13b379ab59ca0e0cf1969fbbf966983f stderr=/home/orange/code/tvm/python/tvm/target/target.py:301: UserWarning: target_host parameter is going to be deprecated. Please pass in tvm.target.Target(target, host=target_host) instead.
  warnings.warn(
2026-09-10 23:43:09.944 INFO load_module /tmp/tmp4znxyzu6/febb97531f9181eb40cd6523ea51c29c13b379ab59ca0e0cf1969fbbf966983f.o


candidate=3be0eb2fe82fd5a4f05af5ae7da824fb438941268bb08a5d2a5dfedcce5cfb21 stderr=/home/orange/code/tvm/python/tvm/target/target.py:301: UserWarning: target_host parameter is going to be deprecated. Please pass in tvm.target.Target(target, host=target_host) instead.
  warnings.warn(
2026-09-10 23:43:11.282 INFO load_module /tmp/tmp7k_wk0x7/3be0eb2fe82fd5a4f05af5ae7da824fb438941268bb08a5d2a5dfedcce5cfb21.o


candidate=4caff65745e1a17258e10c47b50bf2501115583c907766462f5f0c5a825fd380 stderr=/home/orange/code/tvm/python/tvm/target/target.py:301: UserWarning: target_host parameter is going to be deprecated. Please pass in tvm.target.Target(target, host=target_host) instead.
  warnings.warn(
2026-09-10 23:43:12.564 INFO load_module /tmp/tmp76ao10_4/4caff65745e1a17258e10c47b50bf2501115583c907766462f5f0c5a825fd380.o


candidate=8374b7952ba7d9efa8e2e4fa814beaf0de55702fc8ac6876a7fd0a41c0a8c34a stderr=/home/orange/code/tvm/python/tvm/target/target.py:301: UserWarning: target_host parameter is going to be deprecated. Please pass in tvm.target.Target(target, host=target_host) instead.
  warnings.warn(
2026-09-10 23:43:14.022 INFO load_module /tmp/tmp8uff4g38/8374b7952ba7d9efa8e2e4fa814beaf0de55702fc8ac6876a7fd0a41c0a8c34a.o


candidate=a9e2a4bdbb6ca96a39e27b5f166b211c9371db011c789fc3b4daadeaa456230b stderr=/home/orange/code/tvm/python/tvm/target/target.py:301: UserWarning: target_host parameter is going to be deprecated. Please pass in tvm.target.Target(target, host=target_host) instead.
  warnings.warn(
2026-09-10 23:43:17.623 INFO load_module /tmp/tmpiyzpnulq/a9e2a4bdbb6ca96a39e27b5f166b211c9371db011c789fc3b4daadeaa456230b.o


candidate=f68e905804a02785f34b882af7b87135eef8e0dbedc75fb20a2d9ed54e4db0cf stderr=/home/orange/code/tvm/python/tvm/target/target.py:301: UserWarning: target_host parameter is going to be deprecated. Please pass in tvm.target.Target(target, host=target_host) instead.
  warnings.warn(
2026-09-10 23:43:19.091 INFO load_module /tmp/tmp1qtc7tgh/f68e905804a02785f34b882af7b87135eef8e0dbedc75fb20a2d9ed54e4db0cf.o


candidate=2eab630d413235cb406c28f443cbb5b8a36486876913b38c7fdc111742cdbe4a stderr=/home/orange/code/tvm/python/tvm/target/target.py:301: UserWarning: target_host parameter is going to be deprecated. Please pass in tvm.target.Target(target, host=target_host) instead.
  warnings.warn(
2026-09-10 23:43:20.561 INFO load_module /tmp/tmpkz421oba/2eab630d413235cb406c28f443cbb5b8a36486876913b38c7fdc111742cdbe4a.o


candidate=5ff37b60e8c4e8ebe2892886f7c6a676dfd5bff99723451d4f90449c96c87425 stderr=/home/orange/code/tvm/python/tvm/target/target.py:301: UserWarning: target_host parameter is going to be deprecated. Please pass in tvm.target.Target(target, host=target_host) instead.
  warnings.warn(
2026-09-10 23:43:21.777 INFO load_module /tmp/tmpzc54_zmn/5ff37b60e8c4e8ebe2892886f7c6a676dfd5bff99723451d4f90449c96c87425.o


candidate=6c429de94e3df80e2ade221a6bc5c1a71a68f01fb8f054752fdb0281189c44ca stderr=/home/orange/code/tvm/python/tvm/target/target.py:301: UserWarning: target_host parameter is going to be deprecated. Please pass in tvm.target.Target(target, host=target_host) instead.
  warnings.warn(
2026-09-10 23:43:22.933 INFO load_module /tmp/tmprhhjqpep/6c429de94e3df80e2ade221a6bc5c1a71a68f01fb8f054752fdb0281189c44ca.o


candidate=77bf9c711ccd704418941cdfface6e8941f5e5f1e1c6cac3fc31fd7cb905297c stderr=/home/orange/code/tvm/python/tvm/target/target.py:301: UserWarning: target_host parameter is going to be deprecated. Please pass in tvm.target.Target(target, host=target_host) instead.
  warnings.warn(
2026-09-10 23:43:24.050 INFO load_module /tmp/tmpn18pwdxa/77bf9c711ccd704418941cdfface6e8941f5e5f1e1c6cac3fc31fd7cb905297c.o


candidate=c42fe742a6557ed5c30767463896d0cd8d6490c43f887781877d0e2ff99ee2b6 stderr=/home/orange/code/tvm/python/tvm/target/target.py:301: UserWarning: target_host parameter is going to be deprecated. Please pass in tvm.target.Target(target, host=target_host) instead.
  warnings.warn(
2026-09-10 23:43:25.160 INFO load_module /tmp/tmpky_k3r92/c42fe742a6557ed5c30767463896d0cd8d6490c43f887781877d0e2ff99ee2b6.o


candidate=09b2b9237768ef299708bfa5cb3133f8287d0f088a78fbfb0ade39d027b5e0c8 stderr=/home/orange/code/tvm/python/tvm/target/target.py:301: UserWarning: target_host parameter is going to be deprecated. Please pass in tvm.target.Target(target, host=target_host) instead.
  warnings.warn(
2026-09-10 23:43:26.298 INFO load_module /tmp/tmpa_k5cm61/09b2b9237768ef299708bfa5cb3133f8287d0f088a78fbfb0ade39d027b5e0c8.o


candidate=2f93413126fb4f9f49b7ba5f45b76c7a506281ca6567c4be2f6f07d7da619121 stderr=/home/orange/code/tvm/python/tvm/target/target.py:301: UserWarning: target_host parameter is going to be deprecated. Please pass in tvm.target.Target(target, host=target_host) instead.
  warnings.warn(
2026-09-10 23:43:27.366 INFO load_module /tmp/tmp81gzym0a/2f93413126fb4f9f49b7ba5f45b76c7a506281ca6567c4be2f6f07d7da619121.o


candidate=33ac4b8293b1e32dc6f6cfe9f073fda783b2403793a20c3e8d0fe945f78d53ab stderr=/home/orange/code/tvm/python/tvm/target/target.py:301: UserWarning: target_host parameter is going to be deprecated. Please pass in tvm.target.Target(target, host=target_host) instead.
  warnings.warn(
2026-09-10 23:43:28.416 INFO load_module /tmp/tmpvl6pjxp1/33ac4b8293b1e32dc6f6cfe9f073fda783b2403793a20c3e8d0fe945f78d53ab.o


candidate=3c450ac79b8561e8650d6241d9dff642f44d6daf82ea962c9d0a5bab78da00ef stderr=/home/orange/code/tvm/python/tvm/target/target.py:301: UserWarning: target_host parameter is going to be deprecated. Please pass in tvm.target.Target(target, host=target_host) instead.
  warnings.warn(
2026-09-10 23:43:29.481 INFO load_module /tmp/tmpek0k48y0/3c450ac79b8561e8650d6241d9dff642f44d6daf82ea962c9d0a5bab78da00ef.o


candidate=520d2bb1de820db3a07382aa5ac764176cd7e1c5a61ad3851ff52997dd323766 stderr=/home/orange/code/tvm/python/tvm/target/target.py:301: UserWarning: target_host parameter is going to be deprecated. Please pass in tvm.target.Target(target, host=target_host) instead.
  warnings.warn(
2026-09-10 23:43:30.550 INFO load_module /tmp/tmp_ucldv7k/520d2bb1de820db3a07382aa5ac764176cd7e1c5a61ad3851ff52997dd323766.o


candidate=30940bd8ef3dafb7e7a2aceb7897202d1be593a1caad87893a1cfdfa7ef206e1 stderr=/home/orange/code/tvm/python/tvm/target/target.py:301: UserWarning: target_host parameter is going to be deprecated. Please pass in tvm.target.Target(target, host=target_host) instead.
  warnings.warn(
2026-09-10 23:43:31.762 INFO load_module /tmp/tmpibj748qe/30940bd8ef3dafb7e7a2aceb7897202d1be593a1caad87893a1cfdfa7ef206e1.o


candidate=414f1c00b9e79f09f585cf37a69188098ebc1103ba2e046e69e9a2c18afb5c59 stderr=/home/orange/code/tvm/python/tvm/target/target.py:301: UserWarning: target_host parameter is going to be deprecated. Please pass in tvm.target.Target(target, host=target_host) instead.
  warnings.warn(
2026-09-10 23:43:32.847 INFO load_module /tmp/tmp0z9buvz0/414f1c00b9e79f09f585cf37a69188098ebc1103ba2e046e69e9a2c18afb5c59.o


candidate=547d9dada129a5cd8e2602c0ee62e08a0013223963ee2208ec8c957a36f7876c stderr=/home/orange/code/tvm/python/tvm/target/target.py:301: UserWarning: target_host parameter is going to be deprecated. Please pass in tvm.target.Target(target, host=target_host) instead.
  warnings.warn(
2026-09-10 23:43:33.926 INFO load_module /tmp/tmpacj4pm86/547d9dada129a5cd8e2602c0ee62e08a0013223963ee2208ec8c957a36f7876c.o


candidate=8e51e9232a086afc9ce8a43734d667a96171da6ae0d2035fb27af0838c2d69ef stderr=/home/orange/code/tvm/python/tvm/target/target.py:301: UserWarning: target_host parameter is going to be deprecated. Please pass in tvm.target.Target(target, host=target_host) instead.
  warnings.warn(
2026-09-10 23:43:34.977 INFO load_module /tmp/tmppmtr6dpi/8e51e9232a086afc9ce8a43734d667a96171da6ae0d2035fb27af0838c2d69ef.o


candidate=be6c331e113a51ac8917d315bd0c6692975014363c2e3af3f7a5bc6663c7c377 stderr=/home/orange/code/tvm/python/tvm/target/target.py:301: UserWarning: target_host parameter is going to be deprecated. Please pass in tvm.target.Target(target, host=target_host) instead.
  warnings.warn(
2026-09-10 23:43:36.019 INFO load_module /tmp/tmp3s2irclv/be6c331e113a51ac8917d315bd0c6692975014363c2e3af3f7a5bc6663c7c377.o

