e2fsck 1.45.3 (14-Jul-2019)
Pass 1: Checking inodes, blocks, and sizes
Pass 2: Checking directory structure
Entry 'final_output_0.bin' in /queue_q1_validation_run1/D_stress_outputs/run_923 (131933) has deleted/unused inode 46945.  Clear? yes

Entry 'final_output_0.bin' in /queue_q1_validation_run1/D_stress_outputs/run_924 (131934) has deleted/unused inode 46946.  Clear? yes

Entry 'final_output_0.bin' in /queue_q1_validation_run1/D_stress_outputs/run_925 (131935) has deleted/unused inode 46947.  Clear? yes

Entry 'final_output_0.bin' in /queue_q1_validation_run1/D_stress_outputs/run_926 (131936) has deleted/unused inode 46948.  Clear? yes

Entry 'final_output_0.bin' in /queue_q1_validation_run1/D_stress_outputs/run_927 (131937) has deleted/unused inode 46949.  Clear? yes

Entry 'final_output_0.bin' in /queue_q1_validation_run1/D_stress_outputs/run_928 (131938) has deleted/unused inode 46950.  Clear? yes

Entry 'final_output_0.bin' in /queue_q1_validation_run1/D_stress_outputs/run_929 (131939) has deleted/unused inode 46951.  Clear? yes

Entry 'final_output_0.bin' in /queue_q1_validation_run1/D_stress_outputs/run_930 (131940) has deleted/unused inode 46952.  Clear? yes

Entry 'final_output_0.bin' in /queue_q1_validation_run1/D_stress_outputs/run_931 (131941) has deleted/unused inode 46953.  Clear? yes

Entry 'final_output_0.bin' in /queue_q1_validation_run1/D_stress_outputs/run_932 (131942) has deleted/unused inode 46954.  Clear? yes

Entry 'final_output_0.bin' in /queue_q1_validation_run1/D_stress_outputs/run_933 (131943) has deleted/unused inode 46955.  Clear? yes

Entry 'final_output_0.bin' in /queue_q1_validation_run1/D_stress_outputs/run_934 (131944) has deleted/unused inode 46956.  Clear? yes

Entry 'final_output_0.bin' in /queue_q1_validation_run1/D_stress_outputs/run_935 (131945) has deleted/unused inode 46957.  Clear? yes

Entry 'final_output_0.bin' in /queue_q1_validation_run1/D_stress_outputs/run_936 (131946) has deleted/unused inode 46958.  Clear? yes

Entry 'final_output_0.bin' in /queue_q1_validation_run1/D_stress_outputs/run_937 (131947) has deleted/unused inode 46959.  Clear? yes

Entry 'final_output_0.bin' in /queue_q1_validation_run1/D_stress_outputs/run_938 (131948) has deleted/unused inode 46960.  Clear? yes

Entry 'final_output_0.bin' in /queue_q1_validation_run1/D_stress_outputs/run_939 (131949) has deleted/unused inode 46961.  Clear? yes

Entry 'final_output_0.bin' in /queue_q1_validation_run1/D_stress_outputs/run_940 (131950) has deleted/unused inode 46962.  Clear? yes

Entry 'final_output_0.bin' in /queue_q1_validation_run1/D_stress_outputs/run_941 (131951) has deleted/unused inode 46963.  Clear? yes

Entry 'final_output_0.bin' in /queue_q1_validation_run1/D_stress_outputs/run_942 (131952) has deleted/unused inode 46964.  Clear? yes

Entry 'final_output_0.bin' in /queue_q1_validation_run1/D_stress_outputs/run_943 (131953) has deleted/unused inode 46965.  Clear? yes

Entry 'final_output_0.bin' in /queue_q1_validation_run1/D_stress_outputs/run_944 (131954) has deleted/unused inode 46966.  Clear? yes

Entry 'final_output_0.bin' in /queue_q1_validation_run1/D_stress_outputs/run_945 (131955) has deleted/unused inode 46967.  Clear? yes

Entry 'final_output_0.bin' in /queue_q1_validation_run1/D_stress_outputs/run_946 (131956) has deleted/unused inode 46968.  Clear? yes

Entry 'final_output_0.bin' in /queue_q1_validation_run1/D_stress_outputs/run_947 (131957) has deleted/unused inode 46969.  Clear? yes

Entry 'final_output_0.bin' in /queue_q1_validation_run1/D_stress_outputs/run_948 (131958) has deleted/unused inode 46970.  Clear? yes

Entry 'final_output_0.bin' in /queue_q1_validation_run1/D_stress_outputs/run_949 (131959) has deleted/unused inode 46971.  Clear? yes

Entry 'final_output_0.bin' in /queue_q1_validation_run1/D_stress_outputs/run_950 (131960) has deleted/unused inode 46972.  Clear? yes

Entry 'final_output_0.bin' in /queue_q1_validation_run1/D_stress_outputs/run_951 (131961) has deleted/unused inode 46973.  Clear? yes

Entry 'final_output_0.bin' in /queue_q1_validation_run1/D_stress_outputs/run_952 (131962) has deleted/unused inode 46974.  Clear? yes

Entry 'final_output_0.bin' in /queue_q1_validation_run1/D_stress_outputs/run_953 (131963) has deleted/unused inode 46975.  Clear? yes

Entry 'final_output_0.bin' in /queue_q1_validation_run1/D_stress_outputs/run_954 (131964) has deleted/unused inode 46976.  Clear? yes

Entry 'final_output_0.bin' in /queue_q1_validation_run1/D_stress_outputs/run_955 (131965) has deleted/unused inode 46977.  Clear? yes

Entry 'final_output_0.bin' in /queue_q1_validation_run1/D_stress_outputs/run_956 (131966) has deleted/unused inode 46978.  Clear? yes

Entry 'final_output_0.bin' in /queue_q1_validation_run1/D_stress_outputs/run_957 (131967) has deleted/unused inode 46979.  Clear? yes

Entry 'final_output_0.bin' in /queue_q1_validation_run1/D_stress_outputs/run_958 (131968) has deleted/unused inode 46980.  Clear? yes

Entry 'final_output_0.bin' in /queue_q1_validation_run1/D_stress_outputs/run_959 (131969) has deleted/unused inode 46981.  Clear? yes

Entry 'final_output_0.bin' in /queue_q1_validation_run1/D_stress_outputs/run_960 (131970) has deleted/unused inode 46982.  Clear? yes

Entry 'final_output_0.bin' in /queue_q1_validation_run1/D_stress_outputs/run_961 (131971) has deleted/unused inode 46983.  Clear? yes

Entry 'final_output_0.bin' in /queue_q1_validation_run1/D_stress_outputs/run_962 (131972) has deleted/unused inode 46984.  Clear? yes

Entry 'final_output_0.bin' in /queue_q1_validation_run1/D_stress_outputs/run_963 (131973) has deleted/unused inode 46985.  Clear? yes

Entry 'final_output_0.bin' in /queue_q1_validation_run1/D_stress_outputs/run_964 (131974) has deleted/unused inode 46986.  Clear? yes

Entry 'final_output_0.bin' in /queue_q1_validation_run1/D_stress_outputs/run_965 (131975) has deleted/unused inode 46987.  Clear? yes

Entry 'final_output_0.bin' in /queue_q1_validation_run1/D_stress_outputs/run_966 (131976) has deleted/unused inode 46988.  Clear? yes

Entry 'final_output_0.bin' in /queue_q1_validation_run1/D_stress_outputs/run_967 (131977) has deleted/unused inode 46989.  Clear? yes

Entry 'final_output_0.bin' in /queue_q1_validation_run1/D_stress_outputs/run_968 (131978) has deleted/unused inode 46990.  Clear? yes

Entry 'final_output_0.bin' in /queue_q1_validation_run1/D_stress_outputs/run_969 (131979) has deleted/unused inode 46991.  Clear? yes

Entry 'final_output_0.bin' in /queue_q1_validation_run1/D_stress_outputs/run_970 (131980) has deleted/unused inode 46992.  Clear? yes

Pass 3: Checking directory connectivity
Pass 4: Checking reference counts
Pass 5: Checking group summary information
Block bitmap differences:  -(509361--509375) -(510457--510459) -(510477--510522)
Fix? yes

Free blocks count wrong for group #15 (3997, counted=4061).
Fix? yes

Free blocks count wrong (4096, counted=4160).
Fix? yes

Inode bitmap differences:  -(46945--46992)
Fix? yes

Free inodes count wrong for group #1 (17704, counted=17752).
Fix? yes

Free inodes count wrong (461531, counted=461579).
Fix? yes


/dev/mmcblk1p2: ***** FILE SYSTEM WAS MODIFIED *****
/dev/mmcblk1p2: 56309/517888 files (0.1% non-contiguous), 513697/517857 blocks
