candidate=3c3f0c2f61935d8c6cf066a489be489304555321c7544a7ddfd7f27dc090f20f workload=W00 mode=original
/home/orange/code/tvm/python/tvm/target/target.py:301: UserWarning: target_host parameter is going to be deprecated. Please pass in tvm.target.Target(target, host=target_host) instead.
  warnings.warn(
2026-09-11 00:39:07.152 INFO load_module /tmp/tmp89t4gou2/3c3f0c2f61935d8c6cf066a489be489304555321c7544a7ddfd7f27dc090f20f.o
[VTA_QUEUE] {"submit":1,"queue_id":"0x57a2fe3ba5a0","reason":"explicit_sync","insn_capacity":33554432,"uop_capacity":33554432,"submit_threshold":33554432,"submit_threshold_configured":false,"insn_bytes":4192,"uop_bytes":236,"insn_peak":4192,"uop_peak":236,"load_bytes":745472,"store_bytes":200704,"finalize_us":0.170,"uop_pack_us":0.462,"uop_copy_us":0.047,"insn_copy_us":1.011,"queue_cache_us":0.047,"device_run_us":19337.953,"submit_mmio_us":0.000,"poll_wait_us":0.000,"timeout":0}


candidate=a7157fccec480fdb7db359c9643912303ae06e6e5d2a642071a496f35c1de7f5 workload=W00 mode=weight_stationary_barrier
/home/orange/code/tvm/python/tvm/target/target.py:301: UserWarning: target_host parameter is going to be deprecated. Please pass in tvm.target.Target(target, host=target_host) instead.
  warnings.warn(
2026-09-11 00:39:08.380 INFO load_module /tmp/tmppoyjmnua/a7157fccec480fdb7db359c9643912303ae06e6e5d2a642071a496f35c1de7f5.o
[VTA_QUEUE] {"submit":1,"queue_id":"0x5e7a832f51e0","reason":"explicit_sync","insn_capacity":33554432,"uop_capacity":33554432,"submit_threshold":33554432,"submit_threshold_configured":false,"insn_bytes":1808,"uop_bytes":812,"insn_peak":1808,"uop_peak":812,"load_bytes":262144,"store_bytes":100352,"finalize_us":0.141,"uop_pack_us":1.161,"uop_copy_us":0.047,"insn_copy_us":0.066,"queue_cache_us":0.048,"device_run_us":9120.027,"submit_mmio_us":0.000,"poll_wait_us":0.000,"timeout":0}
[VTA_QUEUE] {"submit":2,"queue_id":"0x5e7a832f51e0","reason":"explicit_sync","insn_capacity":33554432,"uop_capacity":33554432,"submit_threshold":33554432,"submit_threshold_configured":false,"insn_bytes":1808,"uop_bytes":812,"insn_peak":1808,"uop_peak":812,"load_bytes":262144,"store_bytes":100352,"finalize_us":0.113,"uop_pack_us":0.397,"uop_copy_us":0.057,"insn_copy_us":0.056,"queue_cache_us":0.047,"device_run_us":9968.699,"submit_mmio_us":0.000,"poll_wait_us":0.000,"timeout":0}
[VTA_QUEUE] {"submit":3,"queue_id":"0x5e7a832f51e0","reason":"explicit_sync","insn_capacity":33554432,"uop_capacity":33554432,"submit_threshold":33554432,"submit_threshold_configured":false,"insn_bytes":64,"uop_bytes":0,"insn_peak":1808,"uop_peak":812,"load_bytes":0,"store_bytes":0,"finalize_us":0.189,"uop_pack_us":0.746,"uop_copy_us":0.066,"insn_copy_us":0.037,"queue_cache_us":0.047,"device_run_us":1.209,"submit_mmio_us":0.000,"poll_wait_us":0.000,"timeout":0}


candidate=53bc1b1555d281e271367dda00465d1c519583e7d8de046a857ee33ba7b0445d workload=W02 mode=original
/home/orange/code/tvm/python/tvm/target/target.py:301: UserWarning: target_host parameter is going to be deprecated. Please pass in tvm.target.Target(target, host=target_host) instead.
  warnings.warn(
2026-09-11 00:39:09.517 INFO load_module /tmp/tmp25yq95yd/53bc1b1555d281e271367dda00465d1c519583e7d8de046a857ee33ba7b0445d.o
[VTA_QUEUE] {"submit":1,"queue_id":"0x577c68226a00","reason":"explicit_sync","insn_capacity":33554432,"uop_capacity":33554432,"submit_threshold":33554432,"submit_threshold_configured":false,"insn_bytes":7840,"uop_bytes":208,"insn_peak":7840,"uop_peak":208,"load_bytes":1077248,"store_bytes":100352,"finalize_us":0.255,"uop_pack_us":0.473,"uop_copy_us":0.047,"insn_copy_us":0.793,"queue_cache_us":0.047,"device_run_us":18850.632,"submit_mmio_us":0.000,"poll_wait_us":0.000,"timeout":0}


candidate=b975b5e12b53db2d6ef72f8ce10b839cca0c9a7495115f8d7172deaf0996f77a workload=W02 mode=weight_stationary_barrier
/home/orange/code/tvm/python/tvm/target/target.py:301: UserWarning: target_host parameter is going to be deprecated. Please pass in tvm.target.Target(target, host=target_host) instead.
  warnings.warn(
2026-09-11 00:39:10.597 INFO load_module /tmp/tmpfn67g0wv/b975b5e12b53db2d6ef72f8ce10b839cca0c9a7495115f8d7172deaf0996f77a.o
[VTA_QUEUE] {"submit":1,"queue_id":"0x5d89ca6fe160","reason":"explicit_sync","insn_capacity":33554432,"uop_capacity":33554432,"submit_threshold":33554432,"submit_threshold_configured":false,"insn_bytes":1712,"uop_bytes":1384,"insn_peak":1712,"uop_peak":1384,"load_bytes":158720,"store_bytes":25088,"finalize_us":0.349,"uop_pack_us":0.811,"uop_copy_us":0.076,"insn_copy_us":0.047,"queue_cache_us":0.047,"device_run_us":4593.280,"submit_mmio_us":0.000,"poll_wait_us":0.000,"timeout":0}
[VTA_QUEUE] {"submit":2,"queue_id":"0x5d89ca6fe160","reason":"explicit_sync","insn_capacity":33554432,"uop_capacity":33554432,"submit_threshold":33554432,"submit_threshold_configured":false,"insn_bytes":1712,"uop_bytes":1384,"insn_peak":1712,"uop_peak":1384,"load_bytes":158720,"store_bytes":25088,"finalize_us":0.170,"uop_pack_us":0.584,"uop_copy_us":0.076,"insn_copy_us":0.038,"queue_cache_us":0.057,"device_run_us":4512.849,"submit_mmio_us":0.000,"poll_wait_us":0.000,"timeout":0}
[VTA_QUEUE] {"submit":3,"queue_id":"0x5d89ca6fe160","reason":"explicit_sync","insn_capacity":33554432,"uop_capacity":33554432,"submit_threshold":33554432,"submit_threshold_configured":false,"insn_bytes":1712,"uop_bytes":1384,"insn_peak":1712,"uop_peak":1384,"load_bytes":158720,"store_bytes":25088,"finalize_us":0.161,"uop_pack_us":0.594,"uop_copy_us":0.076,"insn_copy_us":0.038,"queue_cache_us":0.048,"device_run_us":4613.774,"submit_mmio_us":0.000,"poll_wait_us":0.000,"timeout":0}
[VTA_QUEUE] {"submit":4,"queue_id":"0x5d89ca6fe160","reason":"explicit_sync","insn_capacity":33554432,"uop_capacity":33554432,"submit_threshold":33554432,"submit_threshold_configured":false,"insn_bytes":1712,"uop_bytes":1384,"insn_peak":1712,"uop_peak":1384,"load_bytes":158720,"store_bytes":25088,"finalize_us":0.170,"uop_pack_us":0.586,"uop_copy_us":0.218,"insn_copy_us":0.038,"queue_cache_us":0.056,"device_run_us":4589.000,"submit_mmio_us":0.000,"poll_wait_us":0.000,"timeout":0}
[VTA_QUEUE] {"submit":5,"queue_id":"0x5d89ca6fe160","reason":"explicit_sync","insn_capacity":33554432,"uop_capacity":33554432,"submit_threshold":33554432,"submit_threshold_configured":false,"insn_bytes":64,"uop_bytes":0,"insn_peak":1712,"uop_peak":1384,"load_bytes":0,"store_bytes":0,"finalize_us":0.179,"uop_pack_us":0.775,"uop_copy_us":0.048,"insn_copy_us":0.038,"queue_cache_us":0.048,"device_run_us":1.076,"submit_mmio_us":0.000,"poll_wait_us":0.000,"timeout":0}


candidate=612a1b250bdb4c6bd444a00fc1a4dcc161a3b237245fa9334bac2edd1a0af8c6 workload=W09 mode=original
/home/orange/code/tvm/python/tvm/target/target.py:301: UserWarning: target_host parameter is going to be deprecated. Please pass in tvm.target.Target(target, host=target_host) instead.
  warnings.warn(
2026-09-11 00:39:11.729 INFO load_module /tmp/tmpn_m8peu4/612a1b250bdb4c6bd444a00fc1a4dcc161a3b237245fa9334bac2edd1a0af8c6.o
[VTA_QUEUE] {"submit":1,"queue_id":"0x57d3ee003000","reason":"explicit_sync","insn_capacity":33554432,"uop_capacity":33554432,"submit_threshold":33554432,"submit_threshold_configured":false,"insn_bytes":1888,"uop_bytes":68,"insn_peak":1888,"uop_peak":68,"load_bytes":217600,"store_bytes":25088,"finalize_us":0.293,"uop_pack_us":0.274,"uop_copy_us":0.057,"insn_copy_us":0.076,"queue_cache_us":0.056,"device_run_us":1092.061,"submit_mmio_us":0.000,"poll_wait_us":0.000,"timeout":0}


candidate=4d6e8e9d86e58fd12689afc0f337afe6635ef114392feb3db76d4588fd9001d5 workload=W09 mode=weight_stationary_barrier
/home/orange/code/tvm/python/tvm/target/target.py:301: UserWarning: target_host parameter is going to be deprecated. Please pass in tvm.target.Target(target, host=target_host) instead.
  warnings.warn(
2026-09-11 00:39:12.735 INFO load_module /tmp/tmp1hd8w32q/4d6e8e9d86e58fd12689afc0f337afe6635ef114392feb3db76d4588fd9001d5.o
[VTA_QUEUE] {"submit":1,"queue_id":"0x5e5123163b40","reason":"explicit_sync","insn_capacity":33554432,"uop_capacity":33554432,"submit_threshold":33554432,"submit_threshold_configured":false,"insn_bytes":992,"uop_bytes":488,"insn_peak":992,"uop_peak":488,"load_bytes":108800,"store_bytes":12544,"finalize_us":0.227,"uop_pack_us":0.651,"uop_copy_us":0.047,"insn_copy_us":0.076,"queue_cache_us":0.058,"device_run_us":577.141,"submit_mmio_us":0.000,"poll_wait_us":0.000,"timeout":0}
[VTA_QUEUE] {"submit":2,"queue_id":"0x5e5123163b40","reason":"explicit_sync","insn_capacity":33554432,"uop_capacity":33554432,"submit_threshold":33554432,"submit_threshold_configured":false,"insn_bytes":992,"uop_bytes":488,"insn_peak":992,"uop_peak":488,"load_bytes":108800,"store_bytes":12544,"finalize_us":0.170,"uop_pack_us":0.331,"uop_copy_us":0.067,"insn_copy_us":0.066,"queue_cache_us":0.046,"device_run_us":558.091,"submit_mmio_us":0.000,"poll_wait_us":0.000,"timeout":0}
[VTA_QUEUE] {"submit":3,"queue_id":"0x5e5123163b40","reason":"explicit_sync","insn_capacity":33554432,"uop_capacity":33554432,"submit_threshold":33554432,"submit_threshold_configured":false,"insn_bytes":64,"uop_bytes":0,"insn_peak":992,"uop_peak":488,"load_bytes":0,"store_bytes":0,"finalize_us":0.188,"uop_pack_us":0.576,"uop_copy_us":0.057,"insn_copy_us":0.037,"queue_cache_us":0.057,"device_run_us":1.153,"submit_mmio_us":0.000,"poll_wait_us":0.000,"timeout":0}

