W00 input_stationary passed_local_signature diagnostics=1
W00 input_stationary passed_local_signature diagnostics=1
W00 input_stationary passed_local_signature diagnostics=1
W00 original passed_local_signature diagnostics=1
W00 original passed_local_signature diagnostics=1
W00 original passed_local_signature diagnostics=1
W00 original passed_local_signature diagnostics=1
W00 original passed_local_signature diagnostics=1
W00 paper_inspired_hybrid passed_local_signature diagnostics=1
W00 paper_inspired_hybrid passed_local_signature diagnostics=1
W00 paper_inspired_hybrid passed_local_signature diagnostics=1
W00 weight_stationary passed_local_signature diagnostics=1
W00 weight_stationary passed_local_signature diagnostics=1
W00 weight_stationary passed_local_signature diagnostics=1
W00 weight_stationary passed_local_signature diagnostics=1
W00 weight_stationary_barrier passed_local_signature diagnostics=3
W00 weight_stationary_barrier passed_local_signature diagnostics=3
W00 weight_stationary_barrier passed_local_signature diagnostics=2
W00 weight_stationary_barrier passed_local_signature diagnostics=3
W01 input_stationary passed_local_signature diagnostics=1
W01 input_stationary passed_local_signature diagnostics=1
W01 input_stationary passed_local_signature diagnostics=1
W01 original passed_local_signature diagnostics=1
W01 original passed_local_signature diagnostics=1
W01 original passed_local_signature diagnostics=1
W01 original passed_local_signature diagnostics=1
W01 original passed_local_signature diagnostics=1
W01 paper_inspired_hybrid passed_local_signature diagnostics=1
W01 paper_inspired_hybrid passed_local_signature diagnostics=1
W01 paper_inspired_hybrid passed_local_signature diagnostics=1
W01 weight_stationary passed_local_signature diagnostics=1
W01 weight_stationary passed_local_signature diagnostics=1
W01 weight_stationary passed_local_signature diagnostics=1
W01 weight_stationary passed_local_signature diagnostics=1
W01 weight_stationary_barrier passed_local_signature diagnostics=3
W01 weight_stationary_barrier passed_local_signature diagnostics=3
W01 weight_stationary_barrier passed_local_signature diagnostics=2
W01 weight_stationary_barrier passed_local_signature diagnostics=3
W02 input_stationary passed_local_signature diagnostics=1
W02 original passed_local_signature diagnostics=1
W02 original passed_local_signature diagnostics=1
W02 original passed_local_signature diagnostics=1
W02 original passed_local_signature diagnostics=1
W02 original passed_local_signature diagnostics=1
W02 paper_inspired_hybrid passed_local_signature diagnostics=1
W02 paper_inspired_hybrid passed_local_signature diagnostics=1
W02 weight_stationary passed_local_signature diagnostics=1
W02 weight_stationary passed_local_signature diagnostics=1
W02 weight_stationary passed_local_signature diagnostics=1
W02 weight_stationary passed_local_signature diagnostics=1
W02 weight_stationary_barrier passed_local_signature diagnostics=3
W02 weight_stationary_barrier passed_local_signature diagnostics=5
W02 weight_stationary_barrier passed_local_signature diagnostics=5
W02 weight_stationary_barrier passed_local_signature diagnostics=5
W03 input_stationary passed_local_signature diagnostics=1
W03 input_stationary passed_local_signature diagnostics=1
W03 input_stationary passed_local_signature diagnostics=1
W03 original passed_local_signature diagnostics=1
W03 original passed_local_signature diagnostics=1
W03 original passed_local_signature diagnostics=1
W03 original passed_local_signature diagnostics=1
W03 original passed_local_signature diagnostics=1
W03 paper_inspired_hybrid passed_local_signature diagnostics=1
W03 paper_inspired_hybrid passed_local_signature diagnostics=1
W03 paper_inspired_hybrid passed_local_signature diagnostics=1
W03 weight_stationary passed_local_signature diagnostics=1
W03 weight_stationary passed_local_signature diagnostics=1
W03 weight_stationary passed_local_signature diagnostics=1
W03 weight_stationary passed_local_signature diagnostics=1
W03 weight_stationary_barrier passed_local_signature diagnostics=3
W03 weight_stationary_barrier passed_local_signature diagnostics=2
W03 weight_stationary_barrier passed_local_signature diagnostics=3
W03 weight_stationary_barrier passed_local_signature diagnostics=3
W04 input_stationary passed_local_signature diagnostics=1
W04 input_stationary passed_local_signature diagnostics=1
W04 original passed_local_signature diagnostics=1
W04 original passed_local_signature diagnostics=1
W04 original passed_local_signature diagnostics=1
W04 original passed_local_signature diagnostics=1
W04 original passed_local_signature diagnostics=1
W04 original passed_local_signature diagnostics=1
W04 paper_inspired_hybrid passed_local_signature diagnostics=1
W04 paper_inspired_hybrid passed_local_signature diagnostics=1
W04 paper_inspired_hybrid passed_local_signature diagnostics=1
W04 weight_stationary passed_local_signature diagnostics=1
W04 weight_stationary passed_local_signature diagnostics=1
W04 weight_stationary passed_local_signature diagnostics=1
W04 weight_stationary passed_local_signature diagnostics=1
W04 weight_stationary_barrier passed_local_signature diagnostics=5
W04 weight_stationary_barrier passed_local_signature diagnostics=3
W04 weight_stationary_barrier passed_local_signature diagnostics=9
W04 weight_stationary_barrier passed_local_signature diagnostics=5
W05 input_stationary passed_local_signature diagnostics=1
W05 input_stationary passed_local_signature diagnostics=1
W05 original passed_local_signature diagnostics=1
W05 original passed_local_signature diagnostics=1
W05 original passed_local_signature diagnostics=1
W05 original passed_local_signature diagnostics=1
W05 original passed_local_signature diagnostics=1
W05 original passed_local_signature diagnostics=1
W05 paper_inspired_hybrid passed_local_signature diagnostics=1
W05 paper_inspired_hybrid passed_local_signature diagnostics=1
W05 paper_inspired_hybrid passed_local_signature diagnostics=1
W05 weight_stationary passed_local_signature diagnostics=1
W05 weight_stationary passed_local_signature diagnostics=1
W05 weight_stationary passed_local_signature diagnostics=1
W05 weight_stationary passed_local_signature diagnostics=1
W05 weight_stationary_barrier passed_local_signature diagnostics=9
W05 weight_stationary_barrier passed_local_signature diagnostics=5
W05 weight_stationary_barrier passed_local_signature diagnostics=5
W06 input_stationary passed_local_signature diagnostics=1
W06 input_stationary passed_local_signature diagnostics=1
W06 input_stationary passed_local_signature diagnostics=1
W06 original passed_local_signature diagnostics=1
W06 original passed_local_signature diagnostics=1
W06 original passed_local_signature diagnostics=1
W06 original passed_local_signature diagnostics=1
W06 original passed_local_signature diagnostics=1
W06 paper_inspired_hybrid passed_local_signature diagnostics=1
W06 paper_inspired_hybrid passed_local_signature diagnostics=1
W06 paper_inspired_hybrid passed_local_signature diagnostics=1
W06 weight_stationary passed_local_signature diagnostics=1
W06 weight_stationary passed_local_signature diagnostics=1
W06 weight_stationary passed_local_signature diagnostics=1
W06 weight_stationary passed_local_signature diagnostics=1
W06 weight_stationary_barrier passed_local_signature diagnostics=2
W06 weight_stationary_barrier passed_local_signature diagnostics=5
W06 weight_stationary_barrier passed_local_signature diagnostics=3
W06 weight_stationary_barrier passed_local_signature diagnostics=3
W07 input_stationary passed_local_signature diagnostics=1
W07 input_stationary passed_local_signature diagnostics=1
W07 input_stationary passed_local_signature diagnostics=1
W07 input_stationary passed_local_signature diagnostics=1
W07 input_stationary passed_local_signature diagnostics=1
W07 original passed_local_signature diagnostics=1
W07 original passed_local_signature diagnostics=1
W07 original passed_local_signature diagnostics=1
W07 original passed_local_signature diagnostics=1
W07 original passed_local_signature diagnostics=1
W07 original passed_local_signature diagnostics=1
W07 paper_inspired_hybrid passed_local_signature diagnostics=1
W07 paper_inspired_hybrid passed_local_signature diagnostics=1
W07 paper_inspired_hybrid passed_local_signature diagnostics=1
W07 paper_inspired_hybrid passed_local_signature diagnostics=1
W07 paper_inspired_hybrid passed_local_signature diagnostics=1
W07 weight_stationary passed_local_signature diagnostics=1
W07 weight_stationary passed_local_signature diagnostics=1
W07 weight_stationary passed_local_signature diagnostics=1
W07 weight_stationary passed_local_signature diagnostics=1
W07 weight_stationary passed_local_signature diagnostics=1
W08 input_stationary passed_local_signature diagnostics=1
W08 input_stationary passed_local_signature diagnostics=1
W08 input_stationary passed_local_signature diagnostics=1
W08 input_stationary passed_local_signature diagnostics=1
W08 input_stationary passed_local_signature diagnostics=1
W08 original passed_local_signature diagnostics=1
W08 original passed_local_signature diagnostics=1
W08 original passed_local_signature diagnostics=1
W08 original passed_local_signature diagnostics=1
W08 original passed_local_signature diagnostics=1
W08 original passed_local_signature diagnostics=1
W08 paper_inspired_hybrid passed_local_signature diagnostics=1
W08 paper_inspired_hybrid passed_local_signature diagnostics=1
W08 paper_inspired_hybrid passed_local_signature diagnostics=1
W08 paper_inspired_hybrid passed_local_signature diagnostics=1
W08 paper_inspired_hybrid passed_local_signature diagnostics=1
W08 weight_stationary passed_local_signature diagnostics=1
W08 weight_stationary passed_local_signature diagnostics=1
W08 weight_stationary passed_local_signature diagnostics=1
W08 weight_stationary passed_local_signature diagnostics=1
W08 weight_stationary passed_local_signature diagnostics=1
W09 input_stationary passed_local_signature diagnostics=1
W09 input_stationary passed_local_signature diagnostics=1
W09 input_stationary passed_local_signature diagnostics=1
W09 input_stationary passed_local_signature diagnostics=1
W09 input_stationary passed_local_signature diagnostics=1
W09 original passed_local_signature diagnostics=1
W09 original passed_local_signature diagnostics=1
W09 original passed_local_signature diagnostics=1
W09 original passed_local_signature diagnostics=1
W09 original passed_local_signature diagnostics=1
W09 original passed_local_signature diagnostics=1
W09 paper_inspired_hybrid passed_local_signature diagnostics=1
W09 paper_inspired_hybrid passed_local_signature diagnostics=1
W09 paper_inspired_hybrid passed_local_signature diagnostics=1
W09 paper_inspired_hybrid passed_local_signature diagnostics=1
W09 paper_inspired_hybrid passed_local_signature diagnostics=1
W09 weight_stationary passed_local_signature diagnostics=1
W09 weight_stationary passed_local_signature diagnostics=1
W09 weight_stationary passed_local_signature diagnostics=1
W09 weight_stationary passed_local_signature diagnostics=1
W09 weight_stationary passed_local_signature diagnostics=1
W09 weight_stationary_barrier passed_local_signature diagnostics=5
W09 weight_stationary_barrier passed_local_signature diagnostics=3
W09 weight_stationary_barrier passed_local_signature diagnostics=3
W09 weight_stationary_barrier passed_local_signature diagnostics=2
W09 weight_stationary_barrier passed_local_signature diagnostics=3
